<html>
<body>
<pre>
<h1>µVision Build Log</h1>
<h2>Tool Versions:</h2>
IDE-Version: µVision V5.23.0.0
Copyright (C) 2017 ARM Ltd and ARM Germany GmbH. All rights reserved.
License Information: Yu Lu, Imperial College, LIC=BUUGK-ZAKC8-XUC41-CVNB8-0RQ79-LCXGI
 
Tool Versions:
Toolchain:       MDK-ARM Plus  Version: 5.23
Toolchain Path:  C:\Keil_v5\ARM\ARMCC\Bin
C Compiler:      Armcc.exe V5.06 update 4 (build 422)
Assembler:       Armasm.exe V5.06 update 4 (build 422)
Linker/Locator:  ArmLink.exe V5.06 update 4 (build 422)
Library Manager: ArmAr.exe V5.06 update 4 (build 422)
Hex Converter:   FromElf.exe V5.06 update 4 (build 422)
CPU DLL:         
Dialog DLL:      
Target DLL:      Segger\JL2CM3.dll V2.99.23.0
Dialog DLL:      TCM.DLL V1.27.0.0
 
<h2>Project:</h2>
C:\Users\”Ó\Desktop\FYP_Workspace\Nordic52840\nRF5_SDK_13.0.0_04a0bfd\examples\ble_peripheral\fyp_ble_receiver\pca10056\s140\arm5_no_packs\ble_app_uart_pca10056_s140.uvprojx
Project File Date:  06/01/2018

<h2>Output:</h2>
*** Using Compiler 'V5.06 update 4 (build 422)', folder: 'C:\Keil_v5\ARM\ARMCC\Bin'
Build target 'nrf52840_xxaa'
compiling main.c...
..\..\..\main.c(190): warning:  #177-D: variable "err_code"  was declared but never referenced
      uint32_t err_code;
..\..\..\main.c(191): warning:  #177-D: variable "quat"  was declared but never referenced
  		long quat[4];
..\..\..\main.c(192): warning:  #177-D: variable "quat_print"  was declared but never referenced
  		float quat_print[4];
..\..\..\main.c(193): warning:  #177-D: variable "accel_print"  was declared but never referenced
  		float accel_print[3];
..\..\..\main.c(165): warning:  #177-D: function "bytes_to_float"  was declared but never referenced
  static void bytes_to_float(float *float_result, uint8_t b0, uint8_t b1, uint8_t b2, uint8_t b3)
..\..\..\main.c: 5 warnings, 0 errors
linking...
Program Size: Code=18596 RO-data=2148 RW-data=176 ZI-data=10760  
FromELF: creating hex file...
".\_build\nrf52840_xxaa.axf" - 0 Error(s), 5 Warning(s).

<h2>Software Packages used:</h2>

Package Vendor: ARM
                http://www.keil.com/pack/ARM.CMSIS.4.5.0.pack
                ARM::CMSIS:CORE:4.3.0
                CMSIS (Cortex Microcontroller Software Interface Standard)
   * Component: CORE Version: 4.3.0

Package Vendor: NordicSemiconductor
                http://developer.nordicsemi.com/nRF5_SDK/pieces/nRF_DeviceFamilyPack/NordicSemiconductor.nRF_DeviceFamilyPack.8.12.0.pack
                NordicSemiconductor::Device:Startup:8.12.0
                Nordic Semiconductor nRF ARM devices Device Family Pack.
   * Component: Startup Version: 8.12.0

<h2>Collection of Component include folders:</h2>
  .\RTE\_nrf52840_xxaa
  C:\Keil_v5\ARM\PACK\ARM\CMSIS\4.5.0\CMSIS\Include
  C:\Keil_v5\ARM\PACK\NordicSemiconductor\nRF_DeviceFamilyPack\8.12.0\Device\Include
  C:\Keil_v5\ARM\PACK\NordicSemiconductor\nRF_DeviceFamilyPack\8.16.0\Device\Include

<h2>Collection of Component Files used:</h2>

   * Component: ARM::CMSIS:CORE:4.3.0

   * Component: NordicSemiconductor::Device:Startup:8.12.0
      Source file:   Device\Source\system_nrf52840.c
      Source file:   Device\Source\arm\arm_startup_nrf52840.s
      Include file:  Device\Include\system_nrf52840.h
Build Time Elapsed:  00:00:02
</pre>
</body>
</html>
