Component: ARM Compiler 5.06 update 4 (build 422) Tool: armlink [4d35d2]

==============================================================================

Section Cross References

    main.o(i.advertising_init) refers to memseta.o(.text) for __aeabi_memclr4
    main.o(i.advertising_init) refers to ble_advertising.o(i.ble_advertising_init) for ble_advertising_init
    main.o(i.advertising_init) refers to app_error.o(i.app_error_handler_bare) for app_error_handler_bare
    main.o(i.advertising_init) refers to ble_advertising.o(i.ble_advertising_conn_cfg_tag_set) for ble_advertising_conn_cfg_tag_set
    main.o(i.advertising_init) refers to main.o(.data) for .data
    main.o(i.advertising_init) refers to main.o(i.on_adv_evt) for on_adv_evt
    main.o(i.assert_nrf_callback) refers to app_error.o(i.app_error_handler) for app_error_handler
    main.o(i.ble_evt_dispatch) refers to ble_conn_params.o(i.ble_conn_params_on_ble_evt) for ble_conn_params_on_ble_evt
    main.o(i.ble_evt_dispatch) refers to nrf_ble_gatt.o(i.nrf_ble_gatt_on_ble_evt) for nrf_ble_gatt_on_ble_evt
    main.o(i.ble_evt_dispatch) refers to ble_nus.o(i.ble_nus_on_ble_evt) for ble_nus_on_ble_evt
    main.o(i.ble_evt_dispatch) refers to main.o(i.on_ble_evt) for on_ble_evt
    main.o(i.ble_evt_dispatch) refers to ble_advertising.o(i.ble_advertising_on_ble_evt) for ble_advertising_on_ble_evt
    main.o(i.ble_evt_dispatch) refers to bsp_btn_ble.o(i.bsp_btn_ble_on_ble_evt) for bsp_btn_ble_on_ble_evt
    main.o(i.ble_evt_dispatch) refers to main.o(.bss) for .bss
    main.o(i.ble_stack_init) refers to softdevice_handler.o(i.softdevice_handler_init) for softdevice_handler_init
    main.o(i.ble_stack_init) refers to app_error.o(i.app_error_handler_bare) for app_error_handler_bare
    main.o(i.ble_stack_init) refers to softdevice_handler.o(i.softdevice_app_ram_start_get) for softdevice_app_ram_start_get
    main.o(i.ble_stack_init) refers to softdevice_handler.o(i.softdevice_enable) for softdevice_enable
    main.o(i.ble_stack_init) refers to softdevice_handler.o(i.softdevice_ble_evt_handler_set) for softdevice_ble_evt_handler_set
    main.o(i.ble_stack_init) refers to main.o(.constdata) for .constdata
    main.o(i.ble_stack_init) refers to main.o(.bss) for .bss
    main.o(i.ble_stack_init) refers to main.o(i.ble_evt_dispatch) for ble_evt_dispatch
    main.o(i.bsp_event_handler) refers to main.o(i.sleep_mode_enter) for sleep_mode_enter
    main.o(i.bsp_event_handler) refers to app_error.o(i.app_error_handler_bare) for app_error_handler_bare
    main.o(i.bsp_event_handler) refers to ble_advertising.o(i.ble_advertising_restart_without_whitelist) for ble_advertising_restart_without_whitelist
    main.o(i.bsp_event_handler) refers to main.o(.data) for .data
    main.o(i.conn_params_error_handler) refers to app_error.o(i.app_error_handler_bare) for app_error_handler_bare
    main.o(i.gatt_evt_handler) refers to nrf_log_frontend.o(i.nrf_log_frontend_std_2) for nrf_log_frontend_std_2
    main.o(i.gatt_evt_handler) refers to main.o(.data) for .data
    main.o(i.gatt_evt_handler) refers to main.o(.conststring) for .conststring
    main.o(i.gatt_init) refers to nrf_ble_gatt.o(i.nrf_ble_gatt_init) for nrf_ble_gatt_init
    main.o(i.gatt_init) refers to app_error.o(i.app_error_handler_bare) for app_error_handler_bare
    main.o(i.gatt_init) refers to nrf_ble_gatt.o(i.nrf_ble_gatt_att_mtu_periph_set) for nrf_ble_gatt_att_mtu_periph_set
    main.o(i.gatt_init) refers to main.o(i.gatt_evt_handler) for gatt_evt_handler
    main.o(i.gatt_init) refers to main.o(.bss) for .bss
    main.o(i.main) refers to app_timer.o(i.app_timer_init) for app_timer_init
    main.o(i.main) refers to app_error.o(i.app_error_handler_bare) for app_error_handler_bare
    main.o(i.main) refers to memcpya.o(.text) for __aeabi_memcpy4
    main.o(i.main) refers to app_uart_fifo.o(i.app_uart_init) for app_uart_init
    main.o(i.main) refers to nrf_log_frontend.o(i.nrf_log_init) for nrf_log_init
    main.o(i.main) refers to bsp.o(i.bsp_init) for bsp_init
    main.o(i.main) refers to bsp_btn_ble.o(i.bsp_btn_ble_init) for bsp_btn_ble_init
    main.o(i.main) refers to main.o(i.ble_stack_init) for ble_stack_init
    main.o(i.main) refers to main.o(i.gatt_init) for gatt_init
    main.o(i.main) refers to ble_nus.o(i.ble_nus_init) for ble_nus_init
    main.o(i.main) refers to main.o(i.advertising_init) for advertising_init
    main.o(i.main) refers to memseta.o(.text) for __aeabi_memclr4
    main.o(i.main) refers to ble_conn_params.o(i.ble_conn_params_init) for ble_conn_params_init
    main.o(i.main) refers to printf8.o(i.__0printf$8) for __2printf
    main.o(i.main) refers to nrf_log_frontend.o(i.nrf_log_frontend_std_0) for nrf_log_frontend_std_0
    main.o(i.main) refers to ble_advertising.o(i.ble_advertising_start) for ble_advertising_start
    main.o(i.main) refers to main.o(.constdata) for .constdata
    main.o(i.main) refers to main.o(.bss) for .bss
[...]
    list_insertions_handler                  0x000247b9   Thumb Code   234  app_timer.o(i.list_insertions_handler)
    i.main                                   0x000248b0   Section        0  main.o(i.main)
    i.manuf_specific_data_encode             0x00024a2c   Section        0  ble_advdata.o(i.manuf_specific_data_encode)
    manuf_specific_data_encode               0x00024a2d   Thumb Code   100  ble_advdata.o(i.manuf_specific_data_encode)
    i.name_encode                            0x00024a90   Section        0  ble_advdata.o(i.name_encode)
    name_encode                              0x00024a91   Thumb Code   156  ble_advdata.o(i.name_encode)
    i.nrf_bitmask_bit_is_set                 0x00024b2c   Section        0  nrf_drv_gpiote.o(i.nrf_bitmask_bit_is_set)
    nrf_bitmask_bit_is_set                   0x00024b2d   Thumb Code    16  nrf_drv_gpiote.o(i.nrf_bitmask_bit_is_set)
    i.nrf_ble_gatt_att_mtu_periph_set        0x00024b3c   Section        0  nrf_ble_gatt.o(i.nrf_ble_gatt_att_mtu_periph_set)
    i.nrf_ble_gatt_init                      0x00024b54   Section        0  nrf_ble_gatt.o(i.nrf_ble_gatt_init)
    i.nrf_ble_gatt_on_ble_evt                0x00024b80   Section        0  nrf_ble_gatt.o(i.nrf_ble_gatt_on_ble_evt)
    i.nrf_clock_event_check                  0x00024c24   Section        0  nrf_drv_clock.o(i.nrf_clock_event_check)
    nrf_clock_event_check                    0x00024c25   Thumb Code    14  nrf_drv_clock.o(i.nrf_clock_event_check)
    i.nrf_clock_event_clear                  0x00024c32   Section        0  nrf_drv_clock.o(i.nrf_clock_event_clear)
    nrf_clock_event_clear                    0x00024c33   Thumb Code    16  nrf_drv_clock.o(i.nrf_clock_event_clear)
    i.nrf_delay_us                           0x00024c44   Section        0  app_timer.o(i.nrf_delay_us)
    nrf_delay_us                             0x00024c45   Thumb Code   132  app_timer.o(i.nrf_delay_us)
    i.nrf_drv_clock_init                     0x00024cd0   Section        0  nrf_drv_clock.o(i.nrf_drv_clock_init)
    i.nrf_drv_clock_on_sd_enable             0x00024d18   Section        0  nrf_drv_clock.o(i.nrf_drv_clock_on_sd_enable)
    i.nrf_drv_clock_on_soc_event             0x00024d48   Section        0  nrf_drv_clock.o(i.nrf_drv_clock_on_soc_event)
    i.nrf_drv_common_irq_enable              0x00024d52   Section        0  nrf_drv_common.o(i.nrf_drv_common_irq_enable)
    i.nrf_drv_get_IRQn                       0x00024d8a   Section        0  nrf_drv_uart.o(i.nrf_drv_get_IRQn)
    nrf_drv_get_IRQn                         0x00024d8b   Thumb Code     6  nrf_drv_uart.o(i.nrf_drv_get_IRQn)
    i.nrf_drv_gpiote_in_event_enable         0x00024d90   Section        0  nrf_drv_gpiote.o(i.nrf_drv_gpiote_in_event_enable)
    i.nrf_drv_gpiote_in_init                 0x00024e28   Section        0  nrf_drv_gpiote.o(i.nrf_drv_gpiote_in_init)
    i.nrf_drv_gpiote_in_is_set               0x00024ee8   Section        0  nrf_drv_gpiote.o(i.nrf_drv_gpiote_in_is_set)
    i.nrf_drv_gpiote_init                    0x00024ef8   Section        0  nrf_drv_gpiote.o(i.nrf_drv_gpiote_init)
    i.nrf_drv_gpiote_is_init                 0x00024f54   Section        0  nrf_drv_gpiote.o(i.nrf_drv_gpiote_is_init)
    i.nrf_drv_is_in_RAM                      0x00024f68   Section        0  nrf_drv_uart.o(i.nrf_drv_is_in_RAM)
    nrf_drv_is_in_RAM                        0x00024f69   Thumb Code    16  nrf_drv_uart.o(i.nrf_drv_is_in_RAM)
    i.nrf_drv_uart_init                      0x00024f78   Section        0  nrf_drv_uart.o(i.nrf_drv_uart_init)
    i.nrf_drv_uart_rx                        0x00024fe0   Section        0  nrf_drv_uart.o(i.nrf_drv_uart_rx)
    i.nrf_drv_uart_rx_enable                 0x00025090   Section        0  nrf_drv_uart.o(i.nrf_drv_uart_rx_enable)
    i.nrf_drv_uart_rx_for_uart               0x000250c0   Section        0  nrf_drv_uart.o(i.nrf_drv_uart_rx_for_uart)
    nrf_drv_uart_rx_for_uart                 0x000250c1   Thumb Code   162  nrf_drv_uart.o(i.nrf_drv_uart_rx_for_uart)
    i.nrf_drv_uart_rx_for_uarte              0x00025168   Section        0  nrf_drv_uart.o(i.nrf_drv_uart_rx_for_uarte)
    nrf_drv_uart_rx_for_uarte                0x00025169   Thumb Code   172  nrf_drv_uart.o(i.nrf_drv_uart_rx_for_uarte)
    i.nrf_drv_uart_tx                        0x00025218   Section        0  nrf_drv_uart.o(i.nrf_drv_uart_tx)
    i.nrf_drv_uart_tx_in_progress            0x00025324   Section        0  nrf_drv_uart.o(i.nrf_drv_uart_tx_in_progress)
    i.nrf_gpio_cfg                           0x0002533c   Section        0  boards.o(i.nrf_gpio_cfg)
    nrf_gpio_cfg                             0x0002533d   Thumb Code    50  boards.o(i.nrf_gpio_cfg)
    i.nrf_gpio_cfg                           0x0002536e   Section        0  nrf_drv_gpiote.o(i.nrf_gpio_cfg)
    nrf_gpio_cfg                             0x0002536f   Thumb Code    50  nrf_drv_gpiote.o(i.nrf_gpio_cfg)
    i.nrf_gpio_cfg                           0x000253a0   Section        0  nrf_drv_uart.o(i.nrf_gpio_cfg)
    nrf_gpio_cfg                             0x000253a1   Thumb Code    50  nrf_drv_uart.o(i.nrf_gpio_cfg)
    i.nrf_gpio_cfg_input                     0x000253d2   Section        0  nrf_drv_uart.o(i.nrf_gpio_cfg_input)
    nrf_gpio_cfg_input                       0x000253d3   Thumb Code    18  nrf_drv_uart.o(i.nrf_gpio_cfg_input)
    i.nrf_gpio_cfg_output                    0x000253e4   Section        0  nrf_drv_uart.o(i.nrf_gpio_cfg_output)
    nrf_gpio_cfg_output                      0x000253e5   Thumb Code    20  nrf_drv_uart.o(i.nrf_gpio_cfg_output)
    i.nrf_gpio_cfg_sense_set                 0x000253f8   Section        0  bsp.o(i.nrf_gpio_cfg_sense_set)
    nrf_gpio_cfg_sense_set                   0x000253f9   Thumb Code    46  bsp.o(i.nrf_gpio_cfg_sense_set)
    i.nrf_gpio_cfg_sense_set                 0x0002542c   Section        0  nrf_drv_gpiote.o(i.nrf_gpio_cfg_sense_set)
    nrf_gpio_cfg_sense_set                   0x0002542d   Thumb Code    48  nrf_drv_gpiote.o(i.nrf_gpio_cfg_sense_set)
    i.nrf_gpio_pin_port_decode               0x0002545c   Section        0  boards.o(i.nrf_gpio_pin_port_decode)
    nrf_gpio_pin_port_decode                 0x0002545d   Thumb Code    22  boards.o(i.nrf_gpio_pin_port_decode)
    i.nrf_gpio_pin_port_decode               0x00025478   Section        0  nrf_drv_gpiote.o(i.nrf_gpio_pin_port_decode)
    nrf_gpio_pin_port_decode                 0x00025479   Thumb Code    22  nrf_drv_gpiote.o(i.nrf_gpio_pin_port_decode)
    i.nrf_gpio_pin_port_decode               0x00025494   Section        0  nrf_drv_uart.o(i.nrf_gpio_pin_port_decode)
    nrf_gpio_pin_port_decode                 0x00025495   Thumb Code    22  nrf_drv_uart.o(i.nrf_gpio_pin_port_decode)
    i.nrf_gpio_pin_read                      0x000254b0   Section        0  nrf_drv_gpiote.o(i.nrf_gpio_pin_read)
    nrf_gpio_pin_read                        0x000254b1   Thumb Code    22  nrf_drv_gpiote.o(i.nrf_gpio_pin_read)
    i.nrf_gpio_pin_set                       0x000254c6   Section        0  nrf_drv_uart.o(i.nrf_gpio_pin_set)
    nrf_gpio_pin_set                         0x000254c7   Thumb Code    20  nrf_drv_uart.o(i.nrf_gpio_pin_set)
    i.nrf_gpio_pin_write                     0x000254da   Section        0  boards.o(i.nrf_gpio_pin_write)
    nrf_gpio_pin_write                       0x000254db   Thumb Code    38  boards.o(i.nrf_gpio_pin_write)
    i.nrf_gpio_ports_read                    0x00025500   Section        0  nrf_drv_gpiote.o(i.nrf_gpio_ports_read)
    nrf_gpio_ports_read                      0x00025501   Thumb Code    38  nrf_drv_gpiote.o(i.nrf_gpio_ports_read)
    i.nrf_gpiote_event_clear                 0x0002552c   Section        0  nrf_drv_gpiote.o(i.nrf_gpiote_event_clear)
    nrf_gpiote_event_clear                   0x0002552d   Thumb Code    16  nrf_drv_gpiote.o(i.nrf_gpiote_event_clear)
    i.nrf_gpiote_event_is_set                0x00025540   Section        0  nrf_drv_gpiote.o(i.nrf_gpiote_event_is_set)
    nrf_gpiote_event_is_set                  0x00025541   Thumb Code    12  nrf_drv_gpiote.o(i.nrf_gpiote_event_is_set)
    i.nrf_log_backend_hexdump_handler_get    0x00025550   Section        0  nrf_log_backend_serial.o(i.nrf_log_backend_hexdump_handler_get)
    i.nrf_log_backend_init                   0x00025558   Section        0  nrf_log_backend_serial.o(i.nrf_log_backend_init)
    i.nrf_log_backend_serial_hexdump_handler 0x0002557c   Section        0  nrf_log_backend_serial.o(i.nrf_log_backend_serial_hexdump_handler)
    nrf_log_backend_serial_hexdump_handler   0x0002557d   Thumb Code   284  nrf_log_backend_serial.o(i.nrf_log_backend_serial_hexdump_handler)
    i.nrf_log_backend_serial_std_handler     0x00025698   Section        0  nrf_log_backend_serial.o(i.nrf_log_backend_serial_std_handler)
    nrf_log_backend_serial_std_handler       0x00025699   Thumb Code   264  nrf_log_backend_serial.o(i.nrf_log_backend_serial_std_handler)
    i.nrf_log_backend_std_handler_get        0x000257a0   Section        0  nrf_log_backend_serial.o(i.nrf_log_backend_std_handler_get)
    i.nrf_log_direct_feed                    0x000257a8   Section        0  nrf_log_frontend.o(i.nrf_log_direct_feed)
    nrf_log_direct_feed                      0x000257a9   Thumb Code    20  nrf_log_frontend.o(i.nrf_log_direct_feed)
    i.nrf_log_frontend_hexdump               0x000257c0   Section        0  nrf_log_frontend.o(i.nrf_log_frontend_hexdump)
    i.nrf_log_frontend_std_0                 0x000257f4   Section        0  nrf_log_frontend.o(i.nrf_log_frontend_std_0)
    i.nrf_log_frontend_std_1                 0x000257fc   Section        0  nrf_log_frontend.o(i.nrf_log_frontend_std_1)
    i.nrf_log_frontend_std_2                 0x0002580a   Section        0  nrf_log_frontend.o(i.nrf_log_frontend_std_2)
    i.nrf_log_frontend_std_3                 0x0002581a   Section        0  nrf_log_frontend.o(i.nrf_log_frontend_std_3)
    i.nrf_log_handlers_set                   0x0002582c   Section        0  nrf_log_frontend.o(i.nrf_log_handlers_set)
    i.nrf_log_init                           0x00025838   Section        0  nrf_log_frontend.o(i.nrf_log_init)
    i.nrf_uart_event_check                   0x0002585a   Section        0  nrf_drv_uart.o(i.nrf_uart_event_check)
    nrf_uart_event_check                     0x0002585b   Thumb Code    10  nrf_drv_uart.o(i.nrf_uart_event_check)
    i.nrf_uart_event_clear                   0x00025864   Section        0  nrf_drv_uart.o(i.nrf_uart_event_clear)
    nrf_uart_event_clear                     0x00025865   Thumb Code    12  nrf_drv_uart.o(i.nrf_uart_event_clear)
    i.nrf_uart_int_enable_check              0x00025870   Section        0  nrf_drv_uart.o(i.nrf_uart_int_enable_check)
    nrf_uart_int_enable_check                0x00025871   Thumb Code    12  nrf_drv_uart.o(i.nrf_uart_int_enable_check)
    i.nrf_uarte_event_check                  0x0002587c   Section        0  nrf_drv_uart.o(i.nrf_uarte_event_check)
    nrf_uarte_event_check                    0x0002587d   Thumb Code    10  nrf_drv_uart.o(i.nrf_uarte_event_check)
    i.nrf_uarte_event_clear                  0x00025886   Section        0  nrf_drv_uart.o(i.nrf_uarte_event_clear)
    nrf_uarte_event_clear                    0x00025887   Thumb Code    12  nrf_drv_uart.o(i.nrf_uarte_event_clear)
    i.nus_data_handler                       0x00025894   Section        0  main.o(i.nus_data_handler)
    nus_data_handler                         0x00025895   Thumb Code    56  main.o(i.nus_data_handler)
    i.on_adv_evt                             0x00025924   Section        0  main.o(i.on_adv_evt)
    on_adv_evt                               0x00025925   Thumb Code    36  main.o(i.on_adv_evt)
    i.on_ble_evt                             0x00025948   Section        0  main.o(i.on_ble_evt)
    on_ble_evt                               0x00025949   Thumb Code   252  main.o(i.on_ble_evt)
    i.on_conn_params_evt                     0x00025a78   Section        0  main.o(i.on_conn_params_evt)
    on_conn_params_evt                       0x00025a79   Thumb Code    24  main.o(i.on_conn_params_evt)
    i.on_connected_evt                       0x00025a94   Section        0  nrf_ble_gatt.o(i.on_connected_evt)
    on_connected_evt                         0x00025a95   Thumb Code   150  nrf_ble_gatt.o(i.on_connected_evt)
    i.on_data_length_update_evt              0x00025b40   Section        0  nrf_ble_gatt.o(i.on_data_length_update_evt)
    on_data_length_update_evt                0x00025b41   Thumb Code   128  nrf_ble_gatt.o(i.on_data_length_update_evt)
    i.on_data_length_update_request_evt      0x00025c68   Section        0  nrf_ble_gatt.o(i.on_data_length_update_request_evt)
    on_data_length_update_request_evt        0x00025c69   Thumb Code    76  nrf_ble_gatt.o(i.on_data_length_update_request_evt)
    i.on_exchange_mtu_request_evt            0x00025cc0   Section        0  nrf_ble_gatt.o(i.on_exchange_mtu_request_evt)
    on_exchange_mtu_request_evt              0x00025cc1   Thumb Code   124  nrf_ble_gatt.o(i.on_exchange_mtu_request_evt)
    i.on_exchange_mtu_rsp_evt                0x00025d4c   Section        0  nrf_ble_gatt.o(i.on_exchange_mtu_rsp_evt)
    on_exchange_mtu_rsp_evt                  0x00025d4d   Thumb Code    86  nrf_ble_gatt.o(i.on_exchange_mtu_rsp_evt)
    i.pin_in_use_by_port                     0x00025dac   Section        0  nrf_drv_gpiote.o(i.pin_in_use_by_port)
    pin_in_use_by_port                       0x00025dad   Thumb Code    20  nrf_drv_gpiote.o(i.pin_in_use_by_port)
    i.pin_in_use_by_te                       0x00025dc4   Section        0  nrf_drv_gpiote.o(i.pin_in_use_by_te)
    pin_in_use_by_te                         0x00025dc5   Thumb Code    20  nrf_drv_gpiote.o(i.pin_in_use_by_te)
    i.rtc1_stop                              0x00025ddc   Section        0  app_timer.o(i.rtc1_stop)
    rtc1_stop                                0x00025ddd   Thumb Code    52  app_timer.o(i.rtc1_stop)
    i.rx_byte                                0x00025e18   Section        0  nrf_drv_uart.o(i.rx_byte)
    rx_byte                                  0x00025e19   Thumb Code    50  nrf_drv_uart.o(i.rx_byte)
    i.rx_char_add                            0x00025e4a   Section        0  ble_nus.o(i.rx_char_add)
    rx_char_add                              0x00025e4b   Thumb Code   162  ble_nus.o(i.rx_char_add)
    i.rx_done_event                          0x00025eec   Section        0  nrf_drv_uart.o(i.rx_done_event)
    rx_done_event                            0x00025eed   Thumb Code    24  nrf_drv_uart.o(i.rx_done_event)
    i.rx_enable                              0x00025f04   Section        0  nrf_drv_uart.o(i.rx_enable)
    rx_enable                                0x00025f05   Thumb Code    32  nrf_drv_uart.o(i.rx_enable)
    i.sd_nvic_EnableIRQ                      0x00025f24   Section        0  softdevice_handler.o(i.sd_nvic_EnableIRQ)
    sd_nvic_EnableIRQ                        0x00025f25   Thumb Code   106  softdevice_handler.o(i.sd_nvic_EnableIRQ)
    i.serial_tx                              0x00025f94   Section        0  nrf_log_backend_serial.o(i.serial_tx)
    serial_tx                                0x00025f95   Thumb Code    46  nrf_log_backend_serial.o(i.serial_tx)
    i.service_data_encode                    0x00025fc4   Section        0  ble_advdata.o(i.service_data_encode)
    service_data_encode                      0x00025fc5   Thumb Code   136  ble_advdata.o(i.service_data_encode)
    i.set_adv_mode_fast                      0x0002604c   Section        0  ble_advertising.o(i.set_adv_mode_fast)
    set_adv_mode_fast                        0x0002604d   Thumb Code    64  ble_advertising.o(i.set_adv_mode_fast)
    i.set_adv_mode_slow                      0x00026094   Section        0  ble_advertising.o(i.set_adv_mode_slow)
    set_adv_mode_slow                        0x00026095   Thumb Code    60  ble_advertising.o(i.set_adv_mode_slow)
    i.sleep_mode_enter                       0x000260d8   Section        0  main.o(i.sleep_mode_enter)
    sleep_mode_enter                         0x000260d9   Thumb Code    40  main.o(i.sleep_mode_enter)
    i.softdevice_app_ram_start_get           0x00026100   Section        0  softdevice_handler.o(i.softdevice_app_ram_start_get)
    i.softdevice_ble_evt_handler_set         0x00026114   Section        0  softdevice_handler.o(i.softdevice_ble_evt_handler_set)
    i.softdevice_enable                      0x00026128   Section        0  softdevice_handler.o(i.softdevice_enable)
    i.softdevice_fault_handler               0x00026240   Section        0  softdevice_handler.o(i.softdevice_fault_handler)
    i.softdevice_handler_init                0x00026244   Section        0  softdevice_handler.o(i.softdevice_handler_init)
    i.softdevice_handler_is_enabled          0x000262a8   Section        0  softdevice_handler.o(i.softdevice_handler_is_enabled)
    i.timer_list_handler                     0x000262b4   Section        0  app_timer.o(i.timer_list_handler)
    timer_list_handler                       0x000262b5   Thumb Code   122  app_timer.o(i.timer_list_handler)
    i.timer_list_insert                      0x00026334   Section        0  app_timer.o(i.timer_list_insert)
    timer_list_insert                        0x00026335   Thumb Code    56  app_timer.o(i.timer_list_insert)
    i.timer_list_remove                      0x00026370   Section        0  app_timer.o(i.timer_list_remove)
    timer_list_remove                        0x00026371   Thumb Code    88  app_timer.o(i.timer_list_remove)
    i.timer_stop_op_schedule                 0x000263d0   Section        0  app_timer.o(i.timer_stop_op_schedule)
    timer_stop_op_schedule                   0x000263d1   Thumb Code    68  app_timer.o(i.timer_stop_op_schedule)
    i.timer_timeouts_check                   0x00026418   Section        0  app_timer.o(i.timer_timeouts_check)
    timer_timeouts_check                     0x00026419   Thumb Code   106  app_timer.o(i.timer_timeouts_check)
    i.timestamp_process                      0x0002648c   Section        0  nrf_log_backend_serial.o(i.timestamp_process)
    timestamp_process                        0x0002648d   Thumb Code    44  nrf_log_backend_serial.o(i.timestamp_process)
    i.tx_byte                                0x000264c0   Section        0  nrf_drv_uart.o(i.tx_byte)
    tx_byte                                  0x000264c1   Thumb Code    32  nrf_drv_uart.o(i.tx_byte)
    i.tx_char_add                            0x000264e0   Section        0  ble_nus.o(i.tx_char_add)
    tx_char_add                              0x000264e1   Thumb Code   218  ble_nus.o(i.tx_char_add)
    i.tx_done_event                          0x000265ba   Section        0  nrf_drv_uart.o(i.tx_done_event)
    tx_done_event                            0x000265bb   Thumb Code    28  nrf_drv_uart.o(i.tx_done_event)
    i.uart_event_handle                      0x000265d8   Section        0  main.o(i.uart_event_handle)
    i.uart_event_handler                     0x0002668c   Section        0  app_uart_fifo.o(i.uart_event_handler)
    uart_event_handler                       0x0002668d   Thumb Code   152  app_uart_fifo.o(i.uart_event_handler)
    i.uart_irq_handler                       0x0002672c   Section        0  nrf_drv_uart.o(i.uart_irq_handler)
    uart_irq_handler                         0x0002672d   Thumb Code   286  nrf_drv_uart.o(i.uart_irq_handler)
    i.uarte_irq_handler                      0x0002684a   Section        0  nrf_drv_uart.o(i.uarte_irq_handler)
    uarte_irq_handler                        0x0002684b   Thumb Code   240  nrf_drv_uart.o(i.uarte_irq_handler)
    i.uint16_encode                          0x0002693a   Section        0  ble_advdata.o(i.uint16_encode)
    uint16_encode                            0x0002693b   Thumb Code    10  ble_advdata.o(i.uint16_encode)
    i.update_timeout_handler                 0x00026944   Section        0  ble_conn_params.o(i.update_timeout_handler)
    update_timeout_handler                   0x00026945   Thumb Code    88  ble_conn_params.o(i.update_timeout_handler)
    i.user_op_alloc                          0x000269a4   Section        0  app_timer.o(i.user_op_alloc)
    user_op_alloc                            0x000269a5   Thumb Code    42  app_timer.o(i.user_op_alloc)
    i.uuid_list_encode                       0x000269d4   Section        0  ble_advdata.o(i.uuid_list_encode)
    uuid_list_encode                         0x000269d5   Thumb Code    48  ble_advdata.o(i.uuid_list_encode)
    i.uuid_list_sized_encode                 0x00026a04   Section        0  ble_advdata.o(i.uuid_list_sized_encode)
    uuid_list_sized_encode                   0x00026a05   Thumb Code   158  ble_advdata.o(i.uuid_list_sized_encode)
    .constdata                               0x00026aa4   Section       28  main.o(.constdata)
    .constdata                               0x00026ac0   Section        8  boards.o(.constdata)
    m_board_led_list                         0x00026ac0   Data           4  boards.o(.constdata)
    m_board_btn_list                         0x00026ac4   Data           4  boards.o(.constdata)
    .constdata                               0x00026ac8   Section       44  bsp.o(.constdata)
    m_leds_timer_id                          0x00026ac8   Data           4  bsp.o(.constdata)
    m_alert_timer_id                         0x00026acc   Data           4  bsp.o(.constdata)
    m_button_timer_id                        0x00026ad0   Data           4  bsp.o(.constdata)
    app_buttons                              0x00026ad4   Data          32  bsp.o(.constdata)
    .constdata                               0x00026af4   Section        4  ble_conn_params.o(.constdata)
    m_conn_params_timer_id                   0x00026af4   Data           4  ble_conn_params.o(.constdata)
    .constdata                               0x00026af8   Section       22  nrf_ble_gatt.o(.constdata)
    .constdata                               0x00026b10   Section       16  ble_nus.o(.constdata)
    .constdata                               0x00026b20   Section        8  nrf_drv_gpiote.o(.constdata)
    .constdata                               0x00026b28   Section        8  app_button.o(.constdata)
    m_detection_delay_timer_id               0x00026b28   Data           4  app_button.o(.constdata)
    .constdata                               0x00026b30   Section       32  app_uart_fifo.o(.constdata)
    .constdata                               0x00026b50   Section      129  ctype_o.o(.constdata)
    .constdata                               0x00026bd4   Section        4  ctype_o.o(.constdata)
    table                                    0x00026bd4   Data           4  ctype_o.o(.constdata)
    .conststring                             0x00026bd8   Section       69  main.o(.conststring)
    .conststring                             0x00026c20   Section     1223  nrf_ble_gatt.o(.conststring)
    .data                                    0x200026c0   Section       10  main.o(.data)
    index                                    0x200026c0   Data           1  main.o(.data)
    m_conn_handle                            0x200026c2   Data           2  main.o(.data)
    m_ble_nus_max_data_len                   0x200026c4   Data           2  main.o(.data)
    m_adv_uuids                              0x200026c6   Data           4  main.o(.data)
    .data                                    0x200026cc   Section       16  bsp.o(.data)
    m_stable_state                           0x200026cc   Data           1  bsp.o(.data)
    m_leds_clear                             0x200026cd   Data           1  bsp.o(.data)
    m_alert_on                               0x200026ce   Data           1  bsp.o(.data)
    current_long_push_pin_no                 0x200026cf   Data           1  bsp.o(.data)
    m_indication_type                        0x200026d0   Data           4  bsp.o(.data)
    m_registered_callback                    0x200026d4   Data           4  bsp.o(.data)
    release_event_at_push                    0x200026d8   Data           4  bsp.o(.data)
    .data                                    0x200026dc   Section        8  bsp_btn_ble.o(.data)
    m_error_handler                          0x200026dc   Data           4  bsp_btn_ble.o(.data)
    m_num_connections                        0x200026e0   Data           4  bsp_btn_ble.o(.data)
    .data                                    0x200026e4   Section       31  ble_advertising.o(.data)
    m_initialized                            0x200026e4   Data           1  ble_advertising.o(.data)
    m_advertising_start_pending              0x200026e5   Data           1  ble_advertising.o(.data)
    m_adv_evt                                0x200026e6   Data           1  ble_advertising.o(.data)
    m_adv_mode_current                       0x200026e7   Data           1  ble_advertising.o(.data)
    m_conn_cfg_tag                           0x200026e8   Data           1  ble_advertising.o(.data)
    m_peer_addr_reply_expected               0x200026e9   Data           1  ble_advertising.o(.data)
    m_whitelist_temporarily_disabled         0x200026ea   Data           1  ble_advertising.o(.data)
    m_whitelist_reply_expected               0x200026eb   Data           1  ble_advertising.o(.data)
    m_whitelist_in_use                       0x200026ec   Data           1  ble_advertising.o(.data)
    m_current_slave_link_conn_handle         0x200026ee   Data           2  ble_advertising.o(.data)
    m_slave_conn_int                         0x200026f0   Data           4  ble_advertising.o(.data)
    m_evt_handler                            0x200026f4   Data           4  ble_advertising.o(.data)
    m_error_handler                          0x200026f8   Data           4  ble_advertising.o(.data)
    m_peer_address                           0x200026fc   Data           7  ble_advertising.o(.data)
    .data                                    0x20002704   Section       20  ble_conn_params.o(.data)
    m_change_param                           0x20002704   Data           1  ble_conn_params.o(.data)
    m_update_count                           0x20002705   Data           1  ble_conn_params.o(.data)
    m_conn_handle                            0x20002706   Data           2  ble_conn_params.o(.data)
    m_preferred_conn_params                  0x20002708   Data           8  ble_conn_params.o(.data)
    m_current_conn_params                    0x20002710   Data           8  ble_conn_params.o(.data)
    .data                                    0x20002718   Section       20  app_button.o(.data)
    m_button_count                           0x20002718   Data           1  app_button.o(.data)
    mp_buttons                               0x2000271c   Data           4  app_button.o(.data)
    m_detection_delay                        0x20002720   Data           4  app_button.o(.data)
    m_pin_state                              0x20002724   Data           4  app_button.o(.data)
    m_pin_transition                         0x20002728   Data           4  app_button.o(.data)
    .data                                    0x2000272c   Section       20  app_timer.o(.data)
    m_ticks_elapsed_q_read_ind               0x2000272c   Data           1  app_timer.o(.data)
    m_ticks_elapsed_q_write_ind              0x2000272d   Data           1  app_timer.o(.data)
    m_rtc1_running                           0x2000272e   Data           1  app_timer.o(.data)
    m_rtc1_reset                             0x2000272f   Data           1  app_timer.o(.data)
    mp_timer_id_head                         0x20002730   Data           4  app_timer.o(.data)
    m_ticks_latest                           0x20002734   Data           4  app_timer.o(.data)
    m_ticks_elapsed                          0x20002738   Data           8  app_timer.o(.data)
    .data                                    0x20002740   Section       16  app_uart_fifo.o(.data)
    tx_buffer                                0x20002740   Data           1  app_uart_fifo.o(.data)
    rx_buffer                                0x20002741   Data           1  app_uart_fifo.o(.data)
    m_rx_ovf                                 0x20002742   Data           1  app_uart_fifo.o(.data)
    m_event_handler                          0x20002744   Data           4  app_uart_fifo.o(.data)
    app_uart_inst                            0x20002748   Data           8  app_uart_fifo.o(.data)
    .data                                    0x20002750   Section        4  retarget.o(.data)
    .data                                    0x20002754   Section        2  nrf_log_backend_serial.o(.data)
    m_initialized                            0x20002754   Data           1  nrf_log_backend_serial.o(.data)
    m_blocking_mode                          0x20002755   Data           1  nrf_log_backend_serial.o(.data)
    .data                                    0x20002758   Section       20  softdevice_handler.o(.data)
    m_softdevice_enabled                     0x20002758   Data           1  softdevice_handler.o(.data)
    m_suspended                              0x20002759   Data           1  softdevice_handler.o(.data)
    m_ble_evt_buffer_size                    0x2000275a   Data           2  softdevice_handler.o(.data)
    m_evt_schedule_func                      0x2000275c   Data           4  softdevice_handler.o(.data)
    m_sys_evt_handler                        0x20002760   Data           4  softdevice_handler.o(.data)
    mp_ble_evt_buffer                        0x20002764   Data           4  softdevice_handler.o(.data)
    m_ble_evt_handler                        0x20002768   Data           4  softdevice_handler.o(.data)
    .data                                    0x2000276c   Section        4  system_nrf52840.o(.data)
    __tagsym$$used                           0x2000276c   Number         0  system_nrf52840.o(.data)
    .bss                                     0x20002770   Section      940  main.o(.bss)
    BLE_EVT_BUFFER                           0x20002770   Data         216  main.o(.bss)
    data_array                               0x20002848   Data         155  main.o(.bss)
    rx_buf                                   0x200028e3   Data         256  main.o(.bss)
    tx_buf                                   0x200029e3   Data         256  main.o(.bss)
    m_nus                                    0x20002ae4   Data          28  main.o(.bss)
    m_gatt                                   0x20002b00   Data          28  main.o(.bss)
    .bss                                     0x20002b1c   Section       32  bsp.o(.bss)
    m_leds_timer_id_data                     0x20002b1c   Data          32  bsp.o(.bss)
    .bss                                     0x20002b3c   Section       32  bsp.o(.bss)
    m_alert_timer_id_data                    0x20002b3c   Data          32  bsp.o(.bss)
    .bss                                     0x20002b5c   Section       12  bsp.o(.bss)
    m_events_list                            0x20002b5c   Data          12  bsp.o(.bss)
    .bss                                     0x20002b68   Section       32  bsp.o(.bss)
    m_button_timer_id_data                   0x20002b68   Data          32  bsp.o(.bss)
    .bss                                     0x20002b88   Section      179  ble_advertising.o(.bss)
    m_adv_modes_config                       0x20002b88   Data          32  ble_advertising.o(.bss)
    m_advdata                                0x20002ba8   Data          60  ble_advertising.o(.bss)
    m_manuf_specific_data                    0x20002be4   Data          12  ble_advertising.o(.bss)
    m_manuf_data_array                       0x20002bf0   Data          31  ble_advertising.o(.bss)
    m_service_data                           0x20002c10   Data          12  ble_advertising.o(.bss)
    m_service_data_array                     0x20002c1c   Data          31  ble_advertising.o(.bss)
    .bss                                     0x20002c3c   Section       32  ble_conn_params.o(.bss)
    m_conn_params_timer_id_data              0x20002c3c   Data          32  ble_conn_params.o(.bss)
    .bss                                     0x20002c5c   Section       28  ble_conn_params.o(.bss)
    m_conn_params_config                     0x20002c5c   Data          28  ble_conn_params.o(.bss)
    .bss                                     0x20002c78   Section       20  nrf_drv_clock.o(.bss)
    m_clock_cb                               0x20002c78   Data          20  nrf_drv_clock.o(.bss)
    .bss                                     0x20002c8c   Section      104  nrf_drv_gpiote.o(.bss)
    m_cb                                     0x20002c8c   Data         104  nrf_drv_gpiote.o(.bss)
    .bss                                     0x20002cf4   Section       32  nrf_drv_uart.o(.bss)
    m_cb                                     0x20002cf4   Data          32  nrf_drv_uart.o(.bss)
    .bss                                     0x20002d14   Section       32  app_button.o(.bss)
    m_detection_delay_timer_id_data          0x20002d14   Data          32  app_button.o(.bss)
    .bss                                     0x20002d34   Section      268  app_timer.o(.bss)
    m_op_queue                               0x20002d34   Data         268  app_timer.o(.bss)
    .bss                                     0x20002e40   Section       32  app_uart_fifo.o(.bss)
    m_rx_fifo                                0x20002e40   Data          16  app_uart_fifo.o(.bss)
    m_tx_fifo                                0x20002e50   Data          16  app_uart_fifo.o(.bss)
    .bss                                     0x20002e60   Section       12  app_util_platform.o(.bss)
    .bss                                     0x20002e6c   Section      104  fstorage.o(.bss)
    m_queue                                  0x20002e6c   Data         104  fstorage.o(.bss)
    .bss                                     0x20002ed4   Section       28  nrf_log_frontend.o(.bss)
    m_log_data                               0x20002ed4   Data          28  nrf_log_frontend.o(.bss)
    .bss                                     0x20002ef0   Section      648  segger_rtt.o(.bss)
    _acUpBuffer                              0x20002ef0   Data         512  segger_rtt.o(.bss)
    _acDownBuffer                            0x200030f0   Data          16  segger_rtt.o(.bss)
    STACK                                    0x20003178   Section     8192  arm_startup_nrf52840.o(STACK)

    Global Symbols

    Symbol Name                              Value     Ov Type        Size  Object(Section)

    BuildAttributes$$THM_ISAv4$E$P$D$K$B$S$7EM$VFPi3$EXTD16$VFPS$VFMA$PE$A:L22UL41UL21$X:L11$S22US41US21$IEEE1$IW$USESV6$~STKCKD$USESV7$~SHL$OSPACE$ROPI$EBA8$MICROLIB$REQ8$PRES8$EABIv2 0x00000000   Number         0  anon$$obj.o ABSOLUTE
    __ARM_use_no_argv                        0x00000000   Number         0  main.o ABSOLUTE
    _printf_a                                0x00000000   Number         0  stubs.o ABSOLUTE
    _printf_c                                0x00000000   Number         0  stubs.o ABSOLUTE
    _printf_charcount                        0x00000000   Number         0  stubs.o ABSOLUTE
    _printf_d                                0x00000000   Number         0  stubs.o ABSOLUTE
    _printf_e                                0x00000000   Number         0  stubs.o ABSOLUTE
    _printf_f                                0x00000000   Number         0  stubs.o ABSOLUTE
    _printf_flags                            0x00000000   Number         0  stubs.o ABSOLUTE
    _printf_fp_dec                           0x00000000   Number         0  stubs.o ABSOLUTE
    _printf_fp_hex                           0x00000000   Number         0  stubs.o ABSOLUTE
    _printf_g                                0x00000000   Number         0  stubs.o ABSOLUTE
    _printf_i                                0x00000000   Number         0  stubs.o ABSOLUTE
    _printf_int_dec                          0x00000000   Number         0  stubs.o ABSOLUTE
    _printf_l                                0x00000000   Number         0  stubs.o ABSOLUTE
    _printf_lc                               0x00000000   Number         0  stubs.o ABSOLUTE
    _printf_ll                               0x00000000   Number         0  stubs.o ABSOLUTE
    _printf_lld                              0x00000000   Number         0  stubs.o ABSOLUTE
    _printf_lli                              0x00000000   Number         0  stubs.o ABSOLUTE
    _printf_llo                              0x00000000   Number         0  stubs.o ABSOLUTE
    _printf_llu                              0x00000000   Number         0  stubs.o ABSOLUTE
    _printf_llx                              0x00000000   Number         0  stubs.o ABSOLUTE
    _printf_longlong_dec                     0x00000000   Number         0  stubs.o ABSOLUTE
    _printf_longlong_hex                     0x00000000   Number         0  stubs.o ABSOLUTE
    _printf_longlong_oct                     0x00000000   Number         0  stubs.o ABSOLUTE
    _printf_ls                               0x00000000   Number         0  stubs.o ABSOLUTE
    _printf_mbtowc                           0x00000000   Number         0  stubs.o ABSOLUTE
    _printf_n                                0x00000000   Number         0  stubs.o ABSOLUTE
    _printf_o                                0x00000000   Number         0  stubs.o ABSOLUTE
    _printf_p                                0x00000000   Number         0  stubs.o ABSOLUTE
    _printf_percent                          0x00000000   Number         0  stubs.o ABSOLUTE
    _printf_pre_padding                      0x00000000   Number         0  stubs.o ABSOLUTE
    _printf_return_value                     0x00000000   Number         0  stubs.o ABSOLUTE
    _printf_s                                0x00000000   Number         0  stubs.o ABSOLUTE
    _printf_sizespec                         0x00000000   Number         0  stubs.o ABSOLUTE
    _printf_str                              0x00000000   Number         0  stubs.o ABSOLUTE
    _printf_truncate_signed                  0x00000000   Number         0  stubs.o ABSOLUTE
    _printf_truncate_unsigned                0x00000000   Number         0  stubs.o ABSOLUTE
    _printf_u                                0x00000000   Number         0  stubs.o ABSOLUTE
    _printf_wc                               0x00000000   Number         0  stubs.o ABSOLUTE
    _printf_wctomb                           0x00000000   Number         0  stubs.o ABSOLUTE
    _printf_widthprec                        0x00000000   Number         0  stubs.o ABSOLUTE
    _printf_x                                0x00000000   Number         0  stubs.o ABSOLUTE
    __cpp_initialize__aeabi_                  - Undefined Weak Reference
    __cxa_finalize                            - Undefined Weak Reference
    __decompress                              - Undefined Weak Reference
    _clock_init                               - Undefined Weak Reference
    _microlib_exit                            - Undefined Weak Reference
    fs_data$$Base                             - Undefined Reference
    fs_data$$Limit                            - Undefined Reference
    __Vectors_Size                           0x00000200   Number         0  arm_startup_nrf52840.o ABSOLUTE
    __Vectors                                0x00022000   Data           4  arm_startup_nrf52840.o(RESET)
    __Vectors_End                            0x00022200   Data           0  arm_startup_nrf52840.o(RESET)
    __main                                   0x00022201   Thumb Code     0  entry.o(.ARM.Collect$$$$00000000)
    _main_stk                                0x00022201   Thumb Code     0  entry2.o(.ARM.Collect$$$$00000001)
    _main_scatterload                        0x00022205   Thumb Code     0  entry5.o(.ARM.Collect$$$$00000004)
    __main_after_scatterload                 0x00022209   Thumb Code     0  entry5.o(.ARM.Collect$$$$00000004)
    _main_clock                              0x00022209   Thumb Code     0  entry7b.o(.ARM.Collect$$$$00000008)
    _main_cpp_init                           0x00022209   Thumb Code     0  entry8b.o(.ARM.Collect$$$$0000000A)
    _main_init                               0x00022209   Thumb Code     0  entry9a.o(.ARM.Collect$$$$0000000B)
    __rt_final_cpp                           0x00022211   Thumb Code     0  entry10a.o(.ARM.Collect$$$$0000000D)
    __rt_final_exit                          0x00022211   Thumb Code     0  entry11a.o(.ARM.Collect$$$$0000000F)
    Reset_Handler                            0x00022215   Thumb Code     8  arm_startup_nrf52840.o(.text)
    NMI_Handler                              0x0002221d   Thumb Code     2  arm_startup_nrf52840.o(.text)
    HardFault_Handler                        0x0002221f   Thumb Code     2  arm_startup_nrf52840.o(.text)
    MemoryManagement_Handler                 0x00022221   Thumb Code     2  arm_startup_nrf52840.o(.text)
    BusFault_Handler                         0x00022223   Thumb Code     2  arm_startup_nrf52840.o(.text)
    UsageFault_Handler                       0x00022225   Thumb Code     2  arm_startup_nrf52840.o(.text)
    SVC_Handler                              0x00022227   Thumb Code     2  arm_startup_nrf52840.o(.text)
    DebugMon_Handler                         0x00022229   Thumb Code     2  arm_startup_nrf52840.o(.text)
    PendSV_Handler                           0x0002222b   Thumb Code     2  arm_startup_nrf52840.o(.text)
    SysTick_Handler                          0x0002222d   Thumb Code     2  arm_startup_nrf52840.o(.text)
    CCM_AAR_IRQHandler                       0x0002222f   Thumb Code     0  arm_startup_nrf52840.o(.text)
    COMP_LPCOMP_IRQHandler                   0x0002222f   Thumb Code     0  arm_startup_nrf52840.o(.text)
    CRYPTOCELL_IRQHandler                    0x0002222f   Thumb Code     0  arm_startup_nrf52840.o(.text)
    ECB_IRQHandler                           0x0002222f   Thumb Code     0  arm_startup_nrf52840.o(.text)
    FPU_IRQHandler                           0x0002222f   Thumb Code     0  arm_startup_nrf52840.o(.text)
    I2S_IRQHandler                           0x0002222f   Thumb Code     0  arm_startup_nrf52840.o(.text)
    MWU_IRQHandler                           0x0002222f   Thumb Code     0  arm_startup_nrf52840.o(.text)
    NFCT_IRQHandler                          0x0002222f   Thumb Code     0  arm_startup_nrf52840.o(.text)
    PDM_IRQHandler                           0x0002222f   Thumb Code     0  arm_startup_nrf52840.o(.text)
    PWM0_IRQHandler                          0x0002222f   Thumb Code     0  arm_startup_nrf52840.o(.text)
    PWM1_IRQHandler                          0x0002222f   Thumb Code     0  arm_startup_nrf52840.o(.text)
    PWM2_IRQHandler                          0x0002222f   Thumb Code     0  arm_startup_nrf52840.o(.text)
    PWM3_IRQHandler                          0x0002222f   Thumb Code     0  arm_startup_nrf52840.o(.text)
    QDEC_IRQHandler                          0x0002222f   Thumb Code     0  arm_startup_nrf52840.o(.text)
    QSPI_IRQHandler                          0x0002222f   Thumb Code     0  arm_startup_nrf52840.o(.text)
    RADIO_IRQHandler                         0x0002222f   Thumb Code     0  arm_startup_nrf52840.o(.text)
    RNG_IRQHandler                           0x0002222f   Thumb Code     0  arm_startup_nrf52840.o(.text)
    RTC0_IRQHandler                          0x0002222f   Thumb Code     0  arm_startup_nrf52840.o(.text)
    RTC2_IRQHandler                          0x0002222f   Thumb Code     0  arm_startup_nrf52840.o(.text)
    SAADC_IRQHandler                         0x0002222f   Thumb Code     0  arm_startup_nrf52840.o(.text)
    SPIM0_SPIS0_TWIM0_TWIS0_SPI0_TWI0_IRQHandler 0x0002222f   Thumb Code     0  arm_startup_nrf52840.o(.text)
    SPIM1_SPIS1_TWIM1_TWIS1_SPI1_TWI1_IRQHandler 0x0002222f   Thumb Code     0  arm_startup_nrf52840.o(.text)
    SPIM2_SPIS2_SPI2_IRQHandler              0x0002222f   Thumb Code     0  arm_startup_nrf52840.o(.text)
    SPIM3_IRQHandler                         0x0002222f   Thumb Code     0  arm_startup_nrf52840.o(.text)
    SWI1_EGU1_IRQHandler                     0x0002222f   Thumb Code     0  arm_startup_nrf52840.o(.text)
    SWI3_EGU3_IRQHandler                     0x0002222f   Thumb Code     0  arm_startup_nrf52840.o(.text)
    SWI4_EGU4_IRQHandler                     0x0002222f   Thumb Code     0  arm_startup_nrf52840.o(.text)
    SWI5_EGU5_IRQHandler                     0x0002222f   Thumb Code     0  arm_startup_nrf52840.o(.text)
    TEMP_IRQHandler                          0x0002222f   Thumb Code     0  arm_startup_nrf52840.o(.text)
    TIMER0_IRQHandler                        0x0002222f   Thumb Code     0  arm_startup_nrf52840.o(.text)
    TIMER1_IRQHandler                        0x0002222f   Thumb Code     0  arm_startup_nrf52840.o(.text)
    TIMER2_IRQHandler                        0x0002222f   Thumb Code     0  arm_startup_nrf52840.o(.text)
    TIMER3_IRQHandler                        0x0002222f   Thumb Code     0  arm_startup_nrf52840.o(.text)
    TIMER4_IRQHandler                        0x0002222f   Thumb Code     0  arm_startup_nrf52840.o(.text)
    UARTE1_IRQHandler                        0x0002222f   Thumb Code     0  arm_startup_nrf52840.o(.text)
    USBD_IRQHandler                          0x0002222f   Thumb Code     0  arm_startup_nrf52840.o(.text)
    WDT_IRQHandler                           0x0002222f   Thumb Code     0  arm_startup_nrf52840.o(.text)
    __aeabi_uldivmod                         0x00022239   Thumb Code    98  uldiv.o(.text)
    __rt_ctype_table                         0x0002229d   Thumb Code     4  ctype_o.o(.text)
    __aeabi_memcpy                           0x000222a5   Thumb Code    36  memcpya.o(.text)
    __aeabi_memcpy4                          0x000222a5   Thumb Code     0  memcpya.o(.text)
    __aeabi_memcpy8                          0x000222a5   Thumb Code     0  memcpya.o(.text)
    __aeabi_memset                           0x000222c9   Thumb Code    14  memseta.o(.text)
    __aeabi_memset4                          0x000222c9   Thumb Code     0  memseta.o(.text)
    __aeabi_memset8                          0x000222c9   Thumb Code     0  memseta.o(.text)
    __aeabi_memclr                           0x000222d7   Thumb Code     4  memseta.o(.text)
    __aeabi_memclr4                          0x000222d7   Thumb Code     0  memseta.o(.text)
    __aeabi_memclr8                          0x000222d7   Thumb Code     0  memseta.o(.text)
    _memset$wrapper                          0x000222db   Thumb Code    18  memseta.o(.text)
    strlen                                   0x000222ed   Thumb Code    14  strlen.o(.text)
    strcpy                                   0x000222fb   Thumb Code    18  strcpy.o(.text)
    __aeabi_llsl                             0x0002230d   Thumb Code    30  llshl.o(.text)
    _ll_shift_l                              0x0002230d   Thumb Code     0  llshl.o(.text)
    __aeabi_llsr                             0x0002232b   Thumb Code    32  llushr.o(.text)
    _ll_ushift_r                             0x0002232b   Thumb Code     0  llushr.o(.text)
    __scatterload                            0x0002234d   Thumb Code    28  init.o(.text)
    __scatterload_rt2                        0x0002234d   Thumb Code     0  init.o(.text)
    GPIOTE_IRQHandler                        0x00022371   Thumb Code   444  nrf_drv_gpiote.o(i.GPIOTE_IRQHandler)
    POWER_CLOCK_IRQHandler                   0x000225c5   Thumb Code    84  nrf_drv_clock.o(i.POWER_CLOCK_IRQHandler)
    RTC1_IRQHandler                          0x0002261d   Thumb Code    32  app_timer.o(i.RTC1_IRQHandler)
    SEGGER_RTT_Init                          0x00022641   Thumb Code    14  segger_rtt.o(i.SEGGER_RTT_Init)
    SEGGER_RTT_WriteNoLock                   0x00022655   Thumb Code    86  segger_rtt.o(i.SEGGER_RTT_WriteNoLock)
    SWI0_EGU0_IRQHandler                     0x000226b1   Thumb Code     4  app_timer.o(i.SWI0_EGU0_IRQHandler)
    SWI2_EGU2_IRQHandler                     0x000226b5   Thumb Code    32  softdevice_handler.o(i.SWI2_EGU2_IRQHandler)
    SystemInit                               0x000226d9   Thumb Code   416  system_nrf52840.o(i.SystemInit)
    UARTE0_UART0_IRQHandler                  0x000228b5   Thumb Code    20  nrf_drv_uart.o(i.UARTE0_UART0_IRQHandler)
    __0printf$8                              0x000229e9   Thumb Code    22  printf8.o(i.__0printf$8)
    __1printf$8                              0x000229e9   Thumb Code     0  printf8.o(i.__0printf$8)
    __2printf                                0x000229e9   Thumb Code     0  printf8.o(i.__0printf$8)
    __0snprintf$8                            0x00022a09   Thumb Code    44  printf8.o(i.__0snprintf$8)
    __1snprintf$8                            0x00022a09   Thumb Code     0  printf8.o(i.__0snprintf$8)
    __2snprintf                              0x00022a09   Thumb Code     0  printf8.o(i.__0snprintf$8)
    __scatterload_copy                       0x00022a39   Thumb Code    14  handlers.o(i.__scatterload_copy)
    __scatterload_null                       0x00022a47   Thumb Code     2  handlers.o(i.__scatterload_null)
    __scatterload_zeroinit                   0x00022a49   Thumb Code    14  handlers.o(i.__scatterload_zeroinit)
    adv_data_encode                          0x00022ef5   Thumb Code   386  ble_advdata.o(i.adv_data_encode)
    app_button_enable                        0x0002317d   Thumb Code    32  app_button.o(i.app_button_enable)
    app_button_init                          0x000231a1   Thumb Code    96  app_button.o(i.app_button_init)
    app_error_fault_handler                  0x00023211   Thumb Code    42  app_error_weak.o(i.app_error_fault_handler)
    app_error_handler_bare                   0x00023271   Thumb Code    22  app_error.o(i.app_error_handler_bare)
    app_fifo_get                             0x00023287   Thumb Code    22  app_fifo.o(i.app_fifo_get)
    app_fifo_init                            0x0002329d   Thumb Code    32  app_fifo.o(i.app_fifo_init)
    app_fifo_put                             0x000232bd   Thumb Code    26  app_fifo.o(i.app_fifo_put)
    app_timer_create                         0x000232d9   Thumb Code    32  app_timer.o(i.app_timer_create)
    app_timer_init                           0x000232fd   Thumb Code    70  app_timer.o(i.app_timer_init)
    app_timer_start                          0x00023351   Thumb Code   128  app_timer.o(i.app_timer_start)
    app_timer_stop                           0x000233d9   Thumb Code    26  app_timer.o(i.app_timer_stop)
    app_uart_get                             0x000233f9   Thumb Code    42  app_uart_fifo.o(i.app_uart_get)
    app_uart_init                            0x0002342d   Thumb Code   164  app_uart_fifo.o(i.app_uart_init)
    app_uart_put                             0x000234e1   Thumb Code    52  app_uart_fifo.o(i.app_uart_put)
    app_util_critical_region_enter           0x0002351d   Thumb Code    64  app_util_platform.o(i.app_util_critical_region_enter)
    app_util_critical_region_exit            0x00023565   Thumb Code    46  app_util_platform.o(i.app_util_critical_region_exit)
    ble_advdata_set                          0x00023641   Thumb Code   104  ble_advdata.o(i.ble_advdata_set)
    ble_advertising_conn_cfg_tag_set         0x000236a9   Thumb Code     6  ble_advertising.o(i.ble_advertising_conn_cfg_tag_set)
    ble_advertising_init                     0x000236b5   Thumb Code   280  ble_advertising.o(i.ble_advertising_init)
    ble_advertising_on_ble_evt               0x000237d5   Thumb Code    88  ble_advertising.o(i.ble_advertising_on_ble_evt)
    ble_advertising_restart_without_whitelist 0x00023831   Thumb Code    50  ble_advertising.o(i.ble_advertising_restart_without_whitelist)
    ble_advertising_start                    0x0002386d   Thumb Code   252  ble_advertising.o(i.ble_advertising_start)
    ble_conn_params_init                     0x00023971   Thumb Code    72  ble_conn_params.o(i.ble_conn_params_init)
    ble_conn_params_on_ble_evt               0x000239c9   Thumb Code   120  ble_conn_params.o(i.ble_conn_params_on_ble_evt)
    ble_nus_init                             0x00023ae1   Thumb Code    94  ble_nus.o(i.ble_nus_init)
    ble_nus_on_ble_evt                       0x00023b45   Thumb Code    92  ble_nus.o(i.ble_nus_on_ble_evt)
    ble_nus_string_send                      0x00023ba1   Thumb Code    78  ble_nus.o(i.ble_nus_string_send)
    ble_srv_is_notification_enabled          0x00023bef   Thumb Code     8  ble_srv_common.o(i.ble_srv_is_notification_enabled)
    bsp_board_button_idx_to_pin              0x00023cb5   Thumb Code     6  boards.o(i.bsp_board_button_idx_to_pin)
    bsp_board_button_state_get               0x00023cc1   Thumb Code    36  boards.o(i.bsp_board_button_state_get)
    bsp_board_led_invert                     0x00023ce9   Thumb Code    40  boards.o(i.bsp_board_led_invert)
    bsp_board_led_off                        0x00023d15   Thumb Code    10  boards.o(i.bsp_board_led_off)
    bsp_board_led_on                         0x00023d25   Thumb Code    10  boards.o(i.bsp_board_led_on)
    bsp_board_led_state_get                  0x00023d35   Thumb Code    36  boards.o(i.bsp_board_led_state_get)
    bsp_board_leds_init                      0x00023d5d   Thumb Code    38  boards.o(i.bsp_board_leds_init)
    bsp_board_leds_off                       0x00023d89   Thumb Code    18  boards.o(i.bsp_board_leds_off)
    bsp_board_leds_on                        0x00023d9b   Thumb Code    18  boards.o(i.bsp_board_leds_on)
    bsp_board_pin_to_button_idx              0x00023dad   Thumb Code    30  boards.o(i.bsp_board_pin_to_button_idx)
    bsp_btn_ble_init                         0x00023dd1   Thumb Code    52  bsp_btn_ble.o(i.bsp_btn_ble_init)
    bsp_btn_ble_on_ble_evt                   0x00023e09   Thumb Code   106  bsp_btn_ble.o(i.bsp_btn_ble_on_ble_evt)
    bsp_btn_ble_sleep_mode_prepare           0x00023e79   Thumb Code    30  bsp_btn_ble.o(i.bsp_btn_ble_sleep_mode_prepare)
    bsp_button_is_pressed                    0x00023f29   Thumb Code     4  bsp.o(i.bsp_button_is_pressed)
    bsp_event_handler                        0x00023f2d   Thumb Code    64  main.o(i.bsp_event_handler)
    bsp_event_to_button_action_assign        0x00023f71   Thumb Code    64  bsp.o(i.bsp_event_to_button_action_assign)
    bsp_indication_set                       0x00023fb5   Thumb Code    20  bsp.o(i.bsp_indication_set)
    bsp_init                                 0x00023fcd   Thumb Code   126  bsp.o(i.bsp_init)
    bsp_wakeup_button_enable                 0x00024219   Thumb Code    16  bsp.o(i.bsp_wakeup_button_enable)
    fputc                                    0x0002453b   Thumb Code    14  retarget.o(i.fputc)
    fs_queued_op_count_get                   0x00024549   Thumb Code    16  fstorage.o(i.fs_queued_op_count_get)
    gatt_evt_handler                         0x0002455d   Thumb Code    58  main.o(i.gatt_evt_handler)
    gatt_init                                0x000245c9   Thumb Code    38  main.o(i.gatt_init)
    intern_softdevice_events_execute         0x00024651   Thumb Code   114  softdevice_handler.o(i.intern_softdevice_events_execute)
    main                                     0x000248b1   Thumb Code   290  main.o(i.main)
    nrf_ble_gatt_att_mtu_periph_set          0x00024b3d   Thumb Code    24  nrf_ble_gatt.o(i.nrf_ble_gatt_att_mtu_periph_set)
    nrf_ble_gatt_init                        0x00024b55   Thumb Code    44  nrf_ble_gatt.o(i.nrf_ble_gatt_init)
    nrf_ble_gatt_on_ble_evt                  0x00024b81   Thumb Code   154  nrf_ble_gatt.o(i.nrf_ble_gatt_on_ble_evt)
    nrf_drv_clock_init                       0x00024cd1   Thumb Code    64  nrf_drv_clock.o(i.nrf_drv_clock_init)
    nrf_drv_clock_on_sd_enable               0x00024d19   Thumb Code    44  nrf_drv_clock.o(i.nrf_drv_clock_on_sd_enable)
    nrf_drv_clock_on_soc_event               0x00024d49   Thumb Code    10  nrf_drv_clock.o(i.nrf_drv_clock_on_soc_event)
    nrf_drv_common_irq_enable                0x00024d53   Thumb Code    56  nrf_drv_common.o(i.nrf_drv_common_irq_enable)
    nrf_drv_gpiote_in_event_enable           0x00024d91   Thumb Code   144  nrf_drv_gpiote.o(i.nrf_drv_gpiote_in_event_enable)
    nrf_drv_gpiote_in_init                   0x00024e29   Thumb Code   178  nrf_drv_gpiote.o(i.nrf_drv_gpiote_in_init)
    nrf_drv_gpiote_in_is_set                 0x00024ee9   Thumb Code    14  nrf_drv_gpiote.o(i.nrf_drv_gpiote_in_is_set)
    nrf_drv_gpiote_init                      0x00024ef9   Thumb Code    84  nrf_drv_gpiote.o(i.nrf_drv_gpiote_init)
    nrf_drv_gpiote_is_init                   0x00024f55   Thumb Code    14  nrf_drv_gpiote.o(i.nrf_drv_gpiote_is_init)
    nrf_drv_uart_init                        0x00024f79   Thumb Code    98  nrf_drv_uart.o(i.nrf_drv_uart_init)
    nrf_drv_uart_rx                          0x00024fe1   Thumb Code   170  nrf_drv_uart.o(i.nrf_drv_uart_rx)
    nrf_drv_uart_rx_enable                   0x00025091   Thumb Code    42  nrf_drv_uart.o(i.nrf_drv_uart_rx_enable)
    nrf_drv_uart_tx                          0x00025219   Thumb Code   262  nrf_drv_uart.o(i.nrf_drv_uart_tx)
    nrf_drv_uart_tx_in_progress              0x00025325   Thumb Code    18  nrf_drv_uart.o(i.nrf_drv_uart_tx_in_progress)
    nrf_log_backend_hexdump_handler_get      0x00025551   Thumb Code     4  nrf_log_backend_serial.o(i.nrf_log_backend_hexdump_handler_get)
    nrf_log_backend_init                     0x00025559   Thumb Code    30  nrf_log_backend_serial.o(i.nrf_log_backend_init)
    nrf_log_backend_std_handler_get          0x000257a1   Thumb Code     4  nrf_log_backend_serial.o(i.nrf_log_backend_std_handler_get)
    nrf_log_frontend_hexdump                 0x000257c1   Thumb Code    48  nrf_log_frontend.o(i.nrf_log_frontend_hexdump)
    nrf_log_frontend_std_0                   0x000257f5   Thumb Code     8  nrf_log_frontend.o(i.nrf_log_frontend_std_0)
    nrf_log_frontend_std_1                   0x000257fd   Thumb Code    14  nrf_log_frontend.o(i.nrf_log_frontend_std_1)
    nrf_log_frontend_std_2                   0x0002580b   Thumb Code    16  nrf_log_frontend.o(i.nrf_log_frontend_std_2)
    nrf_log_frontend_std_3                   0x0002581b   Thumb Code    18  nrf_log_frontend.o(i.nrf_log_frontend_std_3)
    nrf_log_handlers_set                     0x0002582d   Thumb Code     8  nrf_log_frontend.o(i.nrf_log_handlers_set)
    nrf_log_init                             0x00025839   Thumb Code    34  nrf_log_frontend.o(i.nrf_log_init)
    softdevice_app_ram_start_get             0x00026101   Thumb Code    14  softdevice_handler.o(i.softdevice_app_ram_start_get)
    softdevice_ble_evt_handler_set           0x00026115   Thumb Code    14  softdevice_handler.o(i.softdevice_ble_evt_handler_set)
    softdevice_enable                        0x00026129   Thumb Code    78  softdevice_handler.o(i.softdevice_enable)
    softdevice_fault_handler                 0x00026241   Thumb Code     4  softdevice_handler.o(i.softdevice_fault_handler)
    softdevice_handler_init                  0x00026245   Thumb Code    92  softdevice_handler.o(i.softdevice_handler_init)
    softdevice_handler_is_enabled            0x000262a9   Thumb Code     6  softdevice_handler.o(i.softdevice_handler_is_enabled)
    uart_event_handle                        0x000265d9   Thumb Code   112  main.o(i.uart_event_handle)
    __ctype_table                            0x00026b50   Data         129  ctype_o.o(.constdata)
    Region$$Table$$Base                      0x000270e8   Number         0  anon$$obj.o(Region$$Table)
    Region$$Table$$Limit                     0x00027108   Number         0  anon$$obj.o(Region$$Table)
    Image$$RW_IRAM1$$Base                    0x200026c0   Number         0  anon$$obj.o ABSOLUTE
    __stdout                                 0x20002750   Data           4  retarget.o(.data)
    SystemCoreClock                          0x2000276c   Data           4  system_nrf52840.o(.data)
    nrf_nvic_state                           0x20002e60   Data          12  app_util_platform.o(.bss)
    _SEGGER_RTT                              0x20003100   Data         120  segger_rtt.o(.bss)
    __initial_sp                             0x20005178   Data           0  arm_startup_nrf52840.o(STACK)



==============================================================================

Memory Map of the image

  Image Entry point : 0x00022201

  Load Region LR_IROM1 (Base: 0x00022000, Size: 0x000051b8, Max: 0x000de000, ABSOLUTE)

    Execution Region ER_IROM1 (Base: 0x00022000, Size: 0x00005108, Max: 0x000de000, ABSOLUTE)

    Base Addr    Size         Type   Attr      Idx    E Section Name        Object

    0x00022000   0x00000200   Data   RO         3126    RESET               arm_startup_nrf52840.o
    0x00022200   0x00000000   Code   RO         3167  * .ARM.Collect$$$$00000000  mc_w.l(entry.o)
    0x00022200   0x00000004   Code   RO         3471    .ARM.Collect$$$$00000001  mc_w.l(entry2.o)
    0x00022204   0x00000004   Code   RO         3474    .ARM.Collect$$$$00000004  mc_w.l(entry5.o)
    0x00022208   0x00000000   Code   RO         3476    .ARM.Collect$$$$00000008  mc_w.l(entry7b.o)
    0x00022208   0x00000000   Code   RO         3478    .ARM.Collect$$$$0000000A  mc_w.l(entry8b.o)
    0x00022208   0x00000008   Code   RO         3479    .ARM.Collect$$$$0000000B  mc_w.l(entry9a.o)
    0x00022210   0x00000000   Code   RO         3481    .ARM.Collect$$$$0000000D  mc_w.l(entry10a.o)
    0x00022210   0x00000000   Code   RO         3483    .ARM.Collect$$$$0000000F  mc_w.l(entry11a.o)
    0x00022210   0x00000004   Code   RO         3472    .ARM.Collect$$$$00002712  mc_w.l(entry2.o)
    0x00022214   0x00000024   Code   RO         3127    .text               arm_startup_nrf52840.o
    0x00022238   0x00000062   Code   RO         3170    .text               mc_w.l(uldiv.o)
    0x0002229a   0x00000002   PAD
    0x0002229c   0x00000008   Code   RO         3172    .text               mc_w.l(ctype_o.o)
    0x000222a4   0x00000024   Code   RO         3200    .text               mc_w.l(memcpya.o)
    0x000222c8   0x00000024   Code   RO         3202    .text               mc_w.l(memseta.o)
    0x000222ec   0x0000000e   Code   RO         3204    .text               mc_w.l(strlen.o)
    0x000222fa   0x00000012   Code   RO         3206    .text               mc_w.l(strcpy.o)
    0x0002230c   0x0000001e   Code   RO         3487    .text               mc_w.l(llshl.o)
    0x0002232a   0x00000020   Code   RO         3489    .text               mc_w.l(llushr.o)
    0x0002234a   0x00000002   PAD
    0x0002234c   0x00000024   Code   RO         3502    .text               mc_w.l(init.o)
    0x00022370   0x000001c4   Code   RO         1321    i.GPIOTE_IRQHandler  nrf_drv_gpiote.o
    0x00022534   0x00000016   Code   RO         2092    i.NVIC_ClearPendingIRQ  app_timer.o
    0x0002254a   0x00000016   Code   RO         2985    i.NVIC_DisableIRQ   softdevice_handler.o
    0x00022560   0x00000016   Code   RO         2093    i.NVIC_EnableIRQ    app_timer.o
    0x00022576   0x00000016   Code   RO         2986    i.NVIC_EnableIRQ    softdevice_handler.o
    0x0002258c   0x00000016   Code   RO         2094    i.NVIC_SetPendingIRQ  app_timer.o
    0x000225a2   0x00000020   Code   RO         2095    i.NVIC_SetPriority  app_timer.o
    0x000225c2   0x00000002   PAD
    0x000225c4   0x00000058   Code   RO         1101    i.POWER_CLOCK_IRQHandler  nrf_drv_clock.o
    0x0002261c   0x00000024   Code   RO         2096    i.RTC1_IRQHandler   app_timer.o
    0x00022640   0x00000014   Code   RO         2836    i.SEGGER_RTT_Init   segger_rtt.o
    0x00022654   0x0000005c   Code   RO         2845    i.SEGGER_RTT_WriteNoLock  segger_rtt.o
    0x000226b0   0x00000004   Code   RO         2097    i.SWI0_EGU0_IRQHandler  app_timer.o
    0x000226b4   0x00000024   Code   RO         2987    i.SWI2_EGU2_IRQHandler  softdevice_handler.o
    0x000226d8   0x000001dc   Code   RO         3135    i.SystemInit        system_nrf52840.o
    0x000228b4   0x0000001c   Code   RO         1584    i.UARTE0_UART0_IRQHandler  nrf_drv_uart.o
    0x000228d0   0x00000068   Code   RO         2848    i._DoInit           segger_rtt.o
    0x00022938   0x00000016   Code   RO         2849    i._GetAvailWriteSpace  segger_rtt.o
    0x0002294e   0x0000005a   Code   RO         2851    i._WriteBlocking    segger_rtt.o
    0x000229a8   0x0000003e   Code   RO         2852    i._WriteNoCheck     segger_rtt.o
    0x000229e6   0x00000002   PAD
    0x000229e8   0x00000020   Code   RO         3417    i.__0printf$8       mc_w.l(printf8.o)
    0x00022a08   0x00000030   Code   RO         3418    i.__0snprintf$8     mc_w.l(printf8.o)
    0x00022a38   0x0000000e   Code   RO         3510    i.__scatterload_copy  mc_w.l(handlers.o)
    0x00022a46   0x00000002   Code   RO         3511    i.__scatterload_null  mc_w.l(handlers.o)
    0x00022a48   0x0000000e   Code   RO         3512    i.__scatterload_zeroinit  mc_w.l(handlers.o)
    0x00022a56   0x00000002   PAD
    0x00022a58   0x00000024   Code   RO         2988    i.__sd_nvic_app_accessible_irq  softdevice_handler.o
    0x00022a7c   0x00000410   Code   RO         3424    i._printf_core      mc_w.l(printf8.o)
    0x00022e8c   0x00000024   Code   RO         3425    i._printf_post_padding  mc_w.l(printf8.o)
    0x00022eb0   0x0000002e   Code   RO         3426    i._printf_pre_padding  mc_w.l(printf8.o)
    0x00022ede   0x00000016   Code   RO         3427    i._snputc           mc_w.l(printf8.o)
    0x00022ef4   0x00000182   Code   RO          646    i.adv_data_encode   ble_advdata.o
    0x00023076   0x00000002   PAD
    0x00023078   0x00000058   Code   RO          723    i.adv_mode_next_avail_get  ble_advertising.o
    0x000230d0   0x00000036   Code   RO          564    i.advertising_buttons_configure  bsp_btn_ble.o
    0x00023106   0x00000002   PAD
    0x00023108   0x0000006c   Code   RO            4    i.advertising_init  main.o
    0x00023174   0x00000006   Code   RO          444    i.alert_timer_handler  bsp.o
    0x0002317a   0x00000002   PAD
    0x0002317c   0x00000024   Code   RO         1833    i.app_button_enable  app_button.o
    0x000231a0   0x00000070   Code   RO         1834    i.app_button_init   app_button.o
    0x00023210   0x00000060   Code   RO         1940    i.app_error_fault_handler  app_error_weak.o
    0x00023270   0x00000016   Code   RO         1898    i.app_error_handler_bare  app_error.o
    0x00023286   0x00000016   Code   RO         1969    i.app_fifo_get      app_fifo.o
    0x0002329c   0x00000020   Code   RO         1970    i.app_fifo_init     app_fifo.o
    0x000232bc   0x0000001a   Code   RO         1972    i.app_fifo_put      app_fifo.o
    0x000232d6   0x00000002   PAD
    0x000232d8   0x00000024   Code   RO         2100    i.app_timer_create  app_timer.o
    0x000232fc   0x00000054   Code   RO         2101    i.app_timer_init    app_timer.o
    0x00023350   0x00000088   Code   RO         2104    i.app_timer_start   app_timer.o
    0x000233d8   0x00000020   Code   RO         2105    i.app_timer_stop    app_timer.o
    0x000233f8   0x00000034   Code   RO         2263    i.app_uart_get      app_uart_fifo.o
    0x0002342c   0x000000b4   Code   RO         2264    i.app_uart_init     app_uart_fifo.o
    0x000234e0   0x0000003c   Code   RO         2265    i.app_uart_put      app_uart_fifo.o
    0x0002351c   0x00000048   Code   RO         2327    i.app_util_critical_region_enter  app_util_platform.o
    0x00023564   0x00000034   Code   RO         2328    i.app_util_critical_region_exit  app_util_platform.o
    0x00023598   0x000000a8   Code   RO         1585    i.apply_config      nrf_drv_uart.o
    0x00023640   0x00000068   Code   RO          647    i.ble_advdata_set   ble_advdata.o
    0x000236a8   0x0000000c   Code   RO          724    i.ble_advertising_conn_cfg_tag_set  ble_advertising.o
    0x000236b4   0x00000120   Code   RO          725    i.ble_advertising_init  ble_advertising.o
    0x000237d4   0x0000005c   Code   RO          726    i.ble_advertising_on_ble_evt  ble_advertising.o
    0x00023830   0x0000003c   Code   RO          729    i.ble_advertising_restart_without_whitelist  ble_advertising.o
    0x0002386c   0x00000104   Code   RO          730    i.ble_advertising_start  ble_advertising.o
    0x00023970   0x00000058   Code   RO          820    i.ble_conn_params_init  ble_conn_params.o
    0x000239c8   0x00000084   Code   RO          821    i.ble_conn_params_on_ble_evt  ble_conn_params.o
    0x00023a4c   0x00000060   Code   RO          648    i.ble_device_addr_encode  ble_advdata.o
    0x00023aac   0x00000034   Code   RO            6    i.ble_evt_dispatch  main.o
    0x00023ae0   0x00000064   Code   RO         1054    i.ble_nus_init      ble_nus.o
    0x00023b44   0x0000005c   Code   RO         1055    i.ble_nus_on_ble_evt  ble_nus.o
    0x00023ba0   0x0000004e   Code   RO         1056    i.ble_nus_string_send  ble_nus.o
    0x00023bee   0x00000008   Code   RO          890    i.ble_srv_is_notification_enabled  ble_srv_common.o
    0x00023bf6   0x00000002   PAD
    0x00023bf8   0x000000bc   Code   RO            7    i.ble_stack_init    main.o
    0x00023cb4   0x0000000c   Code   RO          323    i.bsp_board_button_idx_to_pin  boards.o
    0x00023cc0   0x00000028   Code   RO          324    i.bsp_board_button_state_get  boards.o
    0x00023ce8   0x0000002c   Code   RO          327    i.bsp_board_led_invert  boards.o
    0x00023d14   0x00000010   Code   RO          328    i.bsp_board_led_off  boards.o
    0x00023d24   0x00000010   Code   RO          329    i.bsp_board_led_on  boards.o
    0x00023d34   0x00000028   Code   RO          330    i.bsp_board_led_state_get  boards.o
    0x00023d5c   0x0000002c   Code   RO          331    i.bsp_board_leds_init  boards.o
    0x00023d88   0x00000012   Code   RO          332    i.bsp_board_leds_off  boards.o
    0x00023d9a   0x00000012   Code   RO          333    i.bsp_board_leds_on  boards.o
    0x00023dac   0x00000024   Code   RO          334    i.bsp_board_pin_to_button_idx  boards.o
    0x00023dd0   0x00000038   Code   RO          565    i.bsp_btn_ble_init  bsp_btn_ble.o
    0x00023e08   0x00000070   Code   RO          566    i.bsp_btn_ble_on_ble_evt  bsp_btn_ble.o
    0x00023e78   0x0000001e   Code   RO          567    i.bsp_btn_ble_sleep_mode_prepare  bsp_btn_ble.o
    0x00023e96   0x00000002   PAD
    0x00023e98   0x00000090   Code   RO          445    i.bsp_button_event_handler  bsp.o
    0x00023f28   0x00000004   Code   RO          446    i.bsp_button_is_pressed  bsp.o
    0x00023f2c   0x00000044   Code   RO            8    i.bsp_event_handler  main.o
    0x00023f70   0x00000044   Code   RO          449    i.bsp_event_to_button_action_assign  bsp.o
    0x00023fb4   0x00000018   Code   RO          450    i.bsp_indication_set  bsp.o
    0x00023fcc   0x00000094   Code   RO          451    i.bsp_init          bsp.o
    0x00024060   0x000001b8   Code   RO          452    i.bsp_led_indication  bsp.o
    0x00024218   0x00000010   Code   RO          454    i.bsp_wakeup_button_enable  bsp.o
    0x00024228   0x00000012   Code   RO         2619    i.buf_len_update    nrf_log_backend_serial.o
    0x0002423a   0x00000008   Code   RO          455    i.button_timer_handler  bsp.o
    0x00024242   0x00000002   PAD
    0x00024244   0x0000001c   Code   RO         1322    i.channel_free      nrf_drv_gpiote.o
    0x00024260   0x00000048   Code   RO         1323    i.channel_port_alloc  nrf_drv_gpiote.o
    0x000242a8   0x00000010   Code   RO         1324    i.channel_port_get  nrf_drv_gpiote.o
    0x000242b8   0x00000028   Code   RO         1102    i.clock_clk_started_notify  nrf_drv_clock.o
    0x000242e0   0x000000ac   Code   RO         2107    i.compare_reg_update  app_timer.o
    0x0002438c   0x00000088   Code   RO          649    i.conn_int_encode   ble_advdata.o
    0x00024414   0x00000004   Code   RO            9    i.conn_params_error_handler  main.o
    0x00024418   0x0000005c   Code   RO          823    i.conn_params_negotiation  ble_conn_params.o
    0x00024474   0x00000060   Code   RO         1836    i.detection_delay_timeout_handler  app_button.o
    0x000244d4   0x00000040   Code   RO         2108    i.elapsed_ticks_acquire  app_timer.o
    0x00024514   0x00000014   Code   RO         1975    i.fifo_get          app_fifo.o
    0x00024528   0x00000012   Code   RO         1976    i.fifo_put          app_fifo.o
    0x0002453a   0x0000000e   Code   RO         2582    i.fputc             retarget.o
    0x00024548   0x00000014   Code   RO         2401    i.fs_queued_op_count_get  fstorage.o
    0x0002455c   0x0000006c   Code   RO           10    i.gatt_evt_handler  main.o
    0x000245c8   0x00000030   Code   RO           11    i.gatt_init         main.o
    0x000245f8   0x00000058   Code   RO         1837    i.gpiote_event_handler  app_button.o
    0x00024650   0x00000078   Code   RO         2989    i.intern_softdevice_events_execute  softdevice_handler.o
    0x000246c8   0x00000078   Code   RO         1586    i.interrupts_enable  nrf_drv_uart.o
    0x00024740   0x0000001c   Code   RO          824    i.is_conn_params_ok  ble_conn_params.o
    0x0002475c   0x00000030   Code   RO          456    i.leds_off          bsp.o
    0x0002478c   0x00000014   Code   RO          457    i.leds_timer_handler  bsp.o
    0x000247a0   0x00000018   Code   RO          947    i.link_init         nrf_ble_gatt.o
    0x000247b8   0x000000f8   Code   RO         2109    i.list_insertions_handler  app_timer.o
    0x000248b0   0x0000017c   Code   RO           12    i.main              main.o
    0x00024a2c   0x00000064   Code   RO          650    i.manuf_specific_data_encode  ble_advdata.o
    0x00024a90   0x0000009c   Code   RO          651    i.name_encode       ble_advdata.o
    0x00024b2c   0x00000010   Code   RO         1325    i.nrf_bitmask_bit_is_set  nrf_drv_gpiote.o
    0x00024b3c   0x00000018   Code   RO          949    i.nrf_ble_gatt_att_mtu_periph_set  nrf_ble_gatt.o
    0x00024b54   0x0000002c   Code   RO          953    i.nrf_ble_gatt_init  nrf_ble_gatt.o
    0x00024b80   0x000000a4   Code   RO          954    i.nrf_ble_gatt_on_ble_evt  nrf_ble_gatt.o
    0x00024c24   0x0000000e   Code   RO         1106    i.nrf_clock_event_check  nrf_drv_clock.o
    0x00024c32   0x00000010   Code   RO         1107    i.nrf_clock_event_clear  nrf_drv_clock.o
    0x00024c42   0x00000002   PAD
    0x00024c44   0x0000008c   Code   RO         2110    i.nrf_delay_us      app_timer.o
    0x00024cd0   0x00000048   Code   RO         1114    i.nrf_drv_clock_init  nrf_drv_clock.o
    0x00024d18   0x00000030   Code   RO         1121    i.nrf_drv_clock_on_sd_enable  nrf_drv_clock.o
    0x00024d48   0x0000000a   Code   RO         1122    i.nrf_drv_clock_on_soc_event  nrf_drv_clock.o
    0x00024d52   0x00000038   Code   RO         1275    i.nrf_drv_common_irq_enable  nrf_drv_common.o
    0x00024d8a   0x00000006   Code   RO         1588    i.nrf_drv_get_IRQn  nrf_drv_uart.o
    0x00024d90   0x00000098   Code   RO         1330    i.nrf_drv_gpiote_in_event_enable  nrf_drv_gpiote.o
    0x00024e28   0x000000c0   Code   RO         1331    i.nrf_drv_gpiote_in_init  nrf_drv_gpiote.o
    0x00024ee8   0x0000000e   Code   RO         1332    i.nrf_drv_gpiote_in_is_set  nrf_drv_gpiote.o
    0x00024ef6   0x00000002   PAD
    0x00024ef8   0x0000005c   Code   RO         1334    i.nrf_drv_gpiote_init  nrf_drv_gpiote.o
    0x00024f54   0x00000014   Code   RO         1335    i.nrf_drv_gpiote_is_init  nrf_drv_gpiote.o
    0x00024f68   0x00000010   Code   RO         1589    i.nrf_drv_is_in_RAM  nrf_drv_uart.o
    0x00024f78   0x00000068   Code   RO         1591    i.nrf_drv_uart_init  nrf_drv_uart.o
    0x00024fe0   0x000000b0   Code   RO         1592    i.nrf_drv_uart_rx   nrf_drv_uart.o
    0x00025090   0x00000030   Code   RO         1595    i.nrf_drv_uart_rx_enable  nrf_drv_uart.o
    0x000250c0   0x000000a8   Code   RO         1596    i.nrf_drv_uart_rx_for_uart  nrf_drv_uart.o
    0x00025168   0x000000b0   Code   RO         1597    i.nrf_drv_uart_rx_for_uarte  nrf_drv_uart.o
    0x00025218   0x0000010c   Code   RO         1599    i.nrf_drv_uart_tx   nrf_drv_uart.o
    0x00025324   0x00000018   Code   RO         1601    i.nrf_drv_uart_tx_in_progress  nrf_drv_uart.o
    0x0002533c   0x00000032   Code   RO          336    i.nrf_gpio_cfg      boards.o
    0x0002536e   0x00000032   Code   RO         1349    i.nrf_gpio_cfg      nrf_drv_gpiote.o
    0x000253a0   0x00000032   Code   RO         1603    i.nrf_gpio_cfg      nrf_drv_uart.o
    0x000253d2   0x00000012   Code   RO         1605    i.nrf_gpio_cfg_input  nrf_drv_uart.o
    0x000253e4   0x00000014   Code   RO         1606    i.nrf_gpio_cfg_output  nrf_drv_uart.o
    0x000253f8   0x00000034   Code   RO          458    i.nrf_gpio_cfg_sense_set  bsp.o
    0x0002542c   0x00000030   Code   RO         1351    i.nrf_gpio_cfg_sense_set  nrf_drv_gpiote.o
    0x0002545c   0x0000001c   Code   RO          337    i.nrf_gpio_pin_port_decode  boards.o
    0x00025478   0x0000001c   Code   RO         1353    i.nrf_gpio_pin_port_decode  nrf_drv_gpiote.o
    0x00025494   0x0000001c   Code   RO         1607    i.nrf_gpio_pin_port_decode  nrf_drv_uart.o
    0x000254b0   0x00000016   Code   RO         1354    i.nrf_gpio_pin_read  nrf_drv_gpiote.o
    0x000254c6   0x00000014   Code   RO         1608    i.nrf_gpio_pin_set  nrf_drv_uart.o
    0x000254da   0x00000026   Code   RO          338    i.nrf_gpio_pin_write  boards.o
    0x00025500   0x0000002c   Code   RO         1356    i.nrf_gpio_ports_read  nrf_drv_gpiote.o
    0x0002552c   0x00000014   Code   RO         1357    i.nrf_gpiote_event_clear  nrf_drv_gpiote.o
    0x00025540   0x00000010   Code   RO         1358    i.nrf_gpiote_event_is_set  nrf_drv_gpiote.o
    0x00025550   0x00000008   Code   RO         2621    i.nrf_log_backend_hexdump_handler_get  nrf_log_backend_serial.o
    0x00025558   0x00000024   Code   RO         2622    i.nrf_log_backend_init  nrf_log_backend_serial.o
    0x0002557c   0x0000011c   Code   RO         2623    i.nrf_log_backend_serial_hexdump_handler  nrf_log_backend_serial.o
    0x00025698   0x00000108   Code   RO         2624    i.nrf_log_backend_serial_std_handler  nrf_log_backend_serial.o
    0x000257a0   0x00000008   Code   RO         2625    i.nrf_log_backend_std_handler_get  nrf_log_backend_serial.o
    0x000257a8   0x00000018   Code   RO         2711    i.nrf_log_direct_feed  nrf_log_frontend.o
    0x000257c0   0x00000034   Code   RO         2713    i.nrf_log_frontend_hexdump  nrf_log_frontend.o
    0x000257f4   0x00000008   Code   RO         2715    i.nrf_log_frontend_std_0  nrf_log_frontend.o
    0x000257fc   0x0000000e   Code   RO         2716    i.nrf_log_frontend_std_1  nrf_log_frontend.o
    0x0002580a   0x00000010   Code   RO         2717    i.nrf_log_frontend_std_2  nrf_log_frontend.o
    0x0002581a   0x00000012   Code   RO         2718    i.nrf_log_frontend_std_3  nrf_log_frontend.o
    0x0002582c   0x0000000c   Code   RO         2723    i.nrf_log_handlers_set  nrf_log_frontend.o
    0x00025838   0x00000022   Code   RO         2724    i.nrf_log_init      nrf_log_frontend.o
    0x0002585a   0x0000000a   Code   RO         1609    i.nrf_uart_event_check  nrf_drv_uart.o
    0x00025864   0x0000000c   Code   RO         1610    i.nrf_uart_event_clear  nrf_drv_uart.o
    0x00025870   0x0000000c   Code   RO         1611    i.nrf_uart_int_enable_check  nrf_drv_uart.o
    0x0002587c   0x0000000a   Code   RO         1612    i.nrf_uarte_event_check  nrf_drv_uart.o
    0x00025886   0x0000000c   Code   RO         1613    i.nrf_uarte_event_clear  nrf_drv_uart.o
    0x00025892   0x00000002   PAD
    0x00025894   0x00000090   Code   RO           13    i.nus_data_handler  main.o
    0x00025924   0x00000024   Code   RO           14    i.on_adv_evt        main.o
    0x00025948   0x00000130   Code   RO           15    i.on_ble_evt        main.o
    0x00025a78   0x0000001c   Code   RO           16    i.on_conn_params_evt  main.o
    0x00025a94   0x000000ac   Code   RO          955    i.on_connected_evt  nrf_ble_gatt.o
    0x00025b40   0x00000128   Code   RO          956    i.on_data_length_update_evt  nrf_ble_gatt.o
    0x00025c68   0x00000058   Code   RO          957    i.on_data_length_update_request_evt  nrf_ble_gatt.o
    0x00025cc0   0x0000008c   Code   RO          958    i.on_exchange_mtu_request_evt  nrf_ble_gatt.o
    0x00025d4c   0x00000060   Code   RO          959    i.on_exchange_mtu_rsp_evt  nrf_ble_gatt.o
    0x00025dac   0x00000018   Code   RO         1359    i.pin_in_use_by_port  nrf_drv_gpiote.o
    0x00025dc4   0x00000018   Code   RO         1360    i.pin_in_use_by_te  nrf_drv_gpiote.o
    0x00025ddc   0x0000003c   Code   RO         2111    i.rtc1_stop         app_timer.o
    0x00025e18   0x00000032   Code   RO         1615    i.rx_byte           nrf_drv_uart.o
    0x00025e4a   0x000000a2   Code   RO         1057    i.rx_char_add       ble_nus.o
    0x00025eec   0x00000018   Code   RO         1616    i.rx_done_event     nrf_drv_uart.o
    0x00025f04   0x00000020   Code   RO         1617    i.rx_enable         nrf_drv_uart.o
    0x00025f24   0x00000070   Code   RO         2990    i.sd_nvic_EnableIRQ  softdevice_handler.o
    0x00025f94   0x0000002e   Code   RO         2626    i.serial_tx         nrf_log_backend_serial.o
    0x00025fc2   0x00000002   PAD
    0x00025fc4   0x00000088   Code   RO          652    i.service_data_encode  ble_advdata.o
    0x0002604c   0x00000048   Code   RO          732    i.set_adv_mode_fast  ble_advertising.o
    0x00026094   0x00000044   Code   RO          733    i.set_adv_mode_slow  ble_advertising.o
    0x000260d8   0x00000028   Code   RO           17    i.sleep_mode_enter  main.o
    0x00026100   0x00000014   Code   RO         2991    i.softdevice_app_ram_start_get  softdevice_handler.o
    0x00026114   0x00000014   Code   RO         2992    i.softdevice_ble_evt_handler_set  softdevice_handler.o
    0x00026128   0x00000118   Code   RO         2993    i.softdevice_enable  softdevice_handler.o
    0x00026240   0x00000004   Code   RO         2994    i.softdevice_fault_handler  softdevice_handler.o
    0x00026244   0x00000064   Code   RO         2995    i.softdevice_handler_init  softdevice_handler.o
    0x000262a8   0x0000000c   Code   RO         2996    i.softdevice_handler_is_enabled  softdevice_handler.o
    0x000262b4   0x00000080   Code   RO         2112    i.timer_list_handler  app_timer.o
    0x00026334   0x0000003c   Code   RO         2113    i.timer_list_insert  app_timer.o
    0x00026370   0x00000060   Code   RO         2114    i.timer_list_remove  app_timer.o
    0x000263d0   0x00000048   Code   RO         2115    i.timer_stop_op_schedule  app_timer.o
    0x00026418   0x00000074   Code   RO         2116    i.timer_timeouts_check  app_timer.o
    0x0002648c   0x00000034   Code   RO         2627    i.timestamp_process  nrf_log_backend_serial.o
    0x000264c0   0x00000020   Code   RO         1618    i.tx_byte           nrf_drv_uart.o
    0x000264e0   0x000000da   Code   RO         1058    i.tx_char_add       ble_nus.o
    0x000265ba   0x0000001c   Code   RO         1619    i.tx_done_event     nrf_drv_uart.o
    0x000265d6   0x00000002   PAD
    0x000265d8   0x000000b4   Code   RO           18    i.uart_event_handle  main.o
    0x0002668c   0x000000a0   Code   RO         2266    i.uart_event_handler  app_uart_fifo.o
    0x0002672c   0x0000011e   Code   RO         1620    i.uart_irq_handler  nrf_drv_uart.o
    0x0002684a   0x000000f0   Code   RO         1621    i.uarte_irq_handler  nrf_drv_uart.o
    0x0002693a   0x0000000a   Code   RO          653    i.uint16_encode     ble_advdata.o
    0x00026944   0x00000060   Code   RO          825    i.update_timeout_handler  ble_conn_params.o
    0x000269a4   0x00000030   Code   RO         2117    i.user_op_alloc     app_timer.o
    0x000269d4   0x00000030   Code   RO          654    i.uuid_list_encode  ble_advdata.o
    0x00026a04   0x0000009e   Code   RO          655    i.uuid_list_sized_encode  ble_advdata.o
    0x00026aa2   0x00000002   PAD
    0x00026aa4   0x0000001c   Data   RO           20    .constdata          main.o
    0x00026ac0   0x00000008   Data   RO          339    .constdata          boards.o
    0x00026ac8   0x0000002c   Data   RO          463    .constdata          bsp.o
    0x00026af4   0x00000004   Data   RO          828    .constdata          ble_conn_params.o
    0x00026af8   0x00000016   Data   RO          960    .constdata          nrf_ble_gatt.o
    0x00026b0e   0x00000002   PAD
    0x00026b10   0x00000010   Data   RO         1059    .constdata          ble_nus.o
    0x00026b20   0x00000008   Data   RO         1362    .constdata          nrf_drv_gpiote.o
    0x00026b28   0x00000008   Data   RO         1839    .constdata          app_button.o
    0x00026b30   0x00000020   Data   RO         2268    .constdata          app_uart_fifo.o
    0x00026b50   0x00000081   Data   RO         3173    .constdata          mc_w.l(ctype_o.o)
    0x00026bd1   0x00000003   PAD
    0x00026bd4   0x00000004   Data   RO         3174    .constdata          mc_w.l(ctype_o.o)
    0x00026bd8   0x00000045   Data   RO           21    .conststring        main.o
    0x00026c1d   0x00000003   PAD
    0x00026c20   0x000004c7   Data   RO          961    .conststring        nrf_ble_gatt.o
    0x000270e7   0x00000001   PAD
    0x000270e8   0x00000020   Data   RO         3508    Region$$Table       anon$$obj.o


    Execution Region RW_IRAM1 (Base: 0x200026c0, Size: 0x00002ab8, Max: 0x0003d940, ABSOLUTE)

    Base Addr    Size         Type   Attr      Idx    E Section Name        Object

    0x200026c0   0x0000000a   Data   RW           22    .data               main.o
    0x200026ca   0x00000002   PAD
    0x200026cc   0x00000010   Data   RW          464    .data               bsp.o
    0x200026dc   0x00000008   Data   RW          568    .data               bsp_btn_ble.o
    0x200026e4   0x0000001f   Data   RW          735    .data               ble_advertising.o
    0x20002703   0x00000001   PAD
    0x20002704   0x00000014   Data   RW          829    .data               ble_conn_params.o
    0x20002718   0x00000014   Data   RW         1840    .data               app_button.o
    0x2000272c   0x00000014   Data   RW         2119    .data               app_timer.o
    0x20002740   0x00000010   Data   RW         2269    .data               app_uart_fifo.o
    0x20002750   0x00000004   Data   RW         2583    .data               retarget.o
    0x20002754   0x00000002   Data   RW         2629    .data               nrf_log_backend_serial.o
    0x20002756   0x00000002   PAD
    0x20002758   0x00000014   Data   RW         3002    .data               softdevice_handler.o
    0x2000276c   0x00000004   Data   RW         3136    .data               system_nrf52840.o
    0x20002770   0x000003ac   Zero   RW           19    .bss                main.o
    0x20002b1c   0x00000020   Zero   RW          459    .bss                bsp.o
    0x20002b3c   0x00000020   Zero   RW          460    .bss                bsp.o
    0x20002b5c   0x0000000c   Zero   RW          461    .bss                bsp.o
    0x20002b68   0x00000020   Zero   RW          462    .bss                bsp.o
    0x20002b88   0x000000b3   Zero   RW          734    .bss                ble_advertising.o
    0x20002c3b   0x00000001   PAD
    0x20002c3c   0x00000020   Zero   RW          826    .bss                ble_conn_params.o
    0x20002c5c   0x0000001c   Zero   RW          827    .bss                ble_conn_params.o
    0x20002c78   0x00000014   Zero   RW         1124    .bss                nrf_drv_clock.o
    0x20002c8c   0x00000068   Zero   RW         1361    .bss                nrf_drv_gpiote.o
    0x20002cf4   0x00000020   Zero   RW         1622    .bss                nrf_drv_uart.o
    0x20002d14   0x00000020   Zero   RW         1838    .bss                app_button.o
    0x20002d34   0x0000010c   Zero   RW         2118    .bss                app_timer.o
    0x20002e40   0x00000020   Zero   RW         2267    .bss                app_uart_fifo.o
    0x20002e60   0x0000000c   Zero   RW         2333    .bss                app_util_platform.o
    0x20002e6c   0x00000068   Zero   RW         2410    .bss                fstorage.o
    0x20002ed4   0x0000001c   Zero   RW         2726    .bss                nrf_log_frontend.o
    0x20002ef0   0x00000288   Zero   RW         2853    .bss                segger_rtt.o
    0x20003178   0x00002000   Zero   RW         3124    STACK               arm_startup_nrf52840.o


==============================================================================

Image component sizes


      Code (inc. data)   RO Data    RW Data    ZI Data      Debug   Object Name

       332         34          8         20         32      10394   app_button.o
        22          0          0          0          0       2297   app_error.o
        96         54          0          0          0      27393   app_error_weak.o
       118          0          0          0          0       5182   app_fifo.o
         0          0          0          0          0      20788   app_scheduler.o
      1630        122          0         20        268      48351   app_timer.o
       452         42         32         16         32      11050   app_uart_fifo.o
       124         14          0          0         12       9594   app_util_platform.o
        36          8        512          0       8192        956   arm_startup_nrf52840.o
      1330          0          0          0          0      35964   ble_advdata.o
       940         66          0         31        179      11599   ble_advertising.o
       436         54          4         20         60       6032   ble_conn_params.o
       650          6         16          0          0       6126   ble_nus.o
         8          0          0          0          0       1506   ble_srv_common.o
       400         48          8          0          0      14388   boards.o
       978         90         44         16        108      15883   bsp.o
       252         10          0          8          0       5125   bsp_btn_ble.o
        20          4          0          0        104       3884   fstorage.o
      1688        394         97         10        940     146406   main.o
      1048        238       1245          0          0      34696   nrf_ble_gatt.o
       288         22          0          0         20      13108   nrf_drv_clock.o
        56          0          0          0          0      27583   nrf_drv_common.o
      1330         90          8          0        104      32068   nrf_drv_gpiote.o
      2186         74          0          0         32      44365   nrf_drv_uart.o
       716         30          0          2          0      10107   nrf_log_backend_serial.o
       178         12          0          0         28       9699   nrf_log_frontend.o
        14          0          0          4          0       2950   retarget.o
       390         40          0          0        648       8813   segger_rtt.o
       784        248          0         20          0      43187   softdevice_handler.o
       476         60          0          4          0       2503   system_nrf52840.o

    ----------------------------------------------------------------------
     17008       1760       2012        176      10760     611997   Object Totals
         0          0         32          0          0          0   (incl. Generated)
        30          0          6          5          1          0   (incl. Padding)

    ----------------------------------------------------------------------

      Code (inc. data)   RO Data    RW Data    ZI Data      Debug   Library Member Name

         8          4        133          0          0         68   ctype_o.o
         0          0          0          0          0          0   entry.o
         0          0          0          0          0          0   entry10a.o
         0          0          0          0          0          0   entry11a.o
         8          4          0          0          0          0   entry2.o
         4          0          0          0          0          0   entry5.o
         0          0          0          0          0          0   entry7b.o
         0          0          0          0          0          0   entry8b.o
         8          4          0          0          0          0   entry9a.o
        30          0          0          0          0          0   handlers.o
        36          8          0          0          0         68   init.o
        30          0          0          0          0         68   llshl.o
        32          0          0          0          0         68   llushr.o
        36          0          0          0          0         68   memcpya.o
        36          0          0          0          0        108   memseta.o
      1224         58          0          0          0        504   printf8.o
        18          0          0          0          0         68   strcpy.o
        14          0          0          0          0         68   strlen.o
        98          0          0          0          0         92   uldiv.o

    ----------------------------------------------------------------------
      1588         78        136          0          0       1180   Library Totals
         6          0          3          0          0          0   (incl. Padding)

    ----------------------------------------------------------------------

      Code (inc. data)   RO Data    RW Data    ZI Data      Debug   Library Name

      1582         78        133          0          0       1180   mc_w.l

    ----------------------------------------------------------------------
      1588         78        136          0          0       1180   Library Totals

    ----------------------------------------------------------------------

==============================================================================


      Code (inc. data)   RO Data    RW Data    ZI Data      Debug   

     18596       1838       2148        176      10760     592161   Grand Totals
     18596       1838       2148        176      10760     592161   ELF Image Totals
     18596       1838       2148        176          0          0   ROM Totals

==============================================================================

    Total RO  Size (Code + RO Data)                20744 (  20.26kB)
    Total RW  Size (RW Data + ZI Data)             10936 (  10.68kB)
    Total ROM Size (Code + RO Data + RW Data)      20920 (  20.43kB)

==============================================================================

