Component: ARM Compiler 5.06 update 4 (build 422) Tool: armlink [4d35d2]

==============================================================================

Section Cross References

    main.o(i.advertising_init) refers to memseta.o(.text) for __aeabi_memclr4
    main.o(i.advertising_init) refers to ble_advertising.o(i.ble_advertising_init) for ble_advertising_init
    main.o(i.advertising_init) refers to app_error.o(i.app_error_handler_bare) for app_error_handler_bare
    main.o(i.advertising_init) refers to ble_advertising.o(i.ble_advertising_conn_cfg_tag_set) for ble_advertising_conn_cfg_tag_set
    main.o(i.advertising_init) refers to main.o(.data) for .data
    main.o(i.advertising_init) refers to main.o(i.on_adv_evt) for on_adv_evt
    main.o(i.assert_nrf_callback) refers to app_error.o(i.app_error_handler) for app_error_handler
    main.o(i.ble_evt_dispatch) refers to ble_conn_params.o(i.ble_conn_params_on_ble_evt) for ble_conn_params_on_ble_evt
    main.o(i.ble_evt_dispatch) refers to nrf_ble_gatt.o(i.nrf_ble_gatt_on_ble_evt) for nrf_ble_gatt_on_ble_evt
    main.o(i.ble_evt_dispatch) refers to ble_nus.o(i.ble_nus_on_ble_evt) for ble_nus_on_ble_evt
    main.o(i.ble_evt_dispatch) refers to main.o(i.on_ble_evt) for on_ble_evt
    main.o(i.ble_evt_dispatch) refers to ble_advertising.o(i.ble_advertising_on_ble_evt) for ble_advertising_on_ble_evt
    main.o(i.ble_evt_dispatch) refers to bsp_btn_ble.o(i.bsp_btn_ble_on_ble_evt) for bsp_btn_ble_on_ble_evt
    main.o(i.ble_evt_dispatch) refers to main.o(.bss) for .bss
    main.o(i.ble_stack_init) refers to softdevice_handler.o(i.softdevice_handler_init) for softdevice_handler_init
    main.o(i.ble_stack_init) refers to app_error.o(i.app_error_handler_bare) for app_error_handler_bare
    main.o(i.ble_stack_init) refers to softdevice_handler.o(i.softdevice_app_ram_start_get) for softdevice_app_ram_start_get
    main.o(i.ble_stack_init) refers to softdevice_handler.o(i.softdevice_enable) for softdevice_enable
    main.o(i.ble_stack_init) refers to softdevice_handler.o(i.softdevice_ble_evt_handler_set) for softdevice_ble_evt_handler_set
    main.o(i.ble_stack_init) refers to main.o(.constdata) for .constdata
    main.o(i.ble_stack_init) refers to main.o(.bss) for .bss
    main.o(i.ble_stack_init) refers to main.o(i.ble_evt_dispatch) for ble_evt_dispatch
    main.o(i.bsp_event_handler) refers to main.o(i.sleep_mode_enter) for sleep_mode_enter
    main.o(i.bsp_event_handler) refers to app_error.o(i.app_error_handler_bare) for app_error_handler_bare
    main.o(i.bsp_event_handler) refers to ble_advertising.o(i.ble_advertising_restart_without_whitelist) for ble_advertising_restart_without_whitelist
    main.o(i.bsp_event_handler) refers to main.o(.data) for .data
    main.o(i.conn_params_error_handler) refers to app_error.o(i.app_error_handler_bare) for app_error_handler_bare
    main.o(i.gatt_evt_handler) refers to nrf_log_frontend.o(i.nrf_log_frontend_std_2) for nrf_log_frontend_std_2
    main.o(i.gatt_evt_handler) refers to main.o(.data) for .data
    main.o(i.gatt_evt_handler) refers to main.o(.conststring) for .conststring
    main.o(i.gatt_init) refers to nrf_ble_gatt.o(i.nrf_ble_gatt_init) for nrf_ble_gatt_init
    main.o(i.gatt_init) refers to app_error.o(i.app_error_handler_bare) for app_error_handler_bare
    main.o(i.gatt_init) refers to nrf_ble_gatt.o(i.nrf_ble_gatt_att_mtu_periph_set) for nrf_ble_gatt_att_mtu_periph_set
    main.o(i.gatt_init) refers to main.o(i.gatt_evt_handler) for gatt_evt_handler
    main.o(i.gatt_init) refers to main.o(.bss) for .bss
    main.o(i.main) refers to app_timer.o(i.app_timer_init) for app_timer_init
    main.o(i.main) refers to app_error.o(i.app_error_handler_bare) for app_error_handler_bare
    main.o(i.main) refers to memcpya.o(.text) for __aeabi_memcpy4
    main.o(i.main) refers to app_uart_fifo.o(i.app_uart_init) for app_uart_init
    main.o(i.main) refers to nrf_log_frontend.o(i.nrf_log_init) for nrf_log_init
    main.o(i.main) refers to bsp.o(i.bsp_init) for bsp_init
    main.o(i.main) refers to bsp_btn_ble.o(i.bsp_btn_ble_init) for bsp_btn_ble_init
    main.o(i.main) refers to main.o(i.ble_stack_init) for ble_stack_init
    main.o(i.main) refers to main.o(i.gatt_init) for gatt_init
    main.o(i.main) refers to ble_nus.o(i.ble_nus_init) for ble_nus_init
    main.o(i.main) refers to main.o(i.advertising_init) for advertising_init
    main.o(i.main) refers to memseta.o(.text) for __aeabi_memclr4
    main.o(i.main) refers to ble_conn_params.o(i.ble_conn_params_init) for ble_conn_params_init
    main.o(i.main) refers to printfa.o(i.__0printf) for __2printf
    main.o(i.main) refers to nrf_log_frontend.o(i.nrf_log_frontend_std_0) for nrf_log_frontend_std_0
    main.o(i.main) refers to ble_advertising.o(i.ble_advertising_start) for ble_advertising_start
    main.o(i.main) refers to main.o(.constdata) for .constdata
    main.o(i.main) refers to main.o(.bss) for .bss
[...]
    i.nrf_drv_clock_on_soc_event             0x00022808   Section        0  nrf_drv_clock.o(i.nrf_drv_clock_on_soc_event)
    i.nrf_drv_common_irq_enable              0x00022812   Section        0  nrf_drv_common.o(i.nrf_drv_common_irq_enable)
    i.nrf_drv_get_IRQn                       0x0002284a   Section        0  nrf_drv_uart.o(i.nrf_drv_get_IRQn)
    nrf_drv_get_IRQn                         0x0002284b   Thumb Code     6  nrf_drv_uart.o(i.nrf_drv_get_IRQn)
    i.nrf_drv_gpiote_in_event_enable         0x00022850   Section        0  nrf_drv_gpiote.o(i.nrf_drv_gpiote_in_event_enable)
    i.nrf_drv_gpiote_in_init                 0x000228f4   Section        0  nrf_drv_gpiote.o(i.nrf_drv_gpiote_in_init)
    i.nrf_drv_gpiote_in_is_set               0x000229ac   Section        0  nrf_drv_gpiote.o(i.nrf_drv_gpiote_in_is_set)
    i.nrf_drv_gpiote_init                    0x000229c0   Section        0  nrf_drv_gpiote.o(i.nrf_drv_gpiote_init)
    i.nrf_drv_gpiote_is_init                 0x00022a1c   Section        0  nrf_drv_gpiote.o(i.nrf_drv_gpiote_is_init)
    i.nrf_drv_is_in_RAM                      0x00022a30   Section        0  nrf_drv_uart.o(i.nrf_drv_is_in_RAM)
    nrf_drv_is_in_RAM                        0x00022a31   Thumb Code    16  nrf_drv_uart.o(i.nrf_drv_is_in_RAM)
    i.nrf_drv_uart_init                      0x00022a40   Section        0  nrf_drv_uart.o(i.nrf_drv_uart_init)
    i.nrf_drv_uart_rx                        0x00022aa8   Section        0  nrf_drv_uart.o(i.nrf_drv_uart_rx)
    i.nrf_drv_uart_rx_enable                 0x00022b58   Section        0  nrf_drv_uart.o(i.nrf_drv_uart_rx_enable)
    i.nrf_drv_uart_rx_for_uart               0x00022b88   Section        0  nrf_drv_uart.o(i.nrf_drv_uart_rx_for_uart)
    nrf_drv_uart_rx_for_uart                 0x00022b89   Thumb Code   162  nrf_drv_uart.o(i.nrf_drv_uart_rx_for_uart)
    i.nrf_drv_uart_rx_for_uarte              0x00022c30   Section        0  nrf_drv_uart.o(i.nrf_drv_uart_rx_for_uarte)
    nrf_drv_uart_rx_for_uarte                0x00022c31   Thumb Code   172  nrf_drv_uart.o(i.nrf_drv_uart_rx_for_uarte)
    i.nrf_drv_uart_tx                        0x00022ce0   Section        0  nrf_drv_uart.o(i.nrf_drv_uart_tx)
    i.nrf_drv_uart_tx_in_progress            0x00022dec   Section        0  nrf_drv_uart.o(i.nrf_drv_uart_tx_in_progress)
    i.nrf_gpio_cfg                           0x00022e04   Section        0  boards.o(i.nrf_gpio_cfg)
    nrf_gpio_cfg                             0x00022e05   Thumb Code    36  boards.o(i.nrf_gpio_cfg)
    i.nrf_gpio_cfg                           0x00022e28   Section        0  nrf_drv_gpiote.o(i.nrf_gpio_cfg)
    nrf_gpio_cfg                             0x00022e29   Thumb Code    36  nrf_drv_gpiote.o(i.nrf_gpio_cfg)
    i.nrf_gpio_cfg                           0x00022e4c   Section        0  nrf_drv_uart.o(i.nrf_gpio_cfg)
    nrf_gpio_cfg                             0x00022e4d   Thumb Code    36  nrf_drv_uart.o(i.nrf_gpio_cfg)
    i.nrf_gpio_cfg_input                     0x00022e70   Section        0  nrf_drv_uart.o(i.nrf_gpio_cfg_input)
    nrf_gpio_cfg_input                       0x00022e71   Thumb Code    18  nrf_drv_uart.o(i.nrf_gpio_cfg_input)
    i.nrf_gpio_cfg_output                    0x00022e82   Section        0  nrf_drv_uart.o(i.nrf_gpio_cfg_output)
    nrf_gpio_cfg_output                      0x00022e83   Thumb Code    20  nrf_drv_uart.o(i.nrf_gpio_cfg_output)
    i.nrf_gpio_cfg_sense_set                 0x00022e96   Section        0  bsp.o(i.nrf_gpio_cfg_sense_set)
    nrf_gpio_cfg_sense_set                   0x00022e97   Thumb Code    34  bsp.o(i.nrf_gpio_cfg_sense_set)
    i.nrf_gpio_cfg_sense_set                 0x00022eb8   Section        0  nrf_drv_gpiote.o(i.nrf_gpio_cfg_sense_set)
    nrf_gpio_cfg_sense_set                   0x00022eb9   Thumb Code    34  nrf_drv_gpiote.o(i.nrf_gpio_cfg_sense_set)
    i.nrf_gpio_pin_write                     0x00022eda   Section        0  boards.o(i.nrf_gpio_pin_write)
    nrf_gpio_pin_write                       0x00022edb   Thumb Code    22  boards.o(i.nrf_gpio_pin_write)
    i.nrf_gpio_ports_read                    0x00022ef0   Section        0  nrf_drv_gpiote.o(i.nrf_gpio_ports_read)
    nrf_gpio_ports_read                      0x00022ef1   Thumb Code    34  nrf_drv_gpiote.o(i.nrf_gpio_ports_read)
    i.nrf_gpiote_event_clear                 0x00022f18   Section        0  nrf_drv_gpiote.o(i.nrf_gpiote_event_clear)
    nrf_gpiote_event_clear                   0x00022f19   Thumb Code    16  nrf_drv_gpiote.o(i.nrf_gpiote_event_clear)
    i.nrf_gpiote_event_is_set                0x00022f2c   Section        0  nrf_drv_gpiote.o(i.nrf_gpiote_event_is_set)
    nrf_gpiote_event_is_set                  0x00022f2d   Thumb Code    12  nrf_drv_gpiote.o(i.nrf_gpiote_event_is_set)
    i.nrf_log_backend_hexdump_handler_get    0x00022f3c   Section        0  nrf_log_backend_serial.o(i.nrf_log_backend_hexdump_handler_get)
    i.nrf_log_backend_init                   0x00022f44   Section        0  nrf_log_backend_serial.o(i.nrf_log_backend_init)
    i.nrf_log_backend_serial_hexdump_handler 0x00022f68   Section        0  nrf_log_backend_serial.o(i.nrf_log_backend_serial_hexdump_handler)
    nrf_log_backend_serial_hexdump_handler   0x00022f69   Thumb Code   284  nrf_log_backend_serial.o(i.nrf_log_backend_serial_hexdump_handler)
    i.nrf_log_backend_serial_std_handler     0x00023084   Section        0  nrf_log_backend_serial.o(i.nrf_log_backend_serial_std_handler)
    nrf_log_backend_serial_std_handler       0x00023085   Thumb Code   264  nrf_log_backend_serial.o(i.nrf_log_backend_serial_std_handler)
    i.nrf_log_backend_std_handler_get        0x0002318c   Section        0  nrf_log_backend_serial.o(i.nrf_log_backend_std_handler_get)
    i.nrf_log_direct_feed                    0x00023194   Section        0  nrf_log_frontend.o(i.nrf_log_direct_feed)
    nrf_log_direct_feed                      0x00023195   Thumb Code    20  nrf_log_frontend.o(i.nrf_log_direct_feed)
    i.nrf_log_frontend_hexdump               0x000231ac   Section        0  nrf_log_frontend.o(i.nrf_log_frontend_hexdump)
    i.nrf_log_frontend_std_0                 0x000231e0   Section        0  nrf_log_frontend.o(i.nrf_log_frontend_std_0)
    i.nrf_log_frontend_std_1                 0x000231e8   Section        0  nrf_log_frontend.o(i.nrf_log_frontend_std_1)
    i.nrf_log_frontend_std_2                 0x000231f6   Section        0  nrf_log_frontend.o(i.nrf_log_frontend_std_2)
    i.nrf_log_frontend_std_3                 0x00023206   Section        0  nrf_log_frontend.o(i.nrf_log_frontend_std_3)
    i.nrf_log_handlers_set                   0x00023218   Section        0  nrf_log_frontend.o(i.nrf_log_handlers_set)
    i.nrf_log_init                           0x00023224   Section        0  nrf_log_frontend.o(i.nrf_log_init)
    i.nrf_uart_event_check                   0x00023246   Section        0  nrf_drv_uart.o(i.nrf_uart_event_check)
    nrf_uart_event_check                     0x00023247   Thumb Code    10  nrf_drv_uart.o(i.nrf_uart_event_check)
    i.nrf_uart_event_clear                   0x00023250   Section        0  nrf_drv_uart.o(i.nrf_uart_event_clear)
    nrf_uart_event_clear                     0x00023251   Thumb Code    12  nrf_drv_uart.o(i.nrf_uart_event_clear)
    i.nrf_uart_int_enable_check              0x0002325c   Section        0  nrf_drv_uart.o(i.nrf_uart_int_enable_check)
    nrf_uart_int_enable_check                0x0002325d   Thumb Code    12  nrf_drv_uart.o(i.nrf_uart_int_enable_check)
    i.nrf_uarte_event_check                  0x00023268   Section        0  nrf_drv_uart.o(i.nrf_uarte_event_check)
    nrf_uarte_event_check                    0x00023269   Thumb Code    10  nrf_drv_uart.o(i.nrf_uarte_event_check)
    i.nrf_uarte_event_clear                  0x00023272   Section        0  nrf_drv_uart.o(i.nrf_uarte_event_clear)
    nrf_uarte_event_clear                    0x00023273   Thumb Code    12  nrf_drv_uart.o(i.nrf_uarte_event_clear)
    i.nus_data_handler                       0x00023280   Section        0  main.o(i.nus_data_handler)
    nus_data_handler                         0x00023281   Thumb Code   358  main.o(i.nus_data_handler)
    i.on_adv_evt                             0x000234a8   Section        0  main.o(i.on_adv_evt)
    on_adv_evt                               0x000234a9   Thumb Code    36  main.o(i.on_adv_evt)
    i.on_ble_evt                             0x000234cc   Section        0  main.o(i.on_ble_evt)
    on_ble_evt                               0x000234cd   Thumb Code   252  main.o(i.on_ble_evt)
    i.on_conn_params_evt                     0x000235fc   Section        0  main.o(i.on_conn_params_evt)
    on_conn_params_evt                       0x000235fd   Thumb Code    24  main.o(i.on_conn_params_evt)
    i.on_connected_evt                       0x00023618   Section        0  nrf_ble_gatt.o(i.on_connected_evt)
    on_connected_evt                         0x00023619   Thumb Code   150  nrf_ble_gatt.o(i.on_connected_evt)
    i.on_data_length_update_evt              0x000236c4   Section        0  nrf_ble_gatt.o(i.on_data_length_update_evt)
    on_data_length_update_evt                0x000236c5   Thumb Code   128  nrf_ble_gatt.o(i.on_data_length_update_evt)
    i.on_data_length_update_request_evt      0x000237ec   Section        0  nrf_ble_gatt.o(i.on_data_length_update_request_evt)
    on_data_length_update_request_evt        0x000237ed   Thumb Code    76  nrf_ble_gatt.o(i.on_data_length_update_request_evt)
    i.on_exchange_mtu_request_evt            0x00023844   Section        0  nrf_ble_gatt.o(i.on_exchange_mtu_request_evt)
    on_exchange_mtu_request_evt              0x00023845   Thumb Code   124  nrf_ble_gatt.o(i.on_exchange_mtu_request_evt)
    i.on_exchange_mtu_rsp_evt                0x000238d0   Section        0  nrf_ble_gatt.o(i.on_exchange_mtu_rsp_evt)
    on_exchange_mtu_rsp_evt                  0x000238d1   Thumb Code    86  nrf_ble_gatt.o(i.on_exchange_mtu_rsp_evt)
    i.pin_in_use_by_port                     0x00023930   Section        0  nrf_drv_gpiote.o(i.pin_in_use_by_port)
    pin_in_use_by_port                       0x00023931   Thumb Code    20  nrf_drv_gpiote.o(i.pin_in_use_by_port)
    i.pin_in_use_by_te                       0x00023948   Section        0  nrf_drv_gpiote.o(i.pin_in_use_by_te)
    pin_in_use_by_te                         0x00023949   Thumb Code    20  nrf_drv_gpiote.o(i.pin_in_use_by_te)
    i.rtc1_stop                              0x00023960   Section        0  app_timer.o(i.rtc1_stop)
    rtc1_stop                                0x00023961   Thumb Code    52  app_timer.o(i.rtc1_stop)
    i.rx_byte                                0x0002399c   Section        0  nrf_drv_uart.o(i.rx_byte)
    rx_byte                                  0x0002399d   Thumb Code    50  nrf_drv_uart.o(i.rx_byte)
    i.rx_char_add                            0x000239ce   Section        0  ble_nus.o(i.rx_char_add)
    rx_char_add                              0x000239cf   Thumb Code   162  ble_nus.o(i.rx_char_add)
    i.rx_done_event                          0x00023a70   Section        0  nrf_drv_uart.o(i.rx_done_event)
    rx_done_event                            0x00023a71   Thumb Code    24  nrf_drv_uart.o(i.rx_done_event)
    i.rx_enable                              0x00023a88   Section        0  nrf_drv_uart.o(i.rx_enable)
    rx_enable                                0x00023a89   Thumb Code    32  nrf_drv_uart.o(i.rx_enable)
    i.sd_nvic_EnableIRQ                      0x00023aa8   Section        0  softdevice_handler.o(i.sd_nvic_EnableIRQ)
    sd_nvic_EnableIRQ                        0x00023aa9   Thumb Code   106  softdevice_handler.o(i.sd_nvic_EnableIRQ)
    i.serial_tx                              0x00023b18   Section        0  nrf_log_backend_serial.o(i.serial_tx)
    serial_tx                                0x00023b19   Thumb Code    46  nrf_log_backend_serial.o(i.serial_tx)
    i.service_data_encode                    0x00023b48   Section        0  ble_advdata.o(i.service_data_encode)
    service_data_encode                      0x00023b49   Thumb Code   136  ble_advdata.o(i.service_data_encode)
    i.set_adv_mode_fast                      0x00023bd0   Section        0  ble_advertising.o(i.set_adv_mode_fast)
    set_adv_mode_fast                        0x00023bd1   Thumb Code    64  ble_advertising.o(i.set_adv_mode_fast)
    i.set_adv_mode_slow                      0x00023c18   Section        0  ble_advertising.o(i.set_adv_mode_slow)
    set_adv_mode_slow                        0x00023c19   Thumb Code    60  ble_advertising.o(i.set_adv_mode_slow)
    i.sleep_mode_enter                       0x00023c5c   Section        0  main.o(i.sleep_mode_enter)
    sleep_mode_enter                         0x00023c5d   Thumb Code    40  main.o(i.sleep_mode_enter)
    i.softdevice_app_ram_start_get           0x00023c84   Section        0  softdevice_handler.o(i.softdevice_app_ram_start_get)
    i.softdevice_ble_evt_handler_set         0x00023c98   Section        0  softdevice_handler.o(i.softdevice_ble_evt_handler_set)
    i.softdevice_enable                      0x00023cac   Section        0  softdevice_handler.o(i.softdevice_enable)
    i.softdevice_fault_handler               0x00023dc4   Section        0  softdevice_handler.o(i.softdevice_fault_handler)
    i.softdevice_handler_init                0x00023dc8   Section        0  softdevice_handler.o(i.softdevice_handler_init)
    i.softdevice_handler_is_enabled          0x00023e2c   Section        0  softdevice_handler.o(i.softdevice_handler_is_enabled)
    i.timer_list_handler                     0x00023e38   Section        0  app_timer.o(i.timer_list_handler)
    timer_list_handler                       0x00023e39   Thumb Code   122  app_timer.o(i.timer_list_handler)
    i.timer_list_insert                      0x00023eb8   Section        0  app_timer.o(i.timer_list_insert)
    timer_list_insert                        0x00023eb9   Thumb Code    56  app_timer.o(i.timer_list_insert)
    i.timer_list_remove                      0x00023ef4   Section        0  app_timer.o(i.timer_list_remove)
    timer_list_remove                        0x00023ef5   Thumb Code    88  app_timer.o(i.timer_list_remove)
    i.timer_stop_op_schedule                 0x00023f54   Section        0  app_timer.o(i.timer_stop_op_schedule)
    timer_stop_op_schedule                   0x00023f55   Thumb Code    68  app_timer.o(i.timer_stop_op_schedule)
    i.timer_timeouts_check                   0x00023f9c   Section        0  app_timer.o(i.timer_timeouts_check)
    timer_timeouts_check                     0x00023f9d   Thumb Code   106  app_timer.o(i.timer_timeouts_check)
    i.timestamp_process                      0x00024010   Section        0  nrf_log_backend_serial.o(i.timestamp_process)
    timestamp_process                        0x00024011   Thumb Code    44  nrf_log_backend_serial.o(i.timestamp_process)
    i.tx_byte                                0x00024044   Section        0  nrf_drv_uart.o(i.tx_byte)
    tx_byte                                  0x00024045   Thumb Code    32  nrf_drv_uart.o(i.tx_byte)
    i.tx_char_add                            0x00024064   Section        0  ble_nus.o(i.tx_char_add)
    tx_char_add                              0x00024065   Thumb Code   218  ble_nus.o(i.tx_char_add)
    i.tx_done_event                          0x0002413e   Section        0  nrf_drv_uart.o(i.tx_done_event)
    tx_done_event                            0x0002413f   Thumb Code    28  nrf_drv_uart.o(i.tx_done_event)
    i.uart_event_handle                      0x0002415c   Section        0  main.o(i.uart_event_handle)
    i.uart_event_handler                     0x00024210   Section        0  app_uart_fifo.o(i.uart_event_handler)
    uart_event_handler                       0x00024211   Thumb Code   152  app_uart_fifo.o(i.uart_event_handler)
    i.uart_irq_handler                       0x000242b0   Section        0  nrf_drv_uart.o(i.uart_irq_handler)
    uart_irq_handler                         0x000242b1   Thumb Code   286  nrf_drv_uart.o(i.uart_irq_handler)
    i.uarte_irq_handler                      0x000243ce   Section        0  nrf_drv_uart.o(i.uarte_irq_handler)
    uarte_irq_handler                        0x000243cf   Thumb Code   240  nrf_drv_uart.o(i.uarte_irq_handler)
    i.uint16_encode                          0x000244be   Section        0  ble_advdata.o(i.uint16_encode)
    uint16_encode                            0x000244bf   Thumb Code    10  ble_advdata.o(i.uint16_encode)
    i.update_timeout_handler                 0x000244c8   Section        0  ble_conn_params.o(i.update_timeout_handler)
    update_timeout_handler                   0x000244c9   Thumb Code    88  ble_conn_params.o(i.update_timeout_handler)
    i.user_op_alloc                          0x00024528   Section        0  app_timer.o(i.user_op_alloc)
    user_op_alloc                            0x00024529   Thumb Code    42  app_timer.o(i.user_op_alloc)
    i.uuid_list_encode                       0x00024558   Section        0  ble_advdata.o(i.uuid_list_encode)
    uuid_list_encode                         0x00024559   Thumb Code    48  ble_advdata.o(i.uuid_list_encode)
    i.uuid_list_sized_encode                 0x00024588   Section        0  ble_advdata.o(i.uuid_list_sized_encode)
    uuid_list_sized_encode                   0x00024589   Thumb Code   158  ble_advdata.o(i.uuid_list_sized_encode)
    .constdata                               0x00024628   Section       28  main.o(.constdata)
    .constdata                               0x00024644   Section        8  boards.o(.constdata)
    m_board_led_list                         0x00024644   Data           4  boards.o(.constdata)
    m_board_btn_list                         0x00024648   Data           4  boards.o(.constdata)
    .constdata                               0x0002464c   Section       44  bsp.o(.constdata)
    m_leds_timer_id                          0x0002464c   Data           4  bsp.o(.constdata)
    m_alert_timer_id                         0x00024650   Data           4  bsp.o(.constdata)
    m_button_timer_id                        0x00024654   Data           4  bsp.o(.constdata)
    app_buttons                              0x00024658   Data          32  bsp.o(.constdata)
    .constdata                               0x00024678   Section        4  ble_conn_params.o(.constdata)
    m_conn_params_timer_id                   0x00024678   Data           4  ble_conn_params.o(.constdata)
    .constdata                               0x0002467c   Section       22  nrf_ble_gatt.o(.constdata)
    .constdata                               0x00024694   Section       16  ble_nus.o(.constdata)
    .constdata                               0x000246a4   Section        4  nrf_drv_gpiote.o(.constdata)
    .constdata                               0x000246a8   Section        8  app_button.o(.constdata)
    m_detection_delay_timer_id               0x000246a8   Data           4  app_button.o(.constdata)
    .constdata                               0x000246b0   Section       32  app_uart_fifo.o(.constdata)
    .constdata                               0x000246d0   Section      129  ctype_o.o(.constdata)
    .constdata                               0x00024754   Section        4  ctype_o.o(.constdata)
    table                                    0x00024754   Data           4  ctype_o.o(.constdata)
    .conststring                             0x00024758   Section       69  main.o(.conststring)
    .conststring                             0x000247a0   Section     1223  nrf_ble_gatt.o(.conststring)
    .data                                    0x200025f8   Section       10  main.o(.data)
    index                                    0x200025f8   Data           1  main.o(.data)
    m_conn_handle                            0x200025fa   Data           2  main.o(.data)
    m_ble_nus_max_data_len                   0x200025fc   Data           2  main.o(.data)
    m_adv_uuids                              0x200025fe   Data           4  main.o(.data)
    .data                                    0x20002604   Section       16  bsp.o(.data)
    m_stable_state                           0x20002604   Data           1  bsp.o(.data)
    m_leds_clear                             0x20002605   Data           1  bsp.o(.data)
    m_alert_on                               0x20002606   Data           1  bsp.o(.data)
    current_long_push_pin_no                 0x20002607   Data           1  bsp.o(.data)
    m_indication_type                        0x20002608   Data           4  bsp.o(.data)
    m_registered_callback                    0x2000260c   Data           4  bsp.o(.data)
    release_event_at_push                    0x20002610   Data           4  bsp.o(.data)
    .data                                    0x20002614   Section        8  bsp_btn_ble.o(.data)
    m_error_handler                          0x20002614   Data           4  bsp_btn_ble.o(.data)
    m_num_connections                        0x20002618   Data           4  bsp_btn_ble.o(.data)
    .data                                    0x2000261c   Section       31  ble_advertising.o(.data)
    m_initialized                            0x2000261c   Data           1  ble_advertising.o(.data)
    m_advertising_start_pending              0x2000261d   Data           1  ble_advertising.o(.data)
    m_adv_evt                                0x2000261e   Data           1  ble_advertising.o(.data)
    m_adv_mode_current                       0x2000261f   Data           1  ble_advertising.o(.data)
    m_conn_cfg_tag                           0x20002620   Data           1  ble_advertising.o(.data)
    m_peer_addr_reply_expected               0x20002621   Data           1  ble_advertising.o(.data)
    m_whitelist_temporarily_disabled         0x20002622   Data           1  ble_advertising.o(.data)
    m_whitelist_reply_expected               0x20002623   Data           1  ble_advertising.o(.data)
    m_whitelist_in_use                       0x20002624   Data           1  ble_advertising.o(.data)
    m_current_slave_link_conn_handle         0x20002626   Data           2  ble_advertising.o(.data)
    m_slave_conn_int                         0x20002628   Data           4  ble_advertising.o(.data)
    m_evt_handler                            0x2000262c   Data           4  ble_advertising.o(.data)
    m_error_handler                          0x20002630   Data           4  ble_advertising.o(.data)
    m_peer_address                           0x20002634   Data           7  ble_advertising.o(.data)
    .data                                    0x2000263c   Section       20  ble_conn_params.o(.data)
    m_change_param                           0x2000263c   Data           1  ble_conn_params.o(.data)
    m_update_count                           0x2000263d   Data           1  ble_conn_params.o(.data)
    m_conn_handle                            0x2000263e   Data           2  ble_conn_params.o(.data)
    m_preferred_conn_params                  0x20002640   Data           8  ble_conn_params.o(.data)
    m_current_conn_params                    0x20002648   Data           8  ble_conn_params.o(.data)
    .data                                    0x20002650   Section       20  app_button.o(.data)
    m_button_count                           0x20002650   Data           1  app_button.o(.data)
    mp_buttons                               0x20002654   Data           4  app_button.o(.data)
    m_detection_delay                        0x20002658   Data           4  app_button.o(.data)
    m_pin_state                              0x2000265c   Data           4  app_button.o(.data)
    m_pin_transition                         0x20002660   Data           4  app_button.o(.data)
    .data                                    0x20002664   Section       20  app_timer.o(.data)
    m_ticks_elapsed_q_read_ind               0x20002664   Data           1  app_timer.o(.data)
    m_ticks_elapsed_q_write_ind              0x20002665   Data           1  app_timer.o(.data)
    m_rtc1_running                           0x20002666   Data           1  app_timer.o(.data)
    m_rtc1_reset                             0x20002667   Data           1  app_timer.o(.data)
    mp_timer_id_head                         0x20002668   Data           4  app_timer.o(.data)
    m_ticks_latest                           0x2000266c   Data           4  app_timer.o(.data)
    m_ticks_elapsed                          0x20002670   Data           8  app_timer.o(.data)
    .data                                    0x20002678   Section       16  app_uart_fifo.o(.data)
    tx_buffer                                0x20002678   Data           1  app_uart_fifo.o(.data)
    rx_buffer                                0x20002679   Data           1  app_uart_fifo.o(.data)
    m_rx_ovf                                 0x2000267a   Data           1  app_uart_fifo.o(.data)
    m_event_handler                          0x2000267c   Data           4  app_uart_fifo.o(.data)
    app_uart_inst                            0x20002680   Data           8  app_uart_fifo.o(.data)
    .data                                    0x20002688   Section        4  retarget.o(.data)
    .data                                    0x2000268c   Section        2  nrf_log_backend_serial.o(.data)
    m_initialized                            0x2000268c   Data           1  nrf_log_backend_serial.o(.data)
    m_blocking_mode                          0x2000268d   Data           1  nrf_log_backend_serial.o(.data)
    .data                                    0x20002690   Section       20  softdevice_handler.o(.data)
    m_softdevice_enabled                     0x20002690   Data           1  softdevice_handler.o(.data)
    m_suspended                              0x20002691   Data           1  softdevice_handler.o(.data)
    m_ble_evt_buffer_size                    0x20002692   Data           2  softdevice_handler.o(.data)
    m_evt_schedule_func                      0x20002694   Data           4  softdevice_handler.o(.data)
    m_sys_evt_handler                        0x20002698   Data           4  softdevice_handler.o(.data)
    mp_ble_evt_buffer                        0x2000269c   Data           4  softdevice_handler.o(.data)
    m_ble_evt_handler                        0x200026a0   Data           4  softdevice_handler.o(.data)
    .data                                    0x200026a4   Section        4  system_nrf52.o(.data)
    __tagsym$$used                           0x200026a4   Number         0  system_nrf52.o(.data)
    .bss                                     0x200026a8   Section      940  main.o(.bss)
    BLE_EVT_BUFFER                           0x200026a8   Data         216  main.o(.bss)
    data_array                               0x20002780   Data         155  main.o(.bss)
    rx_buf                                   0x2000281b   Data         256  main.o(.bss)
    tx_buf                                   0x2000291b   Data         256  main.o(.bss)
    m_nus                                    0x20002a1c   Data          28  main.o(.bss)
    m_gatt                                   0x20002a38   Data          28  main.o(.bss)
    .bss                                     0x20002a54   Section       32  bsp.o(.bss)
    m_leds_timer_id_data                     0x20002a54   Data          32  bsp.o(.bss)
    .bss                                     0x20002a74   Section       32  bsp.o(.bss)
    m_alert_timer_id_data                    0x20002a74   Data          32  bsp.o(.bss)
    .bss                                     0x20002a94   Section       12  bsp.o(.bss)
    m_events_list                            0x20002a94   Data          12  bsp.o(.bss)
    .bss                                     0x20002aa0   Section       32  bsp.o(.bss)
    m_button_timer_id_data                   0x20002aa0   Data          32  bsp.o(.bss)
    .bss                                     0x20002ac0   Section      179  ble_advertising.o(.bss)
    m_adv_modes_config                       0x20002ac0   Data          32  ble_advertising.o(.bss)
    m_advdata                                0x20002ae0   Data          60  ble_advertising.o(.bss)
    m_manuf_specific_data                    0x20002b1c   Data          12  ble_advertising.o(.bss)
    m_manuf_data_array                       0x20002b28   Data          31  ble_advertising.o(.bss)
    m_service_data                           0x20002b48   Data          12  ble_advertising.o(.bss)
    m_service_data_array                     0x20002b54   Data          31  ble_advertising.o(.bss)
    .bss                                     0x20002b74   Section       32  ble_conn_params.o(.bss)
    m_conn_params_timer_id_data              0x20002b74   Data          32  ble_conn_params.o(.bss)
    .bss                                     0x20002b94   Section       28  ble_conn_params.o(.bss)
    m_conn_params_config                     0x20002b94   Data          28  ble_conn_params.o(.bss)
    .bss                                     0x20002bb0   Section       20  nrf_drv_clock.o(.bss)
    m_clock_cb                               0x20002bb0   Data          20  nrf_drv_clock.o(.bss)
    .bss                                     0x20002bc4   Section       88  nrf_drv_gpiote.o(.bss)
    m_cb                                     0x20002bc4   Data          88  nrf_drv_gpiote.o(.bss)
    .bss                                     0x20002c1c   Section       32  nrf_drv_uart.o(.bss)
    m_cb                                     0x20002c1c   Data          32  nrf_drv_uart.o(.bss)
    .bss                                     0x20002c3c   Section       32  app_button.o(.bss)
    m_detection_delay_timer_id_data          0x20002c3c   Data          32  app_button.o(.bss)
    .bss                                     0x20002c5c   Section      268  app_timer.o(.bss)
    m_op_queue                               0x20002c5c   Data         268  app_timer.o(.bss)
    .bss                                     0x20002d68   Section       32  app_uart_fifo.o(.bss)
    m_rx_fifo                                0x20002d68   Data          16  app_uart_fifo.o(.bss)
    m_tx_fifo                                0x20002d78   Data          16  app_uart_fifo.o(.bss)
    .bss                                     0x20002d88   Section       12  app_util_platform.o(.bss)
    .bss                                     0x20002d94   Section      104  fstorage.o(.bss)
    m_queue                                  0x20002d94   Data         104  fstorage.o(.bss)
    .bss                                     0x20002dfc   Section       28  nrf_log_frontend.o(.bss)
    m_log_data                               0x20002dfc   Data          28  nrf_log_frontend.o(.bss)
    .bss                                     0x20002e18   Section      648  segger_rtt.o(.bss)
    _acUpBuffer                              0x20002e18   Data         512  segger_rtt.o(.bss)
    _acDownBuffer                            0x20003018   Data          16  segger_rtt.o(.bss)
    STACK                                    0x200030a0   Section     8192  arm_startup_nrf52.o(STACK)

    Global Symbols

    Symbol Name                              Value     Ov Type        Size  Object(Section)

    BuildAttributes$$THM_ISAv4$E$P$D$K$B$S$7EM$VFPi3$EXTD16$VFPS$VFMA$PE$A:L22UL41UL21$X:L11$S22US41US21$IEEE1$IW$USESV6$~STKCKD$USESV7$~SHL$OTIME$ROPI$EBA8$MICROLIB$REQ8$PRES8$EABIv2 0x00000000   Number         0  anon$$obj.o ABSOLUTE
    __ARM_use_no_argv                        0x00000000   Number         0  main.o ABSOLUTE
    _printf_a                                0x00000000   Number         0  stubs.o ABSOLUTE
    _printf_c                                0x00000000   Number         0  stubs.o ABSOLUTE
    _printf_charcount                        0x00000000   Number         0  stubs.o ABSOLUTE
    _printf_d                                0x00000000   Number         0  stubs.o ABSOLUTE
    _printf_e                                0x00000000   Number         0  stubs.o ABSOLUTE
    _printf_f                                0x00000000   Number         0  stubs.o ABSOLUTE
    _printf_flags                            0x00000000   Number         0  stubs.o ABSOLUTE
    _printf_fp_dec                           0x00000000   Number         0  stubs.o ABSOLUTE
    _printf_fp_hex                           0x00000000   Number         0  stubs.o ABSOLUTE
    _printf_g                                0x00000000   Number         0  stubs.o ABSOLUTE
    _printf_i                                0x00000000   Number         0  stubs.o ABSOLUTE
    _printf_int_dec                          0x00000000   Number         0  stubs.o ABSOLUTE
    _printf_l                                0x00000000   Number         0  stubs.o ABSOLUTE
    _printf_lc                               0x00000000   Number         0  stubs.o ABSOLUTE
    _printf_ll                               0x00000000   Number         0  stubs.o ABSOLUTE
    _printf_lld                              0x00000000   Number         0  stubs.o ABSOLUTE
    _printf_lli                              0x00000000   Number         0  stubs.o ABSOLUTE
    _printf_llo                              0x00000000   Number         0  stubs.o ABSOLUTE
    _printf_llu                              0x00000000   Number         0  stubs.o ABSOLUTE
    _printf_llx                              0x00000000   Number         0  stubs.o ABSOLUTE
    _printf_longlong_dec                     0x00000000   Number         0  stubs.o ABSOLUTE
    _printf_longlong_hex                     0x00000000   Number         0  stubs.o ABSOLUTE
    _printf_longlong_oct                     0x00000000   Number         0  stubs.o ABSOLUTE
    _printf_ls                               0x00000000   Number         0  stubs.o ABSOLUTE
    _printf_mbtowc                           0x00000000   Number         0  stubs.o ABSOLUTE
    _printf_n                                0x00000000   Number         0  stubs.o ABSOLUTE
    _printf_o                                0x00000000   Number         0  stubs.o ABSOLUTE
    _printf_p                                0x00000000   Number         0  stubs.o ABSOLUTE
    _printf_percent                          0x00000000   Number         0  stubs.o ABSOLUTE
    _printf_pre_padding                      0x00000000   Number         0  stubs.o ABSOLUTE
    _printf_return_value                     0x00000000   Number         0  stubs.o ABSOLUTE
    _printf_s                                0x00000000   Number         0  stubs.o ABSOLUTE
    _printf_sizespec                         0x00000000   Number         0  stubs.o ABSOLUTE
    _printf_str                              0x00000000   Number         0  stubs.o ABSOLUTE
    _printf_truncate_signed                  0x00000000   Number         0  stubs.o ABSOLUTE
    _printf_truncate_unsigned                0x00000000   Number         0  stubs.o ABSOLUTE
    _printf_u                                0x00000000   Number         0  stubs.o ABSOLUTE
    _printf_wc                               0x00000000   Number         0  stubs.o ABSOLUTE
    _printf_wctomb                           0x00000000   Number         0  stubs.o ABSOLUTE
    _printf_widthprec                        0x00000000   Number         0  stubs.o ABSOLUTE
    _printf_x                                0x00000000   Number         0  stubs.o ABSOLUTE
    __cpp_initialize__aeabi_                  - Undefined Weak Reference
    __cxa_finalize                            - Undefined Weak Reference
    __decompress                              - Undefined Weak Reference
    _clock_init                               - Undefined Weak Reference
    _microlib_exit                            - Undefined Weak Reference
    fs_data$$Base                             - Undefined Reference
    fs_data$$Limit                            - Undefined Reference
    __Vectors_Size                           0x00000200   Number         0  arm_startup_nrf52.o ABSOLUTE
    __Vectors                                0x0001f000   Data           4  arm_startup_nrf52.o(RESET)
    __Vectors_End                            0x0001f200   Data           0  arm_startup_nrf52.o(RESET)
    __main                                   0x0001f201   Thumb Code     0  entry.o(.ARM.Collect$$$$00000000)
    _main_stk                                0x0001f201   Thumb Code     0  entry2.o(.ARM.Collect$$$$00000001)
    _main_scatterload                        0x0001f205   Thumb Code     0  entry5.o(.ARM.Collect$$$$00000004)
    __main_after_scatterload                 0x0001f209   Thumb Code     0  entry5.o(.ARM.Collect$$$$00000004)
    _main_clock                              0x0001f209   Thumb Code     0  entry7b.o(.ARM.Collect$$$$00000008)
    _main_cpp_init                           0x0001f209   Thumb Code     0  entry8b.o(.ARM.Collect$$$$0000000A)
    _main_init                               0x0001f209   Thumb Code     0  entry9a.o(.ARM.Collect$$$$0000000B)
    __rt_final_cpp                           0x0001f211   Thumb Code     0  entry10a.o(.ARM.Collect$$$$0000000D)
    __rt_final_exit                          0x0001f211   Thumb Code     0  entry11a.o(.ARM.Collect$$$$0000000F)
    Reset_Handler                            0x0001f215   Thumb Code     8  arm_startup_nrf52.o(.text)
    NMI_Handler                              0x0001f21d   Thumb Code     2  arm_startup_nrf52.o(.text)
    HardFault_Handler                        0x0001f21f   Thumb Code     2  arm_startup_nrf52.o(.text)
    MemoryManagement_Handler                 0x0001f221   Thumb Code     2  arm_startup_nrf52.o(.text)
    BusFault_Handler                         0x0001f223   Thumb Code     2  arm_startup_nrf52.o(.text)
    UsageFault_Handler                       0x0001f225   Thumb Code     2  arm_startup_nrf52.o(.text)
    SVC_Handler                              0x0001f227   Thumb Code     2  arm_startup_nrf52.o(.text)
    DebugMon_Handler                         0x0001f229   Thumb Code     2  arm_startup_nrf52.o(.text)
    PendSV_Handler                           0x0001f22b   Thumb Code     2  arm_startup_nrf52.o(.text)
    SysTick_Handler                          0x0001f22d   Thumb Code     2  arm_startup_nrf52.o(.text)
    CCM_AAR_IRQHandler                       0x0001f22f   Thumb Code     0  arm_startup_nrf52.o(.text)
    COMP_LPCOMP_IRQHandler                   0x0001f22f   Thumb Code     0  arm_startup_nrf52.o(.text)
    ECB_IRQHandler                           0x0001f22f   Thumb Code     0  arm_startup_nrf52.o(.text)
    FPU_IRQHandler                           0x0001f22f   Thumb Code     0  arm_startup_nrf52.o(.text)
    I2S_IRQHandler                           0x0001f22f   Thumb Code     0  arm_startup_nrf52.o(.text)
    MWU_IRQHandler                           0x0001f22f   Thumb Code     0  arm_startup_nrf52.o(.text)
    NFCT_IRQHandler                          0x0001f22f   Thumb Code     0  arm_startup_nrf52.o(.text)
    PDM_IRQHandler                           0x0001f22f   Thumb Code     0  arm_startup_nrf52.o(.text)
    PWM0_IRQHandler                          0x0001f22f   Thumb Code     0  arm_startup_nrf52.o(.text)
    PWM1_IRQHandler                          0x0001f22f   Thumb Code     0  arm_startup_nrf52.o(.text)
    PWM2_IRQHandler                          0x0001f22f   Thumb Code     0  arm_startup_nrf52.o(.text)
    QDEC_IRQHandler                          0x0001f22f   Thumb Code     0  arm_startup_nrf52.o(.text)
    RADIO_IRQHandler                         0x0001f22f   Thumb Code     0  arm_startup_nrf52.o(.text)
    RNG_IRQHandler                           0x0001f22f   Thumb Code     0  arm_startup_nrf52.o(.text)
    RTC0_IRQHandler                          0x0001f22f   Thumb Code     0  arm_startup_nrf52.o(.text)
    RTC2_IRQHandler                          0x0001f22f   Thumb Code     0  arm_startup_nrf52.o(.text)
    SAADC_IRQHandler                         0x0001f22f   Thumb Code     0  arm_startup_nrf52.o(.text)
    SPIM0_SPIS0_TWIM0_TWIS0_SPI0_TWI0_IRQHandler 0x0001f22f   Thumb Code     0  arm_startup_nrf52.o(.text)
    SPIM1_SPIS1_TWIM1_TWIS1_SPI1_TWI1_IRQHandler 0x0001f22f   Thumb Code     0  arm_startup_nrf52.o(.text)
    SPIM2_SPIS2_SPI2_IRQHandler              0x0001f22f   Thumb Code     0  arm_startup_nrf52.o(.text)
    SWI1_EGU1_IRQHandler                     0x0001f22f   Thumb Code     0  arm_startup_nrf52.o(.text)
    SWI3_EGU3_IRQHandler                     0x0001f22f   Thumb Code     0  arm_startup_nrf52.o(.text)
    SWI4_EGU4_IRQHandler                     0x0001f22f   Thumb Code     0  arm_startup_nrf52.o(.text)
    SWI5_EGU5_IRQHandler                     0x0001f22f   Thumb Code     0  arm_startup_nrf52.o(.text)
    TEMP_IRQHandler                          0x0001f22f   Thumb Code     0  arm_startup_nrf52.o(.text)
    TIMER0_IRQHandler                        0x0001f22f   Thumb Code     0  arm_startup_nrf52.o(.text)
    TIMER1_IRQHandler                        0x0001f22f   Thumb Code     0  arm_startup_nrf52.o(.text)
    TIMER2_IRQHandler                        0x0001f22f   Thumb Code     0  arm_startup_nrf52.o(.text)
    TIMER3_IRQHandler                        0x0001f22f   Thumb Code     0  arm_startup_nrf52.o(.text)
    TIMER4_IRQHandler                        0x0001f22f   Thumb Code     0  arm_startup_nrf52.o(.text)
    WDT_IRQHandler                           0x0001f22f   Thumb Code     0  arm_startup_nrf52.o(.text)
    __aeabi_uldivmod                         0x0001f239   Thumb Code    98  uldiv.o(.text)
    __rt_ctype_table                         0x0001f29d   Thumb Code     4  ctype_o.o(.text)
    __aeabi_memcpy                           0x0001f2a5   Thumb Code    36  memcpya.o(.text)
    __aeabi_memcpy4                          0x0001f2a5   Thumb Code     0  memcpya.o(.text)
    __aeabi_memcpy8                          0x0001f2a5   Thumb Code     0  memcpya.o(.text)
    __aeabi_memset                           0x0001f2c9   Thumb Code    14  memseta.o(.text)
    __aeabi_memset4                          0x0001f2c9   Thumb Code     0  memseta.o(.text)
    __aeabi_memset8                          0x0001f2c9   Thumb Code     0  memseta.o(.text)
    __aeabi_memclr                           0x0001f2d7   Thumb Code     4  memseta.o(.text)
    __aeabi_memclr4                          0x0001f2d7   Thumb Code     0  memseta.o(.text)
    __aeabi_memclr8                          0x0001f2d7   Thumb Code     0  memseta.o(.text)
    _memset$wrapper                          0x0001f2db   Thumb Code    18  memseta.o(.text)
    strlen                                   0x0001f2ed   Thumb Code    14  strlen.o(.text)
    strcpy                                   0x0001f2fb   Thumb Code    18  strcpy.o(.text)
    __aeabi_dmul                             0x0001f30d   Thumb Code   228  dmul.o(.text)
    __aeabi_i2d                              0x0001f3f1   Thumb Code    34  dflti.o(.text)
    __aeabi_f2d                              0x0001f413   Thumb Code    38  f2d.o(.text)
    __aeabi_d2f                              0x0001f439   Thumb Code    56  d2f.o(.text)
    __aeabi_uidiv                            0x0001f471   Thumb Code     0  uidiv.o(.text)
    __aeabi_uidivmod                         0x0001f471   Thumb Code    44  uidiv.o(.text)
    __aeabi_llsl                             0x0001f49d   Thumb Code    30  llshl.o(.text)
    _ll_shift_l                              0x0001f49d   Thumb Code     0  llshl.o(.text)
    __aeabi_llsr                             0x0001f4bb   Thumb Code    32  llushr.o(.text)
    _ll_ushift_r                             0x0001f4bb   Thumb Code     0  llushr.o(.text)
    __I$use$fp                               0x0001f4db   Thumb Code     0  iusefp.o(.text)
    _float_round                             0x0001f4db   Thumb Code    18  fepilogue.o(.text)
    _float_epilogue                          0x0001f4ed   Thumb Code    92  fepilogue.o(.text)
    _double_round                            0x0001f549   Thumb Code    30  depilogue.o(.text)
    _double_epilogue                         0x0001f567   Thumb Code   156  depilogue.o(.text)
    __aeabi_dadd                             0x0001f603   Thumb Code   322  dadd.o(.text)
    __aeabi_dsub                             0x0001f745   Thumb Code     6  dadd.o(.text)
    __aeabi_drsub                            0x0001f74b   Thumb Code     6  dadd.o(.text)
    __aeabi_ddiv                             0x0001f751   Thumb Code   222  ddiv.o(.text)
    __aeabi_d2ulz                            0x0001f82f   Thumb Code    48  dfixul.o(.text)
    __aeabi_cdrcmple                         0x0001f861   Thumb Code    48  cdrcmple.o(.text)
    __scatterload                            0x0001f891   Thumb Code    28  init.o(.text)
    __scatterload_rt2                        0x0001f891   Thumb Code     0  init.o(.text)
    __aeabi_lasr                             0x0001f8b5   Thumb Code    36  llsshr.o(.text)
    _ll_sshift_r                             0x0001f8b5   Thumb Code     0  llsshr.o(.text)
    GPIOTE_IRQHandler                        0x0001f8d9   Thumb Code   362  nrf_drv_gpiote.o(i.GPIOTE_IRQHandler)
    POWER_CLOCK_IRQHandler                   0x0001fadd   Thumb Code    84  nrf_drv_clock.o(i.POWER_CLOCK_IRQHandler)
    RTC1_IRQHandler                          0x0001fb35   Thumb Code    32  app_timer.o(i.RTC1_IRQHandler)
    SEGGER_RTT_Init                          0x0001fb59   Thumb Code    14  segger_rtt.o(i.SEGGER_RTT_Init)
    SEGGER_RTT_WriteNoLock                   0x0001fb6d   Thumb Code    86  segger_rtt.o(i.SEGGER_RTT_WriteNoLock)
    SWI0_EGU0_IRQHandler                     0x0001fbc9   Thumb Code     4  app_timer.o(i.SWI0_EGU0_IRQHandler)
    SWI2_EGU2_IRQHandler                     0x0001fbcd   Thumb Code    32  softdevice_handler.o(i.SWI2_EGU2_IRQHandler)
    SystemInit                               0x0001fbf1   Thumb Code   726  system_nrf52.o(i.SystemInit)
    UARTE0_UART0_IRQHandler                  0x0001ff0d   Thumb Code    20  nrf_drv_uart.o(i.UARTE0_UART0_IRQHandler)
    __0printf                                0x00020041   Thumb Code    22  printfa.o(i.__0printf)
    __1printf                                0x00020041   Thumb Code     0  printfa.o(i.__0printf)
    __2printf                                0x00020041   Thumb Code     0  printfa.o(i.__0printf)
    __c89printf                              0x00020041   Thumb Code     0  printfa.o(i.__0printf)
    printf                                   0x00020041   Thumb Code     0  printfa.o(i.__0printf)
    __0snprintf                              0x00020061   Thumb Code    44  printfa.o(i.__0snprintf)
    __1snprintf                              0x00020061   Thumb Code     0  printfa.o(i.__0snprintf)
    __2snprintf                              0x00020061   Thumb Code     0  printfa.o(i.__0snprintf)
    __c89snprintf                            0x00020061   Thumb Code     0  printfa.o(i.__0snprintf)
    snprintf                                 0x00020061   Thumb Code     0  printfa.o(i.__0snprintf)
    __scatterload_copy                       0x00020091   Thumb Code    14  handlers.o(i.__scatterload_copy)
    __scatterload_null                       0x0002009f   Thumb Code     2  handlers.o(i.__scatterload_null)
    __scatterload_zeroinit                   0x000200a1   Thumb Code    14  handlers.o(i.__scatterload_zeroinit)
    adv_data_encode                          0x0002099d   Thumb Code   386  ble_advdata.o(i.adv_data_encode)
    app_button_enable                        0x00020c25   Thumb Code    32  app_button.o(i.app_button_enable)
    app_button_init                          0x00020c49   Thumb Code    96  app_button.o(i.app_button_init)
    app_error_fault_handler                  0x00020cb9   Thumb Code    42  app_error_weak.o(i.app_error_fault_handler)
    app_error_handler_bare                   0x00020d19   Thumb Code    22  app_error.o(i.app_error_handler_bare)
    app_fifo_get                             0x00020d2f   Thumb Code    22  app_fifo.o(i.app_fifo_get)
    app_fifo_init                            0x00020d45   Thumb Code    32  app_fifo.o(i.app_fifo_init)
    app_fifo_put                             0x00020d65   Thumb Code    26  app_fifo.o(i.app_fifo_put)
    app_timer_create                         0x00020d81   Thumb Code    32  app_timer.o(i.app_timer_create)
    app_timer_init                           0x00020da5   Thumb Code    70  app_timer.o(i.app_timer_init)
    app_timer_start                          0x00020df9   Thumb Code   128  app_timer.o(i.app_timer_start)
    app_timer_stop                           0x00020e81   Thumb Code    26  app_timer.o(i.app_timer_stop)
    app_uart_get                             0x00020ea1   Thumb Code    42  app_uart_fifo.o(i.app_uart_get)
    app_uart_init                            0x00020ed5   Thumb Code   164  app_uart_fifo.o(i.app_uart_init)
    app_uart_put                             0x00020f89   Thumb Code    52  app_uart_fifo.o(i.app_uart_put)
    app_util_critical_region_enter           0x00020fc5   Thumb Code    64  app_util_platform.o(i.app_util_critical_region_enter)
    app_util_critical_region_exit            0x0002100d   Thumb Code    46  app_util_platform.o(i.app_util_critical_region_exit)
    ble_advdata_set                          0x000210f9   Thumb Code   104  ble_advdata.o(i.ble_advdata_set)
    ble_advertising_conn_cfg_tag_set         0x00021161   Thumb Code     6  ble_advertising.o(i.ble_advertising_conn_cfg_tag_set)
    ble_advertising_init                     0x0002116d   Thumb Code   280  ble_advertising.o(i.ble_advertising_init)
    ble_advertising_on_ble_evt               0x0002128d   Thumb Code    88  ble_advertising.o(i.ble_advertising_on_ble_evt)
    ble_advertising_restart_without_whitelist 0x000212e9   Thumb Code    50  ble_advertising.o(i.ble_advertising_restart_without_whitelist)
    ble_advertising_start                    0x00021325   Thumb Code   252  ble_advertising.o(i.ble_advertising_start)
    ble_conn_params_init                     0x00021429   Thumb Code    72  ble_conn_params.o(i.ble_conn_params_init)
    ble_conn_params_on_ble_evt               0x00021481   Thumb Code   120  ble_conn_params.o(i.ble_conn_params_on_ble_evt)
    ble_nus_init                             0x00021599   Thumb Code    94  ble_nus.o(i.ble_nus_init)
    ble_nus_on_ble_evt                       0x000215fd   Thumb Code    92  ble_nus.o(i.ble_nus_on_ble_evt)
    ble_nus_string_send                      0x00021659   Thumb Code    78  ble_nus.o(i.ble_nus_string_send)
    ble_srv_is_notification_enabled          0x000216a7   Thumb Code     8  ble_srv_common.o(i.ble_srv_is_notification_enabled)
    bsp_board_button_idx_to_pin              0x0002176d   Thumb Code     6  boards.o(i.bsp_board_button_idx_to_pin)
    bsp_board_button_state_get               0x00021779   Thumb Code    28  boards.o(i.bsp_board_button_state_get)
    bsp_board_led_invert                     0x00021799   Thumb Code    32  boards.o(i.bsp_board_led_invert)
    bsp_board_led_off                        0x000217bd   Thumb Code    10  boards.o(i.bsp_board_led_off)
    bsp_board_led_on                         0x000217cd   Thumb Code    10  boards.o(i.bsp_board_led_on)
    bsp_board_led_state_get                  0x000217dd   Thumb Code    28  boards.o(i.bsp_board_led_state_get)
    bsp_board_leds_init                      0x000217fd   Thumb Code    38  boards.o(i.bsp_board_leds_init)
    bsp_board_leds_off                       0x00021829   Thumb Code    18  boards.o(i.bsp_board_leds_off)
    bsp_board_leds_on                        0x0002183b   Thumb Code    18  boards.o(i.bsp_board_leds_on)
    bsp_board_pin_to_button_idx              0x0002184d   Thumb Code    30  boards.o(i.bsp_board_pin_to_button_idx)
    bsp_btn_ble_init                         0x00021871   Thumb Code    52  bsp_btn_ble.o(i.bsp_btn_ble_init)
    bsp_btn_ble_on_ble_evt                   0x000218a9   Thumb Code   106  bsp_btn_ble.o(i.bsp_btn_ble_on_ble_evt)
    bsp_btn_ble_sleep_mode_prepare           0x00021919   Thumb Code    30  bsp_btn_ble.o(i.bsp_btn_ble_sleep_mode_prepare)
    bsp_button_is_pressed                    0x000219c9   Thumb Code     4  bsp.o(i.bsp_button_is_pressed)
    bsp_event_handler                        0x000219cd   Thumb Code    64  main.o(i.bsp_event_handler)
    bsp_event_to_button_action_assign        0x00021a11   Thumb Code    64  bsp.o(i.bsp_event_to_button_action_assign)
    bsp_indication_set                       0x00021a55   Thumb Code    20  bsp.o(i.bsp_indication_set)
    bsp_init                                 0x00021a6d   Thumb Code   126  bsp.o(i.bsp_init)
    bsp_wakeup_button_enable                 0x00021cb9   Thumb Code    16  bsp.o(i.bsp_wakeup_button_enable)
    fputc                                    0x00021ffb   Thumb Code    14  retarget.o(i.fputc)
    fs_queued_op_count_get                   0x00022009   Thumb Code    16  fstorage.o(i.fs_queued_op_count_get)
    gatt_evt_handler                         0x0002201d   Thumb Code    58  main.o(i.gatt_evt_handler)
    gatt_init                                0x00022089   Thumb Code    38  main.o(i.gatt_init)
    intern_softdevice_events_execute         0x00022111   Thumb Code   114  softdevice_handler.o(i.intern_softdevice_events_execute)
    main                                     0x00022371   Thumb Code   290  main.o(i.main)
    nrf_ble_gatt_att_mtu_periph_set          0x000225fd   Thumb Code    24  nrf_ble_gatt.o(i.nrf_ble_gatt_att_mtu_periph_set)
    nrf_ble_gatt_init                        0x00022615   Thumb Code    44  nrf_ble_gatt.o(i.nrf_ble_gatt_init)
    nrf_ble_gatt_on_ble_evt                  0x00022641   Thumb Code   154  nrf_ble_gatt.o(i.nrf_ble_gatt_on_ble_evt)
    nrf_drv_clock_init                       0x00022791   Thumb Code    64  nrf_drv_clock.o(i.nrf_drv_clock_init)
    nrf_drv_clock_on_sd_enable               0x000227d9   Thumb Code    44  nrf_drv_clock.o(i.nrf_drv_clock_on_sd_enable)
    nrf_drv_clock_on_soc_event               0x00022809   Thumb Code    10  nrf_drv_clock.o(i.nrf_drv_clock_on_soc_event)
    nrf_drv_common_irq_enable                0x00022813   Thumb Code    56  nrf_drv_common.o(i.nrf_drv_common_irq_enable)
    nrf_drv_gpiote_in_event_enable           0x00022851   Thumb Code   156  nrf_drv_gpiote.o(i.nrf_drv_gpiote_in_event_enable)
    nrf_drv_gpiote_in_init                   0x000228f5   Thumb Code   172  nrf_drv_gpiote.o(i.nrf_drv_gpiote_in_init)
    nrf_drv_gpiote_in_is_set                 0x000229ad   Thumb Code    20  nrf_drv_gpiote.o(i.nrf_drv_gpiote_in_is_set)
    nrf_drv_gpiote_init                      0x000229c1   Thumb Code    84  nrf_drv_gpiote.o(i.nrf_drv_gpiote_init)
    nrf_drv_gpiote_is_init                   0x00022a1d   Thumb Code    14  nrf_drv_gpiote.o(i.nrf_drv_gpiote_is_init)
    nrf_drv_uart_init                        0x00022a41   Thumb Code    98  nrf_drv_uart.o(i.nrf_drv_uart_init)
    nrf_drv_uart_rx                          0x00022aa9   Thumb Code   170  nrf_drv_uart.o(i.nrf_drv_uart_rx)
    nrf_drv_uart_rx_enable                   0x00022b59   Thumb Code    42  nrf_drv_uart.o(i.nrf_drv_uart_rx_enable)
    nrf_drv_uart_tx                          0x00022ce1   Thumb Code   262  nrf_drv_uart.o(i.nrf_drv_uart_tx)
    nrf_drv_uart_tx_in_progress              0x00022ded   Thumb Code    18  nrf_drv_uart.o(i.nrf_drv_uart_tx_in_progress)
    nrf_log_backend_hexdump_handler_get      0x00022f3d   Thumb Code     4  nrf_log_backend_serial.o(i.nrf_log_backend_hexdump_handler_get)
    nrf_log_backend_init                     0x00022f45   Thumb Code    30  nrf_log_backend_serial.o(i.nrf_log_backend_init)
    nrf_log_backend_std_handler_get          0x0002318d   Thumb Code     4  nrf_log_backend_serial.o(i.nrf_log_backend_std_handler_get)
    nrf_log_frontend_hexdump                 0x000231ad   Thumb Code    48  nrf_log_frontend.o(i.nrf_log_frontend_hexdump)
    nrf_log_frontend_std_0                   0x000231e1   Thumb Code     8  nrf_log_frontend.o(i.nrf_log_frontend_std_0)
    nrf_log_frontend_std_1                   0x000231e9   Thumb Code    14  nrf_log_frontend.o(i.nrf_log_frontend_std_1)
    nrf_log_frontend_std_2                   0x000231f7   Thumb Code    16  nrf_log_frontend.o(i.nrf_log_frontend_std_2)
    nrf_log_frontend_std_3                   0x00023207   Thumb Code    18  nrf_log_frontend.o(i.nrf_log_frontend_std_3)
    nrf_log_handlers_set                     0x00023219   Thumb Code     8  nrf_log_frontend.o(i.nrf_log_handlers_set)
    nrf_log_init                             0x00023225   Thumb Code    34  nrf_log_frontend.o(i.nrf_log_init)
    softdevice_app_ram_start_get             0x00023c85   Thumb Code    14  softdevice_handler.o(i.softdevice_app_ram_start_get)
    softdevice_ble_evt_handler_set           0x00023c99   Thumb Code    14  softdevice_handler.o(i.softdevice_ble_evt_handler_set)
    softdevice_enable                        0x00023cad   Thumb Code    78  softdevice_handler.o(i.softdevice_enable)
    softdevice_fault_handler                 0x00023dc5   Thumb Code     4  softdevice_handler.o(i.softdevice_fault_handler)
    softdevice_handler_init                  0x00023dc9   Thumb Code    92  softdevice_handler.o(i.softdevice_handler_init)
    softdevice_handler_is_enabled            0x00023e2d   Thumb Code     6  softdevice_handler.o(i.softdevice_handler_is_enabled)
    uart_event_handle                        0x0002415d   Thumb Code   112  main.o(i.uart_event_handle)
    __ctype_table                            0x000246d0   Data         129  ctype_o.o(.constdata)
    Region$$Table$$Base                      0x00024c68   Number         0  anon$$obj.o(Region$$Table)
    Region$$Table$$Limit                     0x00024c88   Number         0  anon$$obj.o(Region$$Table)
    Image$$RW_IRAM1$$Base                    0x200025f8   Number         0  anon$$obj.o ABSOLUTE
    __stdout                                 0x20002688   Data           4  retarget.o(.data)
    SystemCoreClock                          0x200026a4   Data           4  system_nrf52.o(.data)
    nrf_nvic_state                           0x20002d88   Data          12  app_util_platform.o(.bss)
    _SEGGER_RTT                              0x20003028   Data         120  segger_rtt.o(.bss)
    __initial_sp                             0x200050a0   Data           0  arm_startup_nrf52.o(STACK)



==============================================================================

Memory Map of the image

  Image Entry point : 0x0001f201

  Load Region LR_IROM1 (Base: 0x0001f000, Size: 0x00005d38, Max: 0x00061000, ABSOLUTE)

    Execution Region ER_IROM1 (Base: 0x0001f000, Size: 0x00005c88, Max: 0x00061000, ABSOLUTE)

    Base Addr    Size         Type   Attr      Idx    E Section Name        Object

    0x0001f000   0x00000200   Data   RO         3101    RESET               arm_startup_nrf52.o
    0x0001f200   0x00000000   Code   RO         3142  * .ARM.Collect$$$$00000000  mc_w.l(entry.o)
    0x0001f200   0x00000004   Code   RO         3454    .ARM.Collect$$$$00000001  mc_w.l(entry2.o)
    0x0001f204   0x00000004   Code   RO         3457    .ARM.Collect$$$$00000004  mc_w.l(entry5.o)
    0x0001f208   0x00000000   Code   RO         3459    .ARM.Collect$$$$00000008  mc_w.l(entry7b.o)
    0x0001f208   0x00000000   Code   RO         3461    .ARM.Collect$$$$0000000A  mc_w.l(entry8b.o)
    0x0001f208   0x00000008   Code   RO         3462    .ARM.Collect$$$$0000000B  mc_w.l(entry9a.o)
    0x0001f210   0x00000000   Code   RO         3464    .ARM.Collect$$$$0000000D  mc_w.l(entry10a.o)
    0x0001f210   0x00000000   Code   RO         3466    .ARM.Collect$$$$0000000F  mc_w.l(entry11a.o)
    0x0001f210   0x00000004   Code   RO         3455    .ARM.Collect$$$$00002712  mc_w.l(entry2.o)
    0x0001f214   0x00000024   Code   RO         3102    .text               arm_startup_nrf52.o
    0x0001f238   0x00000062   Code   RO         3145    .text               mc_w.l(uldiv.o)
    0x0001f29a   0x00000002   PAD
    0x0001f29c   0x00000008   Code   RO         3147    .text               mc_w.l(ctype_o.o)
    0x0001f2a4   0x00000024   Code   RO         3175    .text               mc_w.l(memcpya.o)
    0x0001f2c8   0x00000024   Code   RO         3177    .text               mc_w.l(memseta.o)
    0x0001f2ec   0x0000000e   Code   RO         3179    .text               mc_w.l(strlen.o)
    0x0001f2fa   0x00000012   Code   RO         3181    .text               mc_w.l(strcpy.o)
    0x0001f30c   0x000000e4   Code   RO         3446    .text               mf_w.l(dmul.o)
    0x0001f3f0   0x00000022   Code   RO         3448    .text               mf_w.l(dflti.o)
    0x0001f412   0x00000026   Code   RO         3450    .text               mf_w.l(f2d.o)
    0x0001f438   0x00000038   Code   RO         3452    .text               mf_w.l(d2f.o)
    0x0001f470   0x0000002c   Code   RO         3468    .text               mc_w.l(uidiv.o)
    0x0001f49c   0x0000001e   Code   RO         3470    .text               mc_w.l(llshl.o)
    0x0001f4ba   0x00000020   Code   RO         3472    .text               mc_w.l(llushr.o)
    0x0001f4da   0x00000000   Code   RO         3474    .text               mc_w.l(iusefp.o)
    0x0001f4da   0x0000006e   Code   RO         3475    .text               mf_w.l(fepilogue.o)
    0x0001f548   0x000000ba   Code   RO         3477    .text               mf_w.l(depilogue.o)
    0x0001f602   0x0000014e   Code   RO         3479    .text               mf_w.l(dadd.o)
    0x0001f750   0x000000de   Code   RO         3481    .text               mf_w.l(ddiv.o)
    0x0001f82e   0x00000030   Code   RO         3483    .text               mf_w.l(dfixul.o)
    0x0001f85e   0x00000002   PAD
    0x0001f860   0x00000030   Code   RO         3485    .text               mf_w.l(cdrcmple.o)
    0x0001f890   0x00000024   Code   RO         3487    .text               mc_w.l(init.o)
    0x0001f8b4   0x00000024   Code   RO         3489    .text               mc_w.l(llsshr.o)
    0x0001f8d8   0x00000174   Code   RO         1326    i.GPIOTE_IRQHandler  nrf_drv_gpiote.o
    0x0001fa4c   0x00000016   Code   RO         2067    i.NVIC_ClearPendingIRQ  app_timer.o
    0x0001fa62   0x00000016   Code   RO         2960    i.NVIC_DisableIRQ   softdevice_handler.o
    0x0001fa78   0x00000016   Code   RO         2068    i.NVIC_EnableIRQ    app_timer.o
    0x0001fa8e   0x00000016   Code   RO         2961    i.NVIC_EnableIRQ    softdevice_handler.o
    0x0001faa4   0x00000016   Code   RO         2069    i.NVIC_SetPendingIRQ  app_timer.o
    0x0001faba   0x00000020   Code   RO         2070    i.NVIC_SetPriority  app_timer.o
    0x0001fada   0x00000002   PAD
    0x0001fadc   0x00000058   Code   RO         1106    i.POWER_CLOCK_IRQHandler  nrf_drv_clock.o
    0x0001fb34   0x00000024   Code   RO         2071    i.RTC1_IRQHandler   app_timer.o
    0x0001fb58   0x00000014   Code   RO         2811    i.SEGGER_RTT_Init   segger_rtt.o
    0x0001fb6c   0x0000005c   Code   RO         2820    i.SEGGER_RTT_WriteNoLock  segger_rtt.o
    0x0001fbc8   0x00000004   Code   RO         2072    i.SWI0_EGU0_IRQHandler  app_timer.o
    0x0001fbcc   0x00000024   Code   RO         2962    i.SWI2_EGU2_IRQHandler  softdevice_handler.o
    0x0001fbf0   0x0000031c   Code   RO         3110    i.SystemInit        system_nrf52.o
    0x0001ff0c   0x0000001c   Code   RO         1569    i.UARTE0_UART0_IRQHandler  nrf_drv_uart.o
    0x0001ff28   0x00000068   Code   RO         2823    i._DoInit           segger_rtt.o
    0x0001ff90   0x00000016   Code   RO         2824    i._GetAvailWriteSpace  segger_rtt.o
    0x0001ffa6   0x0000005a   Code   RO         2826    i._WriteBlocking    segger_rtt.o
    0x00020000   0x0000003e   Code   RO         2827    i._WriteNoCheck     segger_rtt.o
    0x0002003e   0x00000002   PAD
    0x00020040   0x00000020   Code   RO         3418    i.__0printf         mc_w.l(printfa.o)
    0x00020060   0x00000030   Code   RO         3419    i.__0snprintf       mc_w.l(printfa.o)
    0x00020090   0x0000000e   Code   RO         3493    i.__scatterload_copy  mc_w.l(handlers.o)
    0x0002009e   0x00000002   Code   RO         3494    i.__scatterload_null  mc_w.l(handlers.o)
    0x000200a0   0x0000000e   Code   RO         3495    i.__scatterload_zeroinit  mc_w.l(handlers.o)
    0x000200ae   0x00000002   PAD
    0x000200b0   0x00000024   Code   RO         2963    i.__sd_nvic_app_accessible_irq  softdevice_handler.o
    0x000200d4   0x00000184   Code   RO         3425    i._fp_digits        mc_w.l(printfa.o)
    0x00020258   0x000006dc   Code   RO         3426    i._printf_core      mc_w.l(printfa.o)
    0x00020934   0x00000024   Code   RO         3427    i._printf_post_padding  mc_w.l(printfa.o)
    0x00020958   0x0000002e   Code   RO         3428    i._printf_pre_padding  mc_w.l(printfa.o)
    0x00020986   0x00000016   Code   RO         3429    i._snputc           mc_w.l(printfa.o)
    0x0002099c   0x00000182   Code   RO          651    i.adv_data_encode   ble_advdata.o
    0x00020b1e   0x00000002   PAD
    0x00020b20   0x00000058   Code   RO          728    i.adv_mode_next_avail_get  ble_advertising.o
    0x00020b78   0x00000036   Code   RO          569    i.advertising_buttons_configure  bsp_btn_ble.o
    0x00020bae   0x00000002   PAD
    0x00020bb0   0x0000006c   Code   RO            4    i.advertising_init  main.o
    0x00020c1c   0x00000006   Code   RO          449    i.alert_timer_handler  bsp.o
    0x00020c22   0x00000002   PAD
    0x00020c24   0x00000024   Code   RO         1808    i.app_button_enable  app_button.o
    0x00020c48   0x00000070   Code   RO         1809    i.app_button_init   app_button.o
    0x00020cb8   0x00000060   Code   RO         1915    i.app_error_fault_handler  app_error_weak.o
    0x00020d18   0x00000016   Code   RO         1873    i.app_error_handler_bare  app_error.o
    0x00020d2e   0x00000016   Code   RO         1944    i.app_fifo_get      app_fifo.o
    0x00020d44   0x00000020   Code   RO         1945    i.app_fifo_init     app_fifo.o
    0x00020d64   0x0000001a   Code   RO         1947    i.app_fifo_put      app_fifo.o
    0x00020d7e   0x00000002   PAD
    0x00020d80   0x00000024   Code   RO         2075    i.app_timer_create  app_timer.o
    0x00020da4   0x00000054   Code   RO         2076    i.app_timer_init    app_timer.o
    0x00020df8   0x00000088   Code   RO         2079    i.app_timer_start   app_timer.o
    0x00020e80   0x00000020   Code   RO         2080    i.app_timer_stop    app_timer.o
    0x00020ea0   0x00000034   Code   RO         2238    i.app_uart_get      app_uart_fifo.o
    0x00020ed4   0x000000b4   Code   RO         2239    i.app_uart_init     app_uart_fifo.o
    0x00020f88   0x0000003c   Code   RO         2240    i.app_uart_put      app_uart_fifo.o
    0x00020fc4   0x00000048   Code   RO         2302    i.app_util_critical_region_enter  app_util_platform.o
    0x0002100c   0x00000034   Code   RO         2303    i.app_util_critical_region_exit  app_util_platform.o
    0x00021040   0x000000b8   Code   RO         1570    i.apply_config      nrf_drv_uart.o
    0x000210f8   0x00000068   Code   RO          652    i.ble_advdata_set   ble_advdata.o
    0x00021160   0x0000000c   Code   RO          729    i.ble_advertising_conn_cfg_tag_set  ble_advertising.o
    0x0002116c   0x00000120   Code   RO          730    i.ble_advertising_init  ble_advertising.o
    0x0002128c   0x0000005c   Code   RO          731    i.ble_advertising_on_ble_evt  ble_advertising.o
    0x000212e8   0x0000003c   Code   RO          734    i.ble_advertising_restart_without_whitelist  ble_advertising.o
    0x00021324   0x00000104   Code   RO          735    i.ble_advertising_start  ble_advertising.o
    0x00021428   0x00000058   Code   RO          825    i.ble_conn_params_init  ble_conn_params.o
    0x00021480   0x00000084   Code   RO          826    i.ble_conn_params_on_ble_evt  ble_conn_params.o
    0x00021504   0x00000060   Code   RO          653    i.ble_device_addr_encode  ble_advdata.o
    0x00021564   0x00000034   Code   RO            6    i.ble_evt_dispatch  main.o
    0x00021598   0x00000064   Code   RO         1059    i.ble_nus_init      ble_nus.o
    0x000215fc   0x0000005c   Code   RO         1060    i.ble_nus_on_ble_evt  ble_nus.o
    0x00021658   0x0000004e   Code   RO         1061    i.ble_nus_string_send  ble_nus.o
    0x000216a6   0x00000008   Code   RO          895    i.ble_srv_is_notification_enabled  ble_srv_common.o
    0x000216ae   0x00000002   PAD
    0x000216b0   0x000000bc   Code   RO            7    i.ble_stack_init    main.o
    0x0002176c   0x0000000c   Code   RO          333    i.bsp_board_button_idx_to_pin  boards.o
    0x00021778   0x00000020   Code   RO          334    i.bsp_board_button_state_get  boards.o
    0x00021798   0x00000024   Code   RO          337    i.bsp_board_led_invert  boards.o
    0x000217bc   0x00000010   Code   RO          338    i.bsp_board_led_off  boards.o
    0x000217cc   0x00000010   Code   RO          339    i.bsp_board_led_on  boards.o
    0x000217dc   0x00000020   Code   RO          340    i.bsp_board_led_state_get  boards.o
    0x000217fc   0x0000002c   Code   RO          341    i.bsp_board_leds_init  boards.o
    0x00021828   0x00000012   Code   RO          342    i.bsp_board_leds_off  boards.o
    0x0002183a   0x00000012   Code   RO          343    i.bsp_board_leds_on  boards.o
    0x0002184c   0x00000024   Code   RO          344    i.bsp_board_pin_to_button_idx  boards.o
    0x00021870   0x00000038   Code   RO          570    i.bsp_btn_ble_init  bsp_btn_ble.o
    0x000218a8   0x00000070   Code   RO          571    i.bsp_btn_ble_on_ble_evt  bsp_btn_ble.o
    0x00021918   0x0000001e   Code   RO          572    i.bsp_btn_ble_sleep_mode_prepare  bsp_btn_ble.o
    0x00021936   0x00000002   PAD
    0x00021938   0x00000090   Code   RO          450    i.bsp_button_event_handler  bsp.o
    0x000219c8   0x00000004   Code   RO          451    i.bsp_button_is_pressed  bsp.o
    0x000219cc   0x00000044   Code   RO            8    i.bsp_event_handler  main.o
    0x00021a10   0x00000044   Code   RO          454    i.bsp_event_to_button_action_assign  bsp.o
    0x00021a54   0x00000018   Code   RO          455    i.bsp_indication_set  bsp.o
    0x00021a6c   0x00000094   Code   RO          456    i.bsp_init          bsp.o
    0x00021b00   0x000001b8   Code   RO          457    i.bsp_led_indication  bsp.o
    0x00021cb8   0x00000010   Code   RO          459    i.bsp_wakeup_button_enable  bsp.o
    0x00021cc8   0x00000012   Code   RO         2594    i.buf_len_update    nrf_log_backend_serial.o
    0x00021cda   0x00000008   Code   RO          460    i.button_timer_handler  bsp.o
    0x00021ce2   0x00000014   Code   RO            9    i.bytes_to_float    main.o
    0x00021cf6   0x0000000e   Code   RO           10    i.bytes_to_long     main.o
    0x00021d04   0x0000001c   Code   RO         1327    i.channel_free      nrf_drv_gpiote.o
    0x00021d20   0x00000048   Code   RO         1328    i.channel_port_alloc  nrf_drv_gpiote.o
    0x00021d68   0x00000010   Code   RO         1329    i.channel_port_get  nrf_drv_gpiote.o
    0x00021d78   0x00000028   Code   RO         1107    i.clock_clk_started_notify  nrf_drv_clock.o
    0x00021da0   0x000000ac   Code   RO         2082    i.compare_reg_update  app_timer.o
    0x00021e4c   0x00000088   Code   RO          654    i.conn_int_encode   ble_advdata.o
    0x00021ed4   0x00000004   Code   RO           11    i.conn_params_error_handler  main.o
    0x00021ed8   0x0000005c   Code   RO          828    i.conn_params_negotiation  ble_conn_params.o
    0x00021f34   0x00000060   Code   RO         1811    i.detection_delay_timeout_handler  app_button.o
    0x00021f94   0x00000040   Code   RO         2083    i.elapsed_ticks_acquire  app_timer.o
    0x00021fd4   0x00000014   Code   RO         1950    i.fifo_get          app_fifo.o
    0x00021fe8   0x00000012   Code   RO         1951    i.fifo_put          app_fifo.o
    0x00021ffa   0x0000000e   Code   RO         2557    i.fputc             retarget.o
    0x00022008   0x00000014   Code   RO         2376    i.fs_queued_op_count_get  fstorage.o
    0x0002201c   0x0000006c   Code   RO           12    i.gatt_evt_handler  main.o
    0x00022088   0x00000030   Code   RO           13    i.gatt_init         main.o
    0x000220b8   0x00000058   Code   RO         1812    i.gpiote_event_handler  app_button.o
    0x00022110   0x00000078   Code   RO         2964    i.intern_softdevice_events_execute  softdevice_handler.o
    0x00022188   0x00000078   Code   RO         1571    i.interrupts_enable  nrf_drv_uart.o
    0x00022200   0x0000001c   Code   RO          829    i.is_conn_params_ok  ble_conn_params.o
    0x0002221c   0x00000030   Code   RO          461    i.leds_off          bsp.o
    0x0002224c   0x00000014   Code   RO          462    i.leds_timer_handler  bsp.o
    0x00022260   0x00000018   Code   RO          952    i.link_init         nrf_ble_gatt.o
    0x00022278   0x000000f8   Code   RO         2084    i.list_insertions_handler  app_timer.o
    0x00022370   0x0000017c   Code   RO           14    i.main              main.o
    0x000224ec   0x00000064   Code   RO          655    i.manuf_specific_data_encode  ble_advdata.o
    0x00022550   0x0000009c   Code   RO          656    i.name_encode       ble_advdata.o
    0x000225ec   0x00000010   Code   RO         1330    i.nrf_bitmask_bit_is_set  nrf_drv_gpiote.o
    0x000225fc   0x00000018   Code   RO          954    i.nrf_ble_gatt_att_mtu_periph_set  nrf_ble_gatt.o
    0x00022614   0x0000002c   Code   RO          958    i.nrf_ble_gatt_init  nrf_ble_gatt.o
    0x00022640   0x000000a4   Code   RO          959    i.nrf_ble_gatt_on_ble_evt  nrf_ble_gatt.o
    0x000226e4   0x0000000e   Code   RO         1111    i.nrf_clock_event_check  nrf_drv_clock.o
    0x000226f2   0x00000010   Code   RO         1112    i.nrf_clock_event_clear  nrf_drv_clock.o
    0x00022702   0x00000002   PAD
    0x00022704   0x0000008c   Code   RO         2085    i.nrf_delay_us      app_timer.o
    0x00022790   0x00000048   Code   RO         1119    i.nrf_drv_clock_init  nrf_drv_clock.o
    0x000227d8   0x00000030   Code   RO         1126    i.nrf_drv_clock_on_sd_enable  nrf_drv_clock.o
    0x00022808   0x0000000a   Code   RO         1127    i.nrf_drv_clock_on_soc_event  nrf_drv_clock.o
    0x00022812   0x00000038   Code   RO         1280    i.nrf_drv_common_irq_enable  nrf_drv_common.o
    0x0002284a   0x00000006   Code   RO         1573    i.nrf_drv_get_IRQn  nrf_drv_uart.o
    0x00022850   0x000000a4   Code   RO         1335    i.nrf_drv_gpiote_in_event_enable  nrf_drv_gpiote.o
    0x000228f4   0x000000b8   Code   RO         1336    i.nrf_drv_gpiote_in_init  nrf_drv_gpiote.o
    0x000229ac   0x00000014   Code   RO         1337    i.nrf_drv_gpiote_in_is_set  nrf_drv_gpiote.o
    0x000229c0   0x0000005c   Code   RO         1339    i.nrf_drv_gpiote_init  nrf_drv_gpiote.o
    0x00022a1c   0x00000014   Code   RO         1340    i.nrf_drv_gpiote_is_init  nrf_drv_gpiote.o
    0x00022a30   0x00000010   Code   RO         1574    i.nrf_drv_is_in_RAM  nrf_drv_uart.o
    0x00022a40   0x00000068   Code   RO         1576    i.nrf_drv_uart_init  nrf_drv_uart.o
    0x00022aa8   0x000000b0   Code   RO         1577    i.nrf_drv_uart_rx   nrf_drv_uart.o
    0x00022b58   0x00000030   Code   RO         1580    i.nrf_drv_uart_rx_enable  nrf_drv_uart.o
    0x00022b88   0x000000a8   Code   RO         1581    i.nrf_drv_uart_rx_for_uart  nrf_drv_uart.o
    0x00022c30   0x000000b0   Code   RO         1582    i.nrf_drv_uart_rx_for_uarte  nrf_drv_uart.o
    0x00022ce0   0x0000010c   Code   RO         1584    i.nrf_drv_uart_tx   nrf_drv_uart.o
    0x00022dec   0x00000018   Code   RO         1586    i.nrf_drv_uart_tx_in_progress  nrf_drv_uart.o
    0x00022e04   0x00000024   Code   RO          346    i.nrf_gpio_cfg      boards.o
    0x00022e28   0x00000024   Code   RO         1354    i.nrf_gpio_cfg      nrf_drv_gpiote.o
    0x00022e4c   0x00000024   Code   RO         1588    i.nrf_gpio_cfg      nrf_drv_uart.o
    0x00022e70   0x00000012   Code   RO         1590    i.nrf_gpio_cfg_input  nrf_drv_uart.o
    0x00022e82   0x00000014   Code   RO         1591    i.nrf_gpio_cfg_output  nrf_drv_uart.o
    0x00022e96   0x00000022   Code   RO          463    i.nrf_gpio_cfg_sense_set  bsp.o
    0x00022eb8   0x00000022   Code   RO         1356    i.nrf_gpio_cfg_sense_set  nrf_drv_gpiote.o
    0x00022eda   0x00000016   Code   RO          347    i.nrf_gpio_pin_write  boards.o
    0x00022ef0   0x00000028   Code   RO         1357    i.nrf_gpio_ports_read  nrf_drv_gpiote.o
    0x00022f18   0x00000014   Code   RO         1358    i.nrf_gpiote_event_clear  nrf_drv_gpiote.o
    0x00022f2c   0x00000010   Code   RO         1359    i.nrf_gpiote_event_is_set  nrf_drv_gpiote.o
    0x00022f3c   0x00000008   Code   RO         2596    i.nrf_log_backend_hexdump_handler_get  nrf_log_backend_serial.o
    0x00022f44   0x00000024   Code   RO         2597    i.nrf_log_backend_init  nrf_log_backend_serial.o
    0x00022f68   0x0000011c   Code   RO         2598    i.nrf_log_backend_serial_hexdump_handler  nrf_log_backend_serial.o
    0x00023084   0x00000108   Code   RO         2599    i.nrf_log_backend_serial_std_handler  nrf_log_backend_serial.o
    0x0002318c   0x00000008   Code   RO         2600    i.nrf_log_backend_std_handler_get  nrf_log_backend_serial.o
    0x00023194   0x00000018   Code   RO         2686    i.nrf_log_direct_feed  nrf_log_frontend.o
    0x000231ac   0x00000034   Code   RO         2688    i.nrf_log_frontend_hexdump  nrf_log_frontend.o
    0x000231e0   0x00000008   Code   RO         2690    i.nrf_log_frontend_std_0  nrf_log_frontend.o
    0x000231e8   0x0000000e   Code   RO         2691    i.nrf_log_frontend_std_1  nrf_log_frontend.o
    0x000231f6   0x00000010   Code   RO         2692    i.nrf_log_frontend_std_2  nrf_log_frontend.o
    0x00023206   0x00000012   Code   RO         2693    i.nrf_log_frontend_std_3  nrf_log_frontend.o
    0x00023218   0x0000000c   Code   RO         2698    i.nrf_log_handlers_set  nrf_log_frontend.o
    0x00023224   0x00000022   Code   RO         2699    i.nrf_log_init      nrf_log_frontend.o
    0x00023246   0x0000000a   Code   RO         1592    i.nrf_uart_event_check  nrf_drv_uart.o
    0x00023250   0x0000000c   Code   RO         1593    i.nrf_uart_event_clear  nrf_drv_uart.o
    0x0002325c   0x0000000c   Code   RO         1594    i.nrf_uart_int_enable_check  nrf_drv_uart.o
    0x00023268   0x0000000a   Code   RO         1595    i.nrf_uarte_event_check  nrf_drv_uart.o
    0x00023272   0x0000000c   Code   RO         1596    i.nrf_uarte_event_clear  nrf_drv_uart.o
    0x0002327e   0x00000002   PAD
    0x00023280   0x00000228   Code   RO           15    i.nus_data_handler  main.o
    0x000234a8   0x00000024   Code   RO           16    i.on_adv_evt        main.o
    0x000234cc   0x00000130   Code   RO           17    i.on_ble_evt        main.o
    0x000235fc   0x0000001c   Code   RO           18    i.on_conn_params_evt  main.o
    0x00023618   0x000000ac   Code   RO          960    i.on_connected_evt  nrf_ble_gatt.o
    0x000236c4   0x00000128   Code   RO          961    i.on_data_length_update_evt  nrf_ble_gatt.o
    0x000237ec   0x00000058   Code   RO          962    i.on_data_length_update_request_evt  nrf_ble_gatt.o
    0x00023844   0x0000008c   Code   RO          963    i.on_exchange_mtu_request_evt  nrf_ble_gatt.o
    0x000238d0   0x00000060   Code   RO          964    i.on_exchange_mtu_rsp_evt  nrf_ble_gatt.o
    0x00023930   0x00000018   Code   RO         1360    i.pin_in_use_by_port  nrf_drv_gpiote.o
    0x00023948   0x00000018   Code   RO         1361    i.pin_in_use_by_te  nrf_drv_gpiote.o
    0x00023960   0x0000003c   Code   RO         2086    i.rtc1_stop         app_timer.o
    0x0002399c   0x00000032   Code   RO         1598    i.rx_byte           nrf_drv_uart.o
    0x000239ce   0x000000a2   Code   RO         1062    i.rx_char_add       ble_nus.o
    0x00023a70   0x00000018   Code   RO         1599    i.rx_done_event     nrf_drv_uart.o
    0x00023a88   0x00000020   Code   RO         1600    i.rx_enable         nrf_drv_uart.o
    0x00023aa8   0x00000070   Code   RO         2965    i.sd_nvic_EnableIRQ  softdevice_handler.o
    0x00023b18   0x0000002e   Code   RO         2601    i.serial_tx         nrf_log_backend_serial.o
    0x00023b46   0x00000002   PAD
    0x00023b48   0x00000088   Code   RO          657    i.service_data_encode  ble_advdata.o
    0x00023bd0   0x00000048   Code   RO          737    i.set_adv_mode_fast  ble_advertising.o
    0x00023c18   0x00000044   Code   RO          738    i.set_adv_mode_slow  ble_advertising.o
    0x00023c5c   0x00000028   Code   RO           19    i.sleep_mode_enter  main.o
    0x00023c84   0x00000014   Code   RO         2966    i.softdevice_app_ram_start_get  softdevice_handler.o
    0x00023c98   0x00000014   Code   RO         2967    i.softdevice_ble_evt_handler_set  softdevice_handler.o
    0x00023cac   0x00000118   Code   RO         2968    i.softdevice_enable  softdevice_handler.o
    0x00023dc4   0x00000004   Code   RO         2969    i.softdevice_fault_handler  softdevice_handler.o
    0x00023dc8   0x00000064   Code   RO         2970    i.softdevice_handler_init  softdevice_handler.o
    0x00023e2c   0x0000000c   Code   RO         2971    i.softdevice_handler_is_enabled  softdevice_handler.o
    0x00023e38   0x00000080   Code   RO         2087    i.timer_list_handler  app_timer.o
    0x00023eb8   0x0000003c   Code   RO         2088    i.timer_list_insert  app_timer.o
    0x00023ef4   0x00000060   Code   RO         2089    i.timer_list_remove  app_timer.o
    0x00023f54   0x00000048   Code   RO         2090    i.timer_stop_op_schedule  app_timer.o
    0x00023f9c   0x00000074   Code   RO         2091    i.timer_timeouts_check  app_timer.o
    0x00024010   0x00000034   Code   RO         2602    i.timestamp_process  nrf_log_backend_serial.o
    0x00024044   0x00000020   Code   RO         1601    i.tx_byte           nrf_drv_uart.o
    0x00024064   0x000000da   Code   RO         1063    i.tx_char_add       ble_nus.o
    0x0002413e   0x0000001c   Code   RO         1602    i.tx_done_event     nrf_drv_uart.o
    0x0002415a   0x00000002   PAD
    0x0002415c   0x000000b4   Code   RO           20    i.uart_event_handle  main.o
    0x00024210   0x000000a0   Code   RO         2241    i.uart_event_handler  app_uart_fifo.o
    0x000242b0   0x0000011e   Code   RO         1603    i.uart_irq_handler  nrf_drv_uart.o
    0x000243ce   0x000000f0   Code   RO         1604    i.uarte_irq_handler  nrf_drv_uart.o
    0x000244be   0x0000000a   Code   RO          658    i.uint16_encode     ble_advdata.o
    0x000244c8   0x00000060   Code   RO          830    i.update_timeout_handler  ble_conn_params.o
    0x00024528   0x00000030   Code   RO         2092    i.user_op_alloc     app_timer.o
    0x00024558   0x00000030   Code   RO          659    i.uuid_list_encode  ble_advdata.o
    0x00024588   0x0000009e   Code   RO          660    i.uuid_list_sized_encode  ble_advdata.o
    0x00024626   0x00000002   PAD
    0x00024628   0x0000001c   Data   RO           22    .constdata          main.o
    0x00024644   0x00000008   Data   RO          348    .constdata          boards.o
    0x0002464c   0x0000002c   Data   RO          468    .constdata          bsp.o
    0x00024678   0x00000004   Data   RO          833    .constdata          ble_conn_params.o
    0x0002467c   0x00000016   Data   RO          965    .constdata          nrf_ble_gatt.o
    0x00024692   0x00000002   PAD
    0x00024694   0x00000010   Data   RO         1064    .constdata          ble_nus.o
    0x000246a4   0x00000004   Data   RO         1363    .constdata          nrf_drv_gpiote.o
    0x000246a8   0x00000008   Data   RO         1814    .constdata          app_button.o
    0x000246b0   0x00000020   Data   RO         2243    .constdata          app_uart_fifo.o
    0x000246d0   0x00000081   Data   RO         3148    .constdata          mc_w.l(ctype_o.o)
    0x00024751   0x00000003   PAD
    0x00024754   0x00000004   Data   RO         3149    .constdata          mc_w.l(ctype_o.o)
    0x00024758   0x00000045   Data   RO           23    .conststring        main.o
    0x0002479d   0x00000003   PAD
    0x000247a0   0x000004c7   Data   RO          966    .conststring        nrf_ble_gatt.o
    0x00024c67   0x00000001   PAD
    0x00024c68   0x00000020   Data   RO         3491    Region$$Table       anon$$obj.o


    Execution Region RW_IRAM1 (Base: 0x200025f8, Size: 0x00002aa8, Max: 0x0000da08, ABSOLUTE)

    Base Addr    Size         Type   Attr      Idx    E Section Name        Object

    0x200025f8   0x0000000a   Data   RW           24    .data               main.o
    0x20002602   0x00000002   PAD
    0x20002604   0x00000010   Data   RW          469    .data               bsp.o
    0x20002614   0x00000008   Data   RW          573    .data               bsp_btn_ble.o
    0x2000261c   0x0000001f   Data   RW          740    .data               ble_advertising.o
    0x2000263b   0x00000001   PAD
    0x2000263c   0x00000014   Data   RW          834    .data               ble_conn_params.o
    0x20002650   0x00000014   Data   RW         1815    .data               app_button.o
    0x20002664   0x00000014   Data   RW         2094    .data               app_timer.o
    0x20002678   0x00000010   Data   RW         2244    .data               app_uart_fifo.o
    0x20002688   0x00000004   Data   RW         2558    .data               retarget.o
    0x2000268c   0x00000002   Data   RW         2604    .data               nrf_log_backend_serial.o
    0x2000268e   0x00000002   PAD
    0x20002690   0x00000014   Data   RW         2977    .data               softdevice_handler.o
    0x200026a4   0x00000004   Data   RW         3111    .data               system_nrf52.o
    0x200026a8   0x000003ac   Zero   RW           21    .bss                main.o
    0x20002a54   0x00000020   Zero   RW          464    .bss                bsp.o
    0x20002a74   0x00000020   Zero   RW          465    .bss                bsp.o
    0x20002a94   0x0000000c   Zero   RW          466    .bss                bsp.o
    0x20002aa0   0x00000020   Zero   RW          467    .bss                bsp.o
    0x20002ac0   0x000000b3   Zero   RW          739    .bss                ble_advertising.o
    0x20002b73   0x00000001   PAD
    0x20002b74   0x00000020   Zero   RW          831    .bss                ble_conn_params.o
    0x20002b94   0x0000001c   Zero   RW          832    .bss                ble_conn_params.o
    0x20002bb0   0x00000014   Zero   RW         1129    .bss                nrf_drv_clock.o
    0x20002bc4   0x00000058   Zero   RW         1362    .bss                nrf_drv_gpiote.o
    0x20002c1c   0x00000020   Zero   RW         1605    .bss                nrf_drv_uart.o
    0x20002c3c   0x00000020   Zero   RW         1813    .bss                app_button.o
    0x20002c5c   0x0000010c   Zero   RW         2093    .bss                app_timer.o
    0x20002d68   0x00000020   Zero   RW         2242    .bss                app_uart_fifo.o
    0x20002d88   0x0000000c   Zero   RW         2308    .bss                app_util_platform.o
    0x20002d94   0x00000068   Zero   RW         2385    .bss                fstorage.o
    0x20002dfc   0x0000001c   Zero   RW         2701    .bss                nrf_log_frontend.o
    0x20002e18   0x00000288   Zero   RW         2828    .bss                segger_rtt.o
    0x200030a0   0x00002000   Zero   RW         3099    STACK               arm_startup_nrf52.o


==============================================================================

Image component sizes


      Code (inc. data)   RO Data    RW Data    ZI Data      Debug   Object Name

       332         34          8         20         32      10370   app_button.o
        22          0          0          0          0       2297   app_error.o
        96         54          0          0          0      27393   app_error_weak.o
       118          0          0          0          0       5182   app_fifo.o
         0          0          0          0          0      20788   app_scheduler.o
      1630        122          0         20        268      48351   app_timer.o
       452         42         32         16         32      11070   app_uart_fifo.o
       124         14          0          0         12       9594   app_util_platform.o
        36          8        512          0       8192        952   arm_startup_nrf52.o
      1330          0          0          0          0      35964   ble_advdata.o
       940         66          0         31        179      11599   ble_advertising.o
       436         54          4         20         60       6032   ble_conn_params.o
       650          6         16          0          0       6126   ble_nus.o
         8          0          0          0          0       1506   ble_srv_common.o
       318         42          8          0          0      13760   boards.o
       960         84         44         16        108      15843   bsp.o
       252         10          0          8          0       5125   bsp_btn_ble.o
        20          4          0          0        104       3884   fstorage.o
      2130        500         97         10        940     142566   main.o
      1048        238       1245          0          0      34272   nrf_ble_gatt.o
       288         22          0          0         20      13108   nrf_drv_clock.o
        56          0          0          0          0      27583   nrf_drv_common.o
      1178         84          4          0         88      30992   nrf_drv_gpiote.o
      2140         66          0          0         32      43297   nrf_drv_uart.o
       716         30          0          2          0      10107   nrf_log_backend_serial.o
       178         12          0          0         28       9699   nrf_log_frontend.o
        14          0          0          4          0       2950   retarget.o
       390         40          0          0        648       8813   segger_rtt.o
       784        248          0         20          0      43187   softdevice_handler.o
       796         70          0          4          0       3107   system_nrf52.o

    ----------------------------------------------------------------------
     17468       1850       2008        176      10744     605517   Object Totals
         0          0         32          0          0          0   (incl. Generated)
        26          0          6          5          1          0   (incl. Padding)

    ----------------------------------------------------------------------

      Code (inc. data)   RO Data    RW Data    ZI Data      Debug   Library Member Name

         8          4        133          0          0         68   ctype_o.o
         0          0          0          0          0          0   entry.o
         0          0          0          0          0          0   entry10a.o
         0          0          0          0          0          0   entry11a.o
         8          4          0          0          0          0   entry2.o
         4          0          0          0          0          0   entry5.o
         0          0          0          0          0          0   entry7b.o
         0          0          0          0          0          0   entry8b.o
         8          4          0          0          0          0   entry9a.o
        30          0          0          0          0          0   handlers.o
        36          8          0          0          0         68   init.o
         0          0          0          0          0          0   iusefp.o
        30          0          0          0          0         68   llshl.o
        36          0          0          0          0         68   llsshr.o
        32          0          0          0          0         68   llushr.o
        36          0          0          0          0         68   memcpya.o
        36          0          0          0          0        108   memseta.o
      2328         94          0          0          0        604   printfa.o
        18          0          0          0          0         68   strcpy.o
        14          0          0          0          0         68   strlen.o
        44          0          0          0          0         80   uidiv.o
        98          0          0          0          0         92   uldiv.o
        48          0          0          0          0         68   cdrcmple.o
        56          0          0          0          0         88   d2f.o
       334          0          0          0          0        148   dadd.o
       222          0          0          0          0        100   ddiv.o
       186          0          0          0          0        176   depilogue.o
        48          0          0          0          0         68   dfixul.o
        34          0          0          0          0         76   dflti.o
       228          0          0          0          0         96   dmul.o
        38          0          0          0          0         68   f2d.o
       110          0          0          0          0        168   fepilogue.o

    ----------------------------------------------------------------------
      4076        114        136          0          0       2484   Library Totals
         6          0          3          0          0          0   (incl. Padding)

    ----------------------------------------------------------------------

      Code (inc. data)   RO Data    RW Data    ZI Data      Debug   Library Name

      2766        114        133          0          0       1428   mc_w.l
      1304          0          0          0          0       1056   mf_w.l

    ----------------------------------------------------------------------
      4076        114        136          0          0       2484   Library Totals

    ----------------------------------------------------------------------

==============================================================================


      Code (inc. data)   RO Data    RW Data    ZI Data      Debug   

     21544       1964       2144        176      10744     586557   Grand Totals
     21544       1964       2144        176      10744     586557   ELF Image Totals
     21544       1964       2144        176          0          0   ROM Totals

==============================================================================

    Total RO  Size (Code + RO Data)                23688 (  23.13kB)
    Total RW  Size (RW Data + ZI Data)             10920 (  10.66kB)
    Total ROM Size (Code + RO Data + RW Data)      23864 (  23.30kB)

==============================================================================

